../Drivers/CMSIS/Include/core_cm4.h:1684:22:__NVIC_EnableIRQ	16	static,ignoring_inline_asm
../Drivers/CMSIS/Include/core_cm4.h:1722:22:__NVIC_DisableIRQ	16	static,ignoring_inline_asm
../Core/Src/bsp_lora.c:23:6:bsp_lora_enter_safe_mode	8	static
../Core/Src/bsp_lora.c:31:6:bsp_lora_exit_safe_mode	8	static
../Core/Src/bsp_lora.c:40:6:STM_LOG	32	static
../Core/Src/bsp_lora.c:47:5:bsp_lora_spi_is_free	4	static
../Core/Src/bsp_lora.c:54:6:bsp_lora_set_receive_mode	8	static
../Core/Src/bsp_lora.c:60:6:bsp_lora_set_cad_mode	8	static
../Core/Src/bsp_lora.c:71:9:bsp_lora_check_cad	16	static
../Core/Src/bsp_lora.c:84:6:bsp_lora_init	64	static
../Core/Src/bsp_lora.c:118:10:checksum_calculate	24	static
../Core/Src/bsp_lora.c:136:6:bsp_lora_send_packet	32	static
../Core/Src/bsp_lora.c:160:5:lora_network_get_index_of_receive_packet	16	static
../Core/Src/bsp_lora.c:168:5:lora_network_check_cmd_in_receive_packet	24	static
../Core/Src/bsp_lora.c:176:5:lora_network_check_id_in_receive_packet	24	static
../Core/Src/bsp_lora.c:184:5:lora_network_get_index_of_send_packet	16	static
../Core/Src/bsp_lora.c:192:5:lora_network_check_cmd_in_send_packet	24	static
../Core/Src/bsp_lora.c:200:5:lora_network_check_id_in_send_packet	24	static
../Core/Src/bsp_lora.c:208:6:lora_network_remove_packet_in_send_packet	40	static
../Core/Src/bsp_lora.c:215:5:bsp_lora_send_packet_to_device	72	static
../Core/Src/bsp_lora.c:232:6:bsp_lora_resend_packet	56	static
../Core/Src/bsp_lora.c:274:13:bsp_lora_handle_payload	16	static
../Core/Src/bsp_lora.c:282:6:bsp_lora_receive_packet	216	static
