Archive member included to satisfy reference by file (symbol)

D:/Program File 2/ST/STM32CubeIDE_1.16.1/STM32CubeIDE/plugins/com.st.stm32cube.ide.mcu.externaltools.gnu-tools-for-stm32.12.3.rel1.win32_1.0.200.202406191623/tools/bin/../lib/gcc/arm-none-eabi/12.3.1/../../../../arm-none-eabi/lib/thumb/v7e-m+fp/hard\libc_nano.a(libc_a-exit.o)
                              D:/Program File 2/ST/STM32CubeIDE_1.16.1/STM32CubeIDE/plugins/com.st.stm32cube.ide.mcu.externaltools.gnu-tools-for-stm32.12.3.rel1.win32_1.0.200.202406191623/tools/bin/../lib/gcc/arm-none-eabi/12.3.1/../../../../arm-none-eabi/lib/thumb/v7e-m+fp/hard/crt0.o (exit)
D:/Program File 2/ST/STM32CubeIDE_1.16.1/STM32CubeIDE/plugins/com.st.stm32cube.ide.mcu.externaltools.gnu-tools-for-stm32.12.3.rel1.win32_1.0.200.202406191623/tools/bin/../lib/gcc/arm-none-eabi/12.3.1/../../../../arm-none-eabi/lib/thumb/v7e-m+fp/hard\libc_nano.a(libc_a-malloc.o)
                              ./Core/Src/bsp_lora.o (malloc)
D:/Program File 2/ST/STM32CubeIDE_1.16.1/STM32CubeIDE/plugins/com.st.stm32cube.ide.mcu.externaltools.gnu-tools-for-stm32.12.3.rel1.win32_1.0.200.202406191623/tools/bin/../lib/gcc/arm-none-eabi/12.3.1/../../../../arm-none-eabi/lib/thumb/v7e-m+fp/hard\libc_nano.a(libc_a-mallocr.o)
                              D:/Program File 2/ST/STM32CubeIDE_1.16.1/STM32CubeIDE/plugins/com.st.stm32cube.ide.mcu.externaltools.gnu-tools-for-stm32.12.3.rel1.win32_1.0.200.202406191623/tools/bin/../lib/gcc/arm-none-eabi/12.3.1/../../../../arm-none-eabi/lib/thumb/v7e-m+fp/hard\libc_nano.a(libc_a-malloc.o) (_malloc_r)
D:/Program File 2/ST/STM32CubeIDE_1.16.1/STM32CubeIDE/plugins/com.st.stm32cube.ide.mcu.externaltools.gnu-tools-for-stm32.12.3.rel1.win32_1.0.200.202406191623/tools/bin/../lib/gcc/arm-none-eabi/12.3.1/../../../../arm-none-eabi/lib/thumb/v7e-m+fp/hard\libc_nano.a(libc_a-mlock.o)
                              D:/Program File 2/ST/STM32CubeIDE_1.16.1/STM32CubeIDE/plugins/com.st.stm32cube.ide.mcu.externaltools.gnu-tools-for-stm32.12.3.rel1.win32_1.0.200.202406191623/tools/bin/../lib/gcc/arm-none-eabi/12.3.1/../../../../arm-none-eabi/lib/thumb/v7e-m+fp/hard\libc_nano.a(libc_a-mallocr.o) (__malloc_lock)
D:/Program File 2/ST/STM32CubeIDE_1.16.1/STM32CubeIDE/plugins/com.st.stm32cube.ide.mcu.externaltools.gnu-tools-for-stm32.12.3.rel1.win32_1.0.200.202406191623/tools/bin/../lib/gcc/arm-none-eabi/12.3.1/../../../../arm-none-eabi/lib/thumb/v7e-m+fp/hard\libc_nano.a(libc_a-findfp.o)
                              D:/Program File 2/ST/STM32CubeIDE_1.16.1/STM32CubeIDE/plugins/com.st.stm32cube.ide.mcu.externaltools.gnu-tools-for-stm32.12.3.rel1.win32_1.0.200.202406191623/tools/bin/../lib/gcc/arm-none-eabi/12.3.1/../../../../arm-none-eabi/lib/thumb/v7e-m+fp/hard\libc_nano.a(libc_a-exit.o) (__stdio_exit_handler)
D:/Program File 2/ST/STM32CubeIDE_1.16.1/STM32CubeIDE/plugins/com.st.stm32cube.ide.mcu.externaltools.gnu-tools-for-stm32.12.3.rel1.win32_1.0.200.202406191623/tools/bin/../lib/gcc/arm-none-eabi/12.3.1/../../../../arm-none-eabi/lib/thumb/v7e-m+fp/hard\libc_nano.a(libc_a-fwalk.o)
                              D:/Program File 2/ST/STM32CubeIDE_1.16.1/STM32CubeIDE/plugins/com.st.stm32cube.ide.mcu.externaltools.gnu-tools-for-stm32.12.3.rel1.win32_1.0.200.202406191623/tools/bin/../lib/gcc/arm-none-eabi/12.3.1/../../../../arm-none-eabi/lib/thumb/v7e-m+fp/hard\libc_nano.a(libc_a-findfp.o) (_fwalk_sglue)
D:/Program File 2/ST/STM32CubeIDE_1.16.1/STM32CubeIDE/plugins/com.st.stm32cube.ide.mcu.externaltools.gnu-tools-for-stm32.12.3.rel1.win32_1.0.200.202406191623/tools/bin/../lib/gcc/arm-none-eabi/12.3.1/../../../../arm-none-eabi/lib/thumb/v7e-m+fp/hard\libc_nano.a(libc_a-sprintf.o)
                              ./Core/Src/bsp_lora.o (sprintf)
D:/Program File 2/ST/STM32CubeIDE_1.16.1/STM32CubeIDE/plugins/com.st.stm32cube.ide.mcu.externaltools.gnu-tools-for-stm32.12.3.rel1.win32_1.0.200.202406191623/tools/bin/../lib/gcc/arm-none-eabi/12.3.1/../../../../arm-none-eabi/lib/thumb/v7e-m+fp/hard\libc_nano.a(libc_a-stdio.o)
                              D:/Program File 2/ST/STM32CubeIDE_1.16.1/STM32CubeIDE/plugins/com.st.stm32cube.ide.mcu.externaltools.gnu-tools-for-stm32.12.3.rel1.win32_1.0.200.202406191623/tools/bin/../lib/gcc/arm-none-eabi/12.3.1/../../../../arm-none-eabi/lib/thumb/v7e-m+fp/hard\libc_nano.a(libc_a-findfp.o) (__sread)
D:/Program File 2/ST/STM32CubeIDE_1.16.1/STM32CubeIDE/plugins/com.st.stm32cube.ide.mcu.externaltools.gnu-tools-for-stm32.12.3.rel1.win32_1.0.200.202406191623/tools/bin/../lib/gcc/arm-none-eabi/12.3.1/../../../../arm-none-eabi/lib/thumb/v7e-m+fp/hard\libc_nano.a(libc_a-memset.o)
                              D:/Program File 2/ST/STM32CubeIDE_1.16.1/STM32CubeIDE/plugins/com.st.stm32cube.ide.mcu.externaltools.gnu-tools-for-stm32.12.3.rel1.win32_1.0.200.202406191623/tools/bin/../lib/gcc/arm-none-eabi/12.3.1/../../../../arm-none-eabi/lib/thumb/v7e-m+fp/hard/crt0.o (memset)
[...]
Memory Configuration

Name             Origin             Length             Attributes
RAM              0x20000000         0x00020000         xrw
FLASH            0x08000000         0x00080000         xr
*default*        0x00000000         0xffffffff

Linker script and memory map

LOAD D:/Program File 2/ST/STM32CubeIDE_1.16.1/STM32CubeIDE/plugins/com.st.stm32cube.ide.mcu.externaltools.gnu-tools-for-stm32.12.3.rel1.win32_1.0.200.202406191623/tools/bin/../lib/gcc/arm-none-eabi/12.3.1/thumb/v7e-m+fp/hard/crti.o
LOAD D:/Program File 2/ST/STM32CubeIDE_1.16.1/STM32CubeIDE/plugins/com.st.stm32cube.ide.mcu.externaltools.gnu-tools-for-stm32.12.3.rel1.win32_1.0.200.202406191623/tools/bin/../lib/gcc/arm-none-eabi/12.3.1/thumb/v7e-m+fp/hard/crtbegin.o
LOAD D:/Program File 2/ST/STM32CubeIDE_1.16.1/STM32CubeIDE/plugins/com.st.stm32cube.ide.mcu.externaltools.gnu-tools-for-stm32.12.3.rel1.win32_1.0.200.202406191623/tools/bin/../lib/gcc/arm-none-eabi/12.3.1/../../../../arm-none-eabi/lib/thumb/v7e-m+fp/hard/crt0.o
LOAD ./Core/Src/LoRa.o
LOAD ./Core/Src/bsp_lora.o
LOAD ./Core/Src/bsp_sim.o
LOAD ./Core/Src/lora_network_node.o
LOAD ./Core/Src/main.o
LOAD ./Core/Src/stm32f4xx_hal_msp.o
LOAD ./Core/Src/stm32f4xx_hal_timebase_tim.o
LOAD ./Core/Src/stm32f4xx_it.o
LOAD ./Core/Src/syscalls.o
LOAD ./Core/Src/sysmem.o
LOAD ./Core/Src/system_stm32f4xx.o
LOAD ./Core/Startup/startup_stm32f411ceux.o
LOAD ./Drivers/STM32F4xx_HAL_Driver/Src/stm32f4xx_hal.o
LOAD ./Drivers/STM32F4xx_HAL_Driver/Src/stm32f4xx_hal_cortex.o
LOAD ./Drivers/STM32F4xx_HAL_Driver/Src/stm32f4xx_hal_dma.o
LOAD ./Drivers/STM32F4xx_HAL_Driver/Src/stm32f4xx_hal_dma_ex.o
LOAD ./Drivers/STM32F4xx_HAL_Driver/Src/stm32f4xx_hal_exti.o
LOAD ./Drivers/STM32F4xx_HAL_Driver/Src/stm32f4xx_hal_flash.o
LOAD ./Drivers/STM32F4xx_HAL_Driver/Src/stm32f4xx_hal_flash_ex.o
LOAD ./Drivers/STM32F4xx_HAL_Driver/Src/stm32f4xx_hal_flash_ramfunc.o
LOAD ./Drivers/STM32F4xx_HAL_Driver/Src/stm32f4xx_hal_gpio.o
LOAD ./Drivers/STM32F4xx_HAL_Driver/Src/stm32f4xx_hal_i2c.o
LOAD ./Drivers/STM32F4xx_HAL_Driver/Src/stm32f4xx_hal_i2c_ex.o
LOAD ./Drivers/STM32F4xx_HAL_Driver/Src/stm32f4xx_hal_pwr.o
LOAD ./Drivers/STM32F4xx_HAL_Driver/Src/stm32f4xx_hal_pwr_ex.o
LOAD ./Drivers/STM32F4xx_HAL_Driver/Src/stm32f4xx_hal_rcc.o
LOAD ./Drivers/STM32F4xx_HAL_Driver/Src/stm32f4xx_hal_rcc_ex.o
LOAD ./Drivers/STM32F4xx_HAL_Driver/Src/stm32f4xx_hal_spi.o
LOAD ./Drivers/STM32F4xx_HAL_Driver/Src/stm32f4xx_hal_tim.o
LOAD ./Drivers/STM32F4xx_HAL_Driver/Src/stm32f4xx_hal_tim_ex.o
LOAD ./Drivers/STM32F4xx_HAL_Driver/Src/stm32f4xx_hal_uart.o
START GROUP
LOAD D:/Program File 2/ST/STM32CubeIDE_1.16.1/STM32CubeIDE/plugins/com.st.stm32cube.ide.mcu.externaltools.gnu-tools-for-stm32.12.3.rel1.win32_1.0.200.202406191623/tools/bin/../lib/gcc/arm-none-eabi/12.3.1/../../../../arm-none-eabi/lib/thumb/v7e-m+fp/hard\libc_nano.a
LOAD D:/Program File 2/ST/STM32CubeIDE_1.16.1/STM32CubeIDE/plugins/com.st.stm32cube.ide.mcu.externaltools.gnu-tools-for-stm32.12.3.rel1.win32_1.0.200.202406191623/tools/bin/../lib/gcc/arm-none-eabi/12.3.1/../../../../arm-none-eabi/lib/thumb/v7e-m+fp/hard\libm.a
END GROUP
START GROUP
LOAD D:/Program File 2/ST/STM32CubeIDE_1.16.1/STM32CubeIDE/plugins/com.st.stm32cube.ide.mcu.externaltools.gnu-tools-for-stm32.12.3.rel1.win32_1.0.200.202406191623/tools/bin/../lib/gcc/arm-none-eabi/12.3.1/thumb/v7e-m+fp/hard\libgcc.a
LOAD D:/Program File 2/ST/STM32CubeIDE_1.16.1/STM32CubeIDE/plugins/com.st.stm32cube.ide.mcu.externaltools.gnu-tools-for-stm32.12.3.rel1.win32_1.0.200.202406191623/tools/bin/../lib/gcc/arm-none-eabi/12.3.1/../../../../arm-none-eabi/lib/thumb/v7e-m+fp/hard\libc_nano.a
END GROUP
START GROUP
LOAD D:/Program File 2/ST/STM32CubeIDE_1.16.1/STM32CubeIDE/plugins/com.st.stm32cube.ide.mcu.externaltools.gnu-tools-for-stm32.12.3.rel1.win32_1.0.200.202406191623/tools/bin/../lib/gcc/arm-none-eabi/12.3.1/thumb/v7e-m+fp/hard\libgcc.a
LOAD D:/Program File 2/ST/STM32CubeIDE_1.16.1/STM32CubeIDE/plugins/com.st.stm32cube.ide.mcu.externaltools.gnu-tools-for-stm32.12.3.rel1.win32_1.0.200.202406191623/tools/bin/../lib/gcc/arm-none-eabi/12.3.1/../../../../arm-none-eabi/lib/thumb/v7e-m+fp/hard\libc_nano.a
LOAD D:/Program File 2/ST/STM32CubeIDE_1.16.1/STM32CubeIDE/plugins/com.st.stm32cube.ide.mcu.externaltools.gnu-tools-for-stm32.12.3.rel1.win32_1.0.200.202406191623/tools/bin/../lib/gcc/arm-none-eabi/12.3.1/../../../../arm-none-eabi/lib/thumb/v7e-m+fp/hard\libnosys.a
END GROUP
START GROUP
LOAD D:/Program File 2/ST/STM32CubeIDE_1.16.1/STM32CubeIDE/plugins/com.st.stm32cube.ide.mcu.externaltools.gnu-tools-for-stm32.12.3.rel1.win32_1.0.200.202406191623/tools/bin/../lib/gcc/arm-none-eabi/12.3.1/thumb/v7e-m+fp/hard\libgcc.a
LOAD D:/Program File 2/ST/STM32CubeIDE_1.16.1/STM32CubeIDE/plugins/com.st.stm32cube.ide.mcu.externaltools.gnu-tools-for-stm32.12.3.rel1.win32_1.0.200.202406191623/tools/bin/../lib/gcc/arm-none-eabi/12.3.1/../../../../arm-none-eabi/lib/thumb/v7e-m+fp/hard\libc_nano.a
LOAD D:/Program File 2/ST/STM32CubeIDE_1.16.1/STM32CubeIDE/plugins/com.st.stm32cube.ide.mcu.externaltools.gnu-tools-for-stm32.12.3.rel1.win32_1.0.200.202406191623/tools/bin/../lib/gcc/arm-none-eabi/12.3.1/../../../../arm-none-eabi/lib/thumb/v7e-m+fp/hard\libnosys.a
END GROUP
LOAD D:/Program File 2/ST/STM32CubeIDE_1.16.1/STM32CubeIDE/plugins/com.st.stm32cube.ide.mcu.externaltools.gnu-tools-for-stm32.12.3.rel1.win32_1.0.200.202406191623/tools/bin/../lib/gcc/arm-none-eabi/12.3.1/thumb/v7e-m+fp/hard/crtend.o
LOAD D:/Program File 2/ST/STM32CubeIDE_1.16.1/STM32CubeIDE/plugins/com.st.stm32cube.ide.mcu.externaltools.gnu-tools-for-stm32.12.3.rel1.win32_1.0.200.202406191623/tools/bin/../lib/gcc/arm-none-eabi/12.3.1/thumb/v7e-m+fp/hard/crtn.o
                0x20020000                        _estack = (ORIGIN (RAM) + LENGTH (RAM))
                0x00000200                        _Min_Heap_Size = 0x200
                0x00000400                        _Min_Stack_Size = 0x400

.isr_vector     0x08000000      0x198
                0x08000000                        . = ALIGN (0x4)
 *(.isr_vector)
 .isr_vector    0x08000000      0x198 ./Core/Startup/startup_stm32f411ceux.o
                0x08000000                g_pfnVectors
                0x08000198                        . = ALIGN (0x4)

.text           0x080001a0     0x72f4
                0x080001a0                        . = ALIGN (0x4)
 *(.text)
 .text          0x080001a0       0x40 D:/Program File 2/ST/STM32CubeIDE_1.16.1/STM32CubeIDE/plugins/com.st.stm32cube.ide.mcu.externaltools.gnu-tools-for-stm32.12.3.rel1.win32_1.0.200.202406191623/tools/bin/../lib/gcc/arm-none-eabi/12.3.1/thumb/v7e-m+fp/hard/crtbegin.o
 .text          0x080001e0       0xa0 D:/Program File 2/ST/STM32CubeIDE_1.16.1/STM32CubeIDE/plugins/com.st.stm32cube.ide.mcu.externaltools.gnu-tools-for-stm32.12.3.rel1.win32_1.0.200.202406191623/tools/bin/../lib/gcc/arm-none-eabi/12.3.1/../../../../arm-none-eabi/lib/thumb/v7e-m+fp/hard\libc_nano.a(libc_a-memchr.o)
                0x080001e0                memchr
 .text          0x08000280      0x378 D:/Program File 2/ST/STM32CubeIDE_1.16.1/STM32CubeIDE/plugins/com.st.stm32cube.ide.mcu.externaltools.gnu-tools-for-stm32.12.3.rel1.win32_1.0.200.202406191623/tools/bin/../lib/gcc/arm-none-eabi/12.3.1/thumb/v7e-m+fp/hard\libgcc.a(_arm_addsubdf3.o)
                0x08000280                __aeabi_drsub
                0x08000288                __aeabi_dsub
                0x08000288                __subdf3
                0x0800028c                __aeabi_dadd
                0x0800028c                __adddf3
                0x08000504                __floatunsidf
                0x08000504                __aeabi_ui2d
                0x08000524                __floatsidf
                0x08000524                __aeabi_i2d
                0x08000548                __aeabi_f2d
                0x08000548                __extendsfdf2
                0x0800058c                __floatundidf
                0x0800058c                __aeabi_ul2d
                0x0800059c                __floatdidf
                0x0800059c                __aeabi_l2d
 .text          0x080005f8      0x424 D:/Program File 2/ST/STM32CubeIDE_1.16.1/STM32CubeIDE/plugins/com.st.stm32cube.ide.mcu.externaltools.gnu-tools-for-stm32.12.3.rel1.win32_1.0.200.202406191623/tools/bin/../lib/gcc/arm-none-eabi/12.3.1/thumb/v7e-m+fp/hard\libgcc.a(_arm_muldivdf3.o)
                0x080005f8                __aeabi_dmul
                0x080005f8                __muldf3
                0x0800084c                __divdf3
                0x0800084c                __aeabi_ddiv
 .text          0x08000a1c       0x50 D:/Program File 2/ST/STM32CubeIDE_1.16.1/STM32CubeIDE/plugins/com.st.stm32cube.ide.mcu.externaltools.gnu-tools-for-stm32.12.3.rel1.win32_1.0.200.202406191623/tools/bin/../lib/gcc/arm-none-eabi/12.3.1/thumb/v7e-m+fp/hard\libgcc.a(_arm_fixdfsi.o)
                0x08000a1c                __aeabi_d2iz
                0x08000a1c                __fixdfsi
 .text          0x08000a6c       0x30 D:/Program File 2/ST/STM32CubeIDE_1.16.1/STM32CubeIDE/plugins/com.st.stm32cube.ide.mcu.externaltools.gnu-tools-for-stm32.12.3.rel1.win32_1.0.200.202406191623/tools/bin/../lib/gcc/arm-none-eabi/12.3.1/thumb/v7e-m+fp/hard\libgcc.a(_aeabi_uldivmod.o)
                0x08000a6c                __aeabi_uldivmod
 .text          0x08000a9c      0x2bc D:/Program File 2/ST/STM32CubeIDE_1.16.1/STM32CubeIDE/plugins/com.st.stm32cube.ide.mcu.externaltools.gnu-tools-for-stm32.12.3.rel1.win32_1.0.200.202406191623/tools/bin/../lib/gcc/arm-none-eabi/12.3.1/thumb/v7e-m+fp/hard\libgcc.a(_udivmoddi4.o)
                0x08000a9c                __udivmoddi4
 .text          0x08000d58        0x4 D:/Program File 2/ST/STM32CubeIDE_1.16.1/STM32CubeIDE/plugins/com.st.stm32cube.ide.mcu.externaltools.gnu-tools-for-stm32.12.3.rel1.win32_1.0.200.202406191623/tools/bin/../lib/gcc/arm-none-eabi/12.3.1/thumb/v7e-m+fp/hard\libgcc.a(_dvmd_tls.o)
                0x08000d58                __aeabi_idiv0
                0x08000d58                __aeabi_ldiv0
 *(.text*)
 .text.newLoRa  0x08000d5c       0x52 ./Core/Src/LoRa.o
                0x08000d5c                newLoRa
 .text.LoRa_reset
                0x08000dae       0x3c ./Core/Src/LoRa.o
                0x08000dae                LoRa_reset
 .text.LoRa_gotoMode
                0x08000dea       0xd8 ./Core/Src/LoRa.o
                0x08000dea                LoRa_gotoMode
 .text.LoRa_readReg
                0x08000ec2       0x7c ./Core/Src/LoRa.o
                0x08000ec2                LoRa_readReg
 .text.LoRa_writeReg
                0x08000f3e       0x92 ./Core/Src/LoRa.o
                0x08000f3e                LoRa_writeReg
 .text.LoRa_setLowDaraRateOptimization
                0x08000fd0       0x4a ./Core/Src/LoRa.o
                0x08000fd0                LoRa_setLowDaraRateOptimization
 *fill*         0x0800101a        0x2 
 .text.LoRa_setAutoLDO
                0x0800101c       0x6c ./Core/Src/LoRa.o
                0x0800101c                LoRa_setAutoLDO
 .text.LoRa_setFrequency
                0x08001088       0x60 ./Core/Src/LoRa.o
                0x08001088                LoRa_setFrequency
 .text.LoRa_setSpreadingFactor
                0x080010e8       0x64 ./Core/Src/LoRa.o
                0x080010e8                LoRa_setSpreadingFactor
 .text.LoRa_setPower
                0x0800114c       0x26 ./Core/Src/LoRa.o
                0x0800114c                LoRa_setPower
 *fill*         0x08001172        0x2 
 .text.LoRa_setOCP
                0x08001174       0x7c ./Core/Src/LoRa.o
                0x08001174                LoRa_setOCP
 .text.LoRa_setTOMsb_setCRCon
                0x080011f0       0x36 ./Core/Src/LoRa.o
                0x080011f0                LoRa_setTOMsb_setCRCon
 .text.LoRa_read
                0x08001226       0x3a ./Core/Src/LoRa.o
                0x08001226                LoRa_read
 .text.LoRa_write
                0x08001260       0x40 ./Core/Src/LoRa.o
                0x08001260                LoRa_write
 .text.LoRa_BurstWrite
                0x080012a0       0x94 ./Core/Src/LoRa.o
                0x080012a0                LoRa_BurstWrite
 .text.LoRa_isvalid
                0x08001334       0x16 ./Core/Src/LoRa.o
                0x08001334                LoRa_isvalid
 .text.LoRa_transmit
                0x0800134a       0xb0 ./Core/Src/LoRa.o
                0x0800134a                LoRa_transmit
 .text.LoRa_startReceiving
                0x080013fa       0x18 ./Core/Src/LoRa.o
                0x080013fa                LoRa_startReceiving
 .text.LoRa_startCAD
                0x08001412       0x18 ./Core/Src/LoRa.o
                0x08001412                LoRa_startCAD
 .text.LoRa_receive
                0x0800142a       0xc0 ./Core/Src/LoRa.o
                0x0800142a                LoRa_receive
 .text.LoRa_init
                0x080014ea      0x14e ./Core/Src/LoRa.o
                0x080014ea                LoRa_init
 .text.__NVIC_EnableIRQ
                0x08001638       0x3c ./Core/Src/bsp_lora.o
 .text.__NVIC_DisableIRQ
                0x08001674       0x48 ./Core/Src/bsp_lora.o
 .text.bsp_lora_enter_safe_mode
                0x080016bc       0x20 ./Core/Src/bsp_lora.o
                0x080016bc                bsp_lora_enter_safe_mode
 .text.bsp_lora_exit_safe_mode
                0x080016dc       0x20 ./Core/Src/bsp_lora.o
                0x080016dc                bsp_lora_exit_safe_mode
 .text.STM_LOG  0x080016fc       0x48 ./Core/Src/bsp_lora.o
                0x080016fc                STM_LOG
 .text.bsp_lora_set_receive_mode
                0x08001744       0x1c ./Core/Src/bsp_lora.o
                0x08001744                bsp_lora_set_receive_mode
 .text.bsp_lora_set_cad_mode
                0x08001760       0x1c ./Core/Src/bsp_lora.o
                0x08001760                bsp_lora_set_cad_mode
 .text.bsp_lora_check_cad
                0x0800177c       0x60 ./Core/Src/bsp_lora.o
                0x0800177c                bsp_lora_check_cad
 .text.bsp_lora_init
                0x080017dc       0xe0 ./Core/Src/bsp_lora.o
                0x080017dc                bsp_lora_init
 .text.checksum_calculate
                0x080018bc       0x4c ./Core/Src/bsp_lora.o
                0x080018bc                checksum_calculate
 .text.bsp_lora_send_packet
                0x08001908       0xb8 ./Core/Src/bsp_lora.o
                0x08001908                bsp_lora_send_packet
 .text.lora_network_get_index_of_receive_packet
                0x080019c0       0x48 ./Core/Src/bsp_lora.o
                0x080019c0                lora_network_get_index_of_receive_packet
 .text.lora_network_check_cmd_in_receive_packet
                0x08001a08       0x50 ./Core/Src/bsp_lora.o
                0x08001a08                lora_network_check_cmd_in_receive_packet
 .text.lora_network_check_id_in_receive_packet
                0x08001a58       0x4c ./Core/Src/bsp_lora.o
                0x08001a58                lora_network_check_id_in_receive_packet
 .text.lora_network_get_index_of_send_packet
                0x08001aa4       0x48 ./Core/Src/bsp_lora.o
                0x08001aa4                lora_network_get_index_of_send_packet
 .text.lora_network_check_id_in_send_packet
                0x08001aec       0x4c ./Core/Src/bsp_lora.o
                0x08001aec                lora_network_check_id_in_send_packet
 .text.lora_network_remove_packet_in_send_packet
                0x08001b38       0x8c ./Core/Src/bsp_lora.o
                0x08001b38                lora_network_remove_packet_in_send_packet
 .text.bsp_lora_send_packet_to_device
                0x08001bc4       0xec ./Core/Src/bsp_lora.o
                0x08001bc4                bsp_lora_send_packet_to_device
 .text.bsp_lora_resend_packet
                0x08001cb0       0x5e ./Core/Src/bsp_lora.o
                0x08001cb0                bsp_lora_resend_packet
 *fill*         0x08001d0e        0x2 
 .text.bsp_lora_receive_packet
                0x08001d10       0x50 ./Core/Src/bsp_lora.o
                0x08001d10                bsp_lora_receive_packet
 .text.lora_network_init
                0x08001d60        0xc ./Core/Src/lora_network_node.o
                0x08001d60                lora_network_init
 .text.lora_network_send_warning
                0x08001d6c      0x1a4 ./Core/Src/lora_network_node.o
                0x08001d6c                lora_network_send_warning
 .text.lora_network_send_response
                0x08001f10      0x1c8 ./Core/Src/lora_network_node.o
                0x08001f10                lora_network_send_response
 .text.lora_network_ack_cmd_handle
                0x080020d8       0x58 ./Core/Src/lora_network_node.o
                0x080020d8                lora_network_ack_cmd_handle
 .text.lora_network_irq_handle
                0x08002130      0x1fc ./Core/Src/lora_network_node.o
                0x08002130                lora_network_irq_handle
 .text.lora_network_process
                0x0800232c       0x70 ./Core/Src/lora_network_node.o
                0x0800232c                lora_network_process
 .text.HAL_GPIO_EXTI_Callback
                0x0800239c       0x30 ./Core/Src/main.o
                0x0800239c                HAL_GPIO_EXTI_Callback
 .text.main     0x080023cc       0x32 ./Core/Src/main.o
                0x080023cc                main
 *fill*         0x080023fe        0x2 
 .text.SystemClock_Config
                0x08002400       0xbc ./Core/Src/main.o
                0x08002400                SystemClock_Config
 .text.MX_I2C1_Init
                0x080024bc       0x5c ./Core/Src/main.o
 .text.MX_SPI1_Init
                0x08002518       0x6c ./Core/Src/main.o
 .text.MX_TIM3_Init
                0x08002584       0x9c ./Core/Src/main.o
 .text.MX_USART1_UART_Init
                0x08002620       0x54 ./Core/Src/main.o
 .text.MX_USART2_UART_Init
                0x08002674       0x54 ./Core/Src/main.o
 .text.MX_DMA_Init
                0x080026c8       0x40 ./Core/Src/main.o
 .text.MX_GPIO_Init
                0x08002708      0x12c ./Core/Src/main.o
 .text.HAL_TIM_PeriodElapsedCallback
                0x08002834       0x24 ./Core/Src/main.o
                0x08002834                HAL_TIM_PeriodElapsedCallback
 .text.Error_Handler
                0x08002858        0xc ./Core/Src/main.o
                0x08002858                Error_Handler
 .text.HAL_MspInit
                0x08002864       0x50 ./Core/Src/stm32f4xx_hal_msp.o
                0x08002864                HAL_MspInit
 .text.HAL_I2C_MspInit
                0x080028b4       0x90 ./Core/Src/stm32f4xx_hal_msp.o
                0x080028b4                HAL_I2C_MspInit
 .text.HAL_SPI_MspInit
                0x08002944       0x90 ./Core/Src/stm32f4xx_hal_msp.o
                0x08002944                HAL_SPI_MspInit
 .text.HAL_TIM_Base_MspInit
                0x080029d4       0x50 ./Core/Src/stm32f4xx_hal_msp.o
                0x080029d4                HAL_TIM_Base_MspInit
 .text.HAL_UART_MspInit
                0x08002a24      0x16c ./Core/Src/stm32f4xx_hal_msp.o
                0x08002a24                HAL_UART_MspInit
 .text.HAL_InitTick
                0x08002b90       0xf8 ./Core/Src/stm32f4xx_hal_timebase_tim.o
                0x08002b90                HAL_InitTick
 .text.NMI_Handler
                0x08002c88        0x8 ./Core/Src/stm32f4xx_it.o
                0x08002c88                NMI_Handler
 .text.HardFault_Handler
                0x08002c90        0x8 ./Core/Src/stm32f4xx_it.o
                0x08002c90                HardFault_Handler
 .text.MemManage_Handler
                0x08002c98        0x8 ./Core/Src/stm32f4xx_it.o
                0x08002c98                MemManage_Handler
 .text.BusFault_Handler
                0x08002ca0        0x8 ./Core/Src/stm32f4xx_it.o
                0x08002ca0                BusFault_Handler
 .text.UsageFault_Handler
                0x08002ca8        0x8 ./Core/Src/stm32f4xx_it.o
                0x08002ca8                UsageFault_Handler
 .text.SVC_Handler
                0x08002cb0        0xe ./Core/Src/stm32f4xx_it.o
                0x08002cb0                SVC_Handler
 .text.DebugMon_Handler
                0x08002cbe        0xe ./Core/Src/stm32f4xx_it.o
                0x08002cbe                DebugMon_Handler
 .text.PendSV_Handler
                0x08002ccc        0xe ./Core/Src/stm32f4xx_it.o
                0x08002ccc                PendSV_Handler
 .text.SysTick_Handler
                0x08002cda        0xe ./Core/Src/stm32f4xx_it.o
                0x08002cda                SysTick_Handler
 .text.EXTI0_IRQHandler
                0x08002ce8        0xe ./Core/Src/stm32f4xx_it.o
                0x08002ce8                EXTI0_IRQHandler
 .text.EXTI1_IRQHandler
                0x08002cf6        0xe ./Core/Src/stm32f4xx_it.o
                0x08002cf6                EXTI1_IRQHandler
 .text.EXTI2_IRQHandler
                0x08002d04        0xe ./Core/Src/stm32f4xx_it.o
                0x08002d04                EXTI2_IRQHandler
 .text.EXTI3_IRQHandler
                0x08002d12        0xe ./Core/Src/stm32f4xx_it.o
                0x08002d12                EXTI3_IRQHandler
 .text.TIM3_IRQHandler
                0x08002d20       0x14 ./Core/Src/stm32f4xx_it.o
                0x08002d20                TIM3_IRQHandler
 .text.TIM4_IRQHandler
                0x08002d34       0x14 ./Core/Src/stm32f4xx_it.o
                0x08002d34                TIM4_IRQHandler
 .text.USART1_IRQHandler
                0x08002d48       0x14 ./Core/Src/stm32f4xx_it.o
                0x08002d48                USART1_IRQHandler
 .text.DMA2_Stream2_IRQHandler
                0x08002d5c       0x14 ./Core/Src/stm32f4xx_it.o
                0x08002d5c                DMA2_Stream2_IRQHandler
 .text._sbrk    0x08002d70       0x6c ./Core/Src/sysmem.o
                0x08002d70                _sbrk
 .text.SystemInit
                0x08002ddc       0x24 ./Core/Src/system_stm32f4xx.o
                0x08002ddc                SystemInit
 .text.Reset_Handler
                0x08002e00       0x50 ./Core/Startup/startup_stm32f411ceux.o
                0x08002e00                Reset_Handler
 .text.Default_Handler
                0x08002e50        0x2 ./Core/Startup/startup_stm32f411ceux.o
                0x08002e50                RTC_Alarm_IRQHandler
                0x08002e50                SPI4_IRQHandler
                0x08002e50                TIM1_CC_IRQHandler
                0x08002e50                DMA2_Stream5_IRQHandler
                0x08002e50                DMA1_Stream5_IRQHandler
                0x08002e50                PVD_IRQHandler
                0x08002e50                SDIO_IRQHandler
                0x08002e50                TAMP_STAMP_IRQHandler
                0x08002e50                TIM1_UP_TIM10_IRQHandler
                0x08002e50                I2C3_ER_IRQHandler
                0x08002e50                I2C2_EV_IRQHandler
                0x08002e50                DMA1_Stream2_IRQHandler
                0x08002e50                FPU_IRQHandler
                0x08002e50                SPI1_IRQHandler
                0x08002e50                TIM1_BRK_TIM9_IRQHandler
                0x08002e50                DMA2_Stream3_IRQHandler
                0x08002e50                USART6_IRQHandler
                0x08002e50                DMA2_Stream0_IRQHandler
                0x08002e50                I2C1_EV_IRQHandler
                0x08002e50                DMA1_Stream6_IRQHandler
                0x08002e50                DMA1_Stream1_IRQHandler
                0x08002e50                RCC_IRQHandler
                0x08002e50                Default_Handler
                0x08002e50                EXTI15_10_IRQHandler
                0x08002e50                ADC_IRQHandler
                0x08002e50                DMA1_Stream7_IRQHandler
                0x08002e50                SPI5_IRQHandler
                0x08002e50                TIM5_IRQHandler
                0x08002e50                DMA2_Stream7_IRQHandler
                0x08002e50                I2C3_EV_IRQHandler
                0x08002e50                EXTI9_5_IRQHandler
                0x08002e50                RTC_WKUP_IRQHandler
                0x08002e50                SPI2_IRQHandler
                0x08002e50                DMA1_Stream0_IRQHandler
                0x08002e50                EXTI4_IRQHandler
                0x08002e50                WWDG_IRQHandler
                0x08002e50                TIM2_IRQHandler
                0x08002e50                OTG_FS_WKUP_IRQHandler
                0x08002e50                TIM1_TRG_COM_TIM11_IRQHandler
                0x08002e50                USART2_IRQHandler
                0x08002e50                I2C2_ER_IRQHandler
                0x08002e50                DMA2_Stream1_IRQHandler
                0x08002e50                FLASH_IRQHandler
                0x08002e50                DMA2_Stream4_IRQHandler
                0x08002e50                OTG_FS_IRQHandler
                0x08002e50                SPI3_IRQHandler
                0x08002e50                DMA1_Stream4_IRQHandler
                0x08002e50                I2C1_ER_IRQHandler
                0x08002e50                DMA2_Stream6_IRQHandler
                0x08002e50                DMA1_Stream3_IRQHandler
 *fill*         0x08002e52        0x2 
 .text.HAL_Init
                0x08002e54       0x44 ./Drivers/STM32F4xx_HAL_Driver/Src/stm32f4xx_hal.o
                0x08002e54                HAL_Init
 .text.HAL_IncTick
                0x08002e98       0x28 ./Drivers/STM32F4xx_HAL_Driver/Src/stm32f4xx_hal.o
                0x08002e98                HAL_IncTick
 .text.HAL_GetTick
                0x08002ec0       0x18 ./Drivers/STM32F4xx_HAL_Driver/Src/stm32f4xx_hal.o
                0x08002ec0                HAL_GetTick
 .text.HAL_Delay
                0x08002ed8       0x48 ./Drivers/STM32F4xx_HAL_Driver/Src/stm32f4xx_hal.o
                0x08002ed8                HAL_Delay
 .text.__NVIC_SetPriorityGrouping
                0x08002f20       0x48 ./Drivers/STM32F4xx_HAL_Driver/Src/stm32f4xx_hal_cortex.o
 .text.__NVIC_GetPriorityGrouping
                0x08002f68       0x1c ./Drivers/STM32F4xx_HAL_Driver/Src/stm32f4xx_hal_cortex.o
 .text.__NVIC_EnableIRQ
                0x08002f84       0x3c ./Drivers/STM32F4xx_HAL_Driver/Src/stm32f4xx_hal_cortex.o
 .text.__NVIC_SetPriority
                0x08002fc0       0x54 ./Drivers/STM32F4xx_HAL_Driver/Src/stm32f4xx_hal_cortex.o
 .text.NVIC_EncodePriority
                0x08003014       0x66 ./Drivers/STM32F4xx_HAL_Driver/Src/stm32f4xx_hal_cortex.o
 .text.HAL_NVIC_SetPriorityGrouping
                0x0800307a       0x16 ./Drivers/STM32F4xx_HAL_Driver/Src/stm32f4xx_hal_cortex.o
                0x0800307a                HAL_NVIC_SetPriorityGrouping
 .text.HAL_NVIC_SetPriority
                0x08003090       0x38 ./Drivers/STM32F4xx_HAL_Driver/Src/stm32f4xx_hal_cortex.o
                0x08003090                HAL_NVIC_SetPriority
 .text.HAL_NVIC_EnableIRQ
                0x080030c8       0x1c ./Drivers/STM32F4xx_HAL_Driver/Src/stm32f4xx_hal_cortex.o
                0x080030c8                HAL_NVIC_EnableIRQ
 .text.HAL_DMA_Init
                0x080030e4      0x15c ./Drivers/STM32F4xx_HAL_Driver/Src/stm32f4xx_hal_dma.o
                0x080030e4                HAL_DMA_Init
 .text.HAL_DMA_Abort
                0x08003240       0xe0 ./Drivers/STM32F4xx_HAL_Driver/Src/stm32f4xx_hal_dma.o
                0x08003240                HAL_DMA_Abort
 .text.HAL_DMA_Abort_IT
                0x08003320       0x44 ./Drivers/STM32F4xx_HAL_Driver/Src/stm32f4xx_hal_dma.o
                0x08003320                HAL_DMA_Abort_IT
 .text.HAL_DMA_IRQHandler
                0x08003364      0x314 ./Drivers/STM32F4xx_HAL_Driver/Src/stm32f4xx_hal_dma.o
                0x08003364                HAL_DMA_IRQHandler
 .text.DMA_CalcBaseAndBitshift
                0x08003678       0x6c ./Drivers/STM32F4xx_HAL_Driver/Src/stm32f4xx_hal_dma.o
 .text.DMA_CheckFifoParam
                0x080036e4       0xf8 ./Drivers/STM32F4xx_HAL_Driver/Src/stm32f4xx_hal_dma.o
 .text.HAL_GPIO_Init
                0x080037dc      0x308 ./Drivers/STM32F4xx_HAL_Driver/Src/stm32f4xx_hal_gpio.o
                0x080037dc                HAL_GPIO_Init
 .text.HAL_GPIO_WritePin
                0x08003ae4       0x32 ./Drivers/STM32F4xx_HAL_Driver/Src/stm32f4xx_hal_gpio.o
                0x08003ae4                HAL_GPIO_WritePin
 *fill*         0x08003b16        0x2 
 .text.HAL_GPIO_EXTI_IRQHandler
                0x08003b18       0x30 ./Drivers/STM32F4xx_HAL_Driver/Src/stm32f4xx_hal_gpio.o
                0x08003b18                HAL_GPIO_EXTI_IRQHandler
 .text.HAL_I2C_Init
                0x08003b48      0x288 ./Drivers/STM32F4xx_HAL_Driver/Src/stm32f4xx_hal_i2c.o
                0x08003b48                HAL_I2C_Init
 .text.HAL_RCC_OscConfig
                0x08003dd0      0x4f0 ./Drivers/STM32F4xx_HAL_Driver/Src/stm32f4xx_hal_rcc.o
                0x08003dd0                HAL_RCC_OscConfig
 .text.HAL_RCC_ClockConfig
                0x080042c0      0x1cc ./Drivers/STM32F4xx_HAL_Driver/Src/stm32f4xx_hal_rcc.o
                0x080042c0                HAL_RCC_ClockConfig
 .text.HAL_RCC_GetSysClockFreq
                0x0800448c      0x18c ./Drivers/STM32F4xx_HAL_Driver/Src/stm32f4xx_hal_rcc.o
                0x0800448c                HAL_RCC_GetSysClockFreq
 .text.HAL_RCC_GetHCLKFreq
                0x08004618       0x18 ./Drivers/STM32F4xx_HAL_Driver/Src/stm32f4xx_hal_rcc.o
                0x08004618                HAL_RCC_GetHCLKFreq
 .text.HAL_RCC_GetPCLK1Freq
                0x08004630       0x28 ./Drivers/STM32F4xx_HAL_Driver/Src/stm32f4xx_hal_rcc.o
                0x08004630                HAL_RCC_GetPCLK1Freq
 .text.HAL_RCC_GetPCLK2Freq
                0x08004658       0x28 ./Drivers/STM32F4xx_HAL_Driver/Src/stm32f4xx_hal_rcc.o
                0x08004658                HAL_RCC_GetPCLK2Freq
 .text.HAL_RCC_GetClockConfig
                0x08004680       0x64 ./Drivers/STM32F4xx_HAL_Driver/Src/stm32f4xx_hal_rcc.o
                0x08004680                HAL_RCC_GetClockConfig
 .text.HAL_SPI_Init
                0x080046e4      0x112 ./Drivers/STM32F4xx_HAL_Driver/Src/stm32f4xx_hal_spi.o
                0x080046e4                HAL_SPI_Init
 .text.HAL_SPI_Transmit
                0x080047f6      0x288 ./Drivers/STM32F4xx_HAL_Driver/Src/stm32f4xx_hal_spi.o
                0x080047f6                HAL_SPI_Transmit
 .text.HAL_SPI_Receive
                0x08004a7e      0x232 ./Drivers/STM32F4xx_HAL_Driver/Src/stm32f4xx_hal_spi.o
                0x08004a7e                HAL_SPI_Receive
 .text.HAL_SPI_TransmitReceive
                0x08004cb0      0x352 ./Drivers/STM32F4xx_HAL_Driver/Src/stm32f4xx_hal_spi.o
                0x08004cb0                HAL_SPI_TransmitReceive
 .text.HAL_SPI_GetState
                0x08005002       0x1c ./Drivers/STM32F4xx_HAL_Driver/Src/stm32f4xx_hal_spi.o
                0x08005002                HAL_SPI_GetState
 *fill*         0x0800501e        0x2 
 .text.SPI_WaitFlagStateUntilTimeout
                0x08005020      0x110 ./Drivers/STM32F4xx_HAL_Driver/Src/stm32f4xx_hal_spi.o
 .text.SPI_EndRxTransaction
                0x08005130       0xca ./Drivers/STM32F4xx_HAL_Driver/Src/stm32f4xx_hal_spi.o
 *fill*         0x080051fa        0x2 
 .text.SPI_EndRxTxTransaction
                0x080051fc       0xa8 ./Drivers/STM32F4xx_HAL_Driver/Src/stm32f4xx_hal_spi.o
 .text.HAL_TIM_Base_Init
                0x080052a4       0x9e ./Drivers/STM32F4xx_HAL_Driver/Src/stm32f4xx_hal_tim.o
                0x080052a4                HAL_TIM_Base_Init
 *fill*         0x08005342        0x2 
 .text.HAL_TIM_Base_Start_IT
                0x08005344       0xc4 ./Drivers/STM32F4xx_HAL_Driver/Src/stm32f4xx_hal_tim.o
                0x08005344                HAL_TIM_Base_Start_IT
 .text.HAL_TIM_IRQHandler
                0x08005408      0x1e0 ./Drivers/STM32F4xx_HAL_Driver/Src/stm32f4xx_hal_tim.o
                0x08005408                HAL_TIM_IRQHandler
 .text.HAL_TIM_ConfigClockSource
                0x080055e8      0x18e ./Drivers/STM32F4xx_HAL_Driver/Src/stm32f4xx_hal_tim.o
                0x080055e8                HAL_TIM_ConfigClockSource
 .text.HAL_TIM_OC_DelayElapsedCallback
                0x08005776       0x14 ./Drivers/STM32F4xx_HAL_Driver/Src/stm32f4xx_hal_tim.o
                0x08005776                HAL_TIM_OC_DelayElapsedCallback
 .text.HAL_TIM_IC_CaptureCallback
                0x0800578a       0x14 ./Drivers/STM32F4xx_HAL_Driver/Src/stm32f4xx_hal_tim.o
                0x0800578a                HAL_TIM_IC_CaptureCallback
 .text.HAL_TIM_PWM_PulseFinishedCallback
                0x0800579e       0x14 ./Drivers/STM32F4xx_HAL_Driver/Src/stm32f4xx_hal_tim.o
                0x0800579e                HAL_TIM_PWM_PulseFinishedCallback
 .text.HAL_TIM_TriggerCallback
                0x080057b2       0x14 ./Drivers/STM32F4xx_HAL_Driver/Src/stm32f4xx_hal_tim.o
                0x080057b2                HAL_TIM_TriggerCallback
 *fill*         0x080057c6        0x2 
 .text.TIM_Base_SetConfig
                0x080057c8      0x118 ./Drivers/STM32F4xx_HAL_Driver/Src/stm32f4xx_hal_tim.o
                0x080057c8                TIM_Base_SetConfig
 .text.TIM_TI1_ConfigInputStage
                0x080058e0       0x5e ./Drivers/STM32F4xx_HAL_Driver/Src/stm32f4xx_hal_tim.o
 .text.TIM_TI2_ConfigInputStage
                0x0800593e       0x60 ./Drivers/STM32F4xx_HAL_Driver/Src/stm32f4xx_hal_tim.o
 .text.TIM_ITRx_SetConfig
                0x0800599e       0x36 ./Drivers/STM32F4xx_HAL_Driver/Src/stm32f4xx_hal_tim.o
 .text.TIM_ETR_SetConfig
                0x080059d4       0x40 ./Drivers/STM32F4xx_HAL_Driver/Src/stm32f4xx_hal_tim.o
                0x080059d4                TIM_ETR_SetConfig
 .text.HAL_TIMEx_MasterConfigSynchronization
                0x08005a14       0xdc ./Drivers/STM32F4xx_HAL_Driver/Src/stm32f4xx_hal_tim_ex.o
                0x08005a14                HAL_TIMEx_MasterConfigSynchronization
 .text.HAL_TIMEx_CommutCallback
                0x08005af0       0x14 ./Drivers/STM32F4xx_HAL_Driver/Src/stm32f4xx_hal_tim_ex.o
                0x08005af0                HAL_TIMEx_CommutCallback
 .text.HAL_TIMEx_BreakCallback
                0x08005b04       0x14 ./Drivers/STM32F4xx_HAL_Driver/Src/stm32f4xx_hal_tim_ex.o
                0x08005b04                HAL_TIMEx_BreakCallback
 .text.HAL_UART_Init
                0x08005b18       0xa0 ./Drivers/STM32F4xx_HAL_Driver/Src/stm32f4xx_hal_uart.o
                0x08005b18                HAL_UART_Init
 .text.HAL_UART_Transmit
                0x08005bb8      0x116 ./Drivers/STM32F4xx_HAL_Driver/Src/stm32f4xx_hal_uart.o
                0x08005bb8                HAL_UART_Transmit
 *fill*         0x08005cce        0x2 
 .text.HAL_UART_IRQHandler
                0x08005cd0      0x524 ./Drivers/STM32F4xx_HAL_Driver/Src/stm32f4xx_hal_uart.o
                0x08005cd0                HAL_UART_IRQHandler
 .text.HAL_UART_TxCpltCallback
                0x080061f4       0x14 ./Drivers/STM32F4xx_HAL_Driver/Src/stm32f4xx_hal_uart.o
                0x080061f4                HAL_UART_TxCpltCallback
 .text.HAL_UART_RxCpltCallback
                0x08006208       0x14 ./Drivers/STM32F4xx_HAL_Driver/Src/stm32f4xx_hal_uart.o
                0x08006208                HAL_UART_RxCpltCallback
 .text.HAL_UART_ErrorCallback
                0x0800621c       0x14 ./Drivers/STM32F4xx_HAL_Driver/Src/stm32f4xx_hal_uart.o
                0x0800621c                HAL_UART_ErrorCallback
 .text.HAL_UARTEx_RxEventCallback
                0x08006230       0x18 ./Drivers/STM32F4xx_HAL_Driver/Src/stm32f4xx_hal_uart.o
                0x08006230                HAL_UARTEx_RxEventCallback
 .text.UART_WaitOnFlagUntilTimeout
                0x08006248       0xb2 ./Drivers/STM32F4xx_HAL_Driver/Src/stm32f4xx_hal_uart.o
 .text.UART_EndRxTransfer
                0x080062fa       0xc6 ./Drivers/STM32F4xx_HAL_Driver/Src/stm32f4xx_hal_uart.o
 .text.UART_DMAAbortOnError
                0x080063c0       0x28 ./Drivers/STM32F4xx_HAL_Driver/Src/stm32f4xx_hal_uart.o
 .text.UART_Transmit_IT
                0x080063e8       0xa0 ./Drivers/STM32F4xx_HAL_Driver/Src/stm32f4xx_hal_uart.o
 .text.UART_EndTransmit_IT
                0x08006488       0x30 ./Drivers/STM32F4xx_HAL_Driver/Src/stm32f4xx_hal_uart.o
 .text.UART_Receive_IT
                0x080064b8      0x17c ./Drivers/STM32F4xx_HAL_Driver/Src/stm32f4xx_hal_uart.o
 .text.UART_SetConfig
                0x08006634      0x4e8 ./Drivers/STM32F4xx_HAL_Driver/Src/stm32f4xx_hal_uart.o
 .text.malloc   0x08006b1c       0x10 D:/Program File 2/ST/STM32CubeIDE_1.16.1/STM32CubeIDE/plugins/com.st.stm32cube.ide.mcu.externaltools.gnu-tools-for-stm32.12.3.rel1.win32_1.0.200.202406191623/tools/bin/../lib/gcc/arm-none-eabi/12.3.1/../../../../arm-none-eabi/lib/thumb/v7e-m+fp/hard\libc_nano.a(libc_a-malloc.o)
                0x08006b1c                malloc
 .text.free     0x08006b2c       0x10 D:/Program File 2/ST/STM32CubeIDE_1.16.1/STM32CubeIDE/plugins/com.st.stm32cube.ide.mcu.externaltools.gnu-tools-for-stm32.12.3.rel1.win32_1.0.200.202406191623/tools/bin/../lib/gcc/arm-none-eabi/12.3.1/../../../../arm-none-eabi/lib/thumb/v7e-m+fp/hard\libc_nano.a(libc_a-malloc.o)
                0x08006b2c                free
 .text.sbrk_aligned
                0x08006b3c       0x44 D:/Program File 2/ST/STM32CubeIDE_1.16.1/STM32CubeIDE/plugins/com.st.stm32cube.ide.mcu.externaltools.gnu-tools-for-stm32.12.3.rel1.win32_1.0.200.202406191623/tools/bin/../lib/gcc/arm-none-eabi/12.3.1/../../../../arm-none-eabi/lib/thumb/v7e-m+fp/hard\libc_nano.a(libc_a-mallocr.o)
 .text._malloc_r
                0x08006b80      0x100 D:/Program File 2/ST/STM32CubeIDE_1.16.1/STM32CubeIDE/plugins/com.st.stm32cube.ide.mcu.externaltools.gnu-tools-for-stm32.12.3.rel1.win32_1.0.200.202406191623/tools/bin/../lib/gcc/arm-none-eabi/12.3.1/../../../../arm-none-eabi/lib/thumb/v7e-m+fp/hard\libc_nano.a(libc_a-mallocr.o)
                0x08006b80                _malloc_r
 .text.__malloc_lock
                0x08006c80        0xc D:/Program File 2/ST/STM32CubeIDE_1.16.1/STM32CubeIDE/plugins/com.st.stm32cube.ide.mcu.externaltools.gnu-tools-for-stm32.12.3.rel1.win32_1.0.200.202406191623/tools/bin/../lib/gcc/arm-none-eabi/12.3.1/../../../../arm-none-eabi/lib/thumb/v7e-m+fp/hard\libc_nano.a(libc_a-mlock.o)
                0x08006c80                __malloc_lock
 .text.__malloc_unlock
                0x08006c8c        0xc D:/Program File 2/ST/STM32CubeIDE_1.16.1/STM32CubeIDE/plugins/com.st.stm32cube.ide.mcu.externaltools.gnu-tools-for-stm32.12.3.rel1.win32_1.0.200.202406191623/tools/bin/../lib/gcc/arm-none-eabi/12.3.1/../../../../arm-none-eabi/lib/thumb/v7e-m+fp/hard\libc_nano.a(libc_a-mlock.o)
                0x08006c8c                __malloc_unlock
 .text.sprintf  0x08006c98       0x40 D:/Program File 2/ST/STM32CubeIDE_1.16.1/STM32CubeIDE/plugins/com.st.stm32cube.ide.mcu.externaltools.gnu-tools-for-stm32.12.3.rel1.win32_1.0.200.202406191623/tools/bin/../lib/gcc/arm-none-eabi/12.3.1/../../../../arm-none-eabi/lib/thumb/v7e-m+fp/hard\libc_nano.a(libc_a-sprintf.o)
                0x08006c98                siprintf
                0x08006c98                sprintf
 .text.memset   0x08006cd8       0x10 D:/Program File 2/ST/STM32CubeIDE_1.16.1/STM32CubeIDE/plugins/com.st.stm32cube.ide.mcu.externaltools.gnu-tools-for-stm32.12.3.rel1.win32_1.0.200.202406191623/tools/bin/../lib/gcc/arm-none-eabi/12.3.1/../../../../arm-none-eabi/lib/thumb/v7e-m+fp/hard\libc_nano.a(libc_a-memset.o)
                0x08006cd8                memset
 .text._sbrk_r  0x08006ce8       0x20 D:/Program File 2/ST/STM32CubeIDE_1.16.1/STM32CubeIDE/plugins/com.st.stm32cube.ide.mcu.externaltools.gnu-tools-for-stm32.12.3.rel1.win32_1.0.200.202406191623/tools/bin/../lib/gcc/arm-none-eabi/12.3.1/../../../../arm-none-eabi/lib/thumb/v7e-m+fp/hard\libc_nano.a(libc_a-sbrkr.o)
                0x08006ce8                _sbrk_r
 .text.__errno  0x08006d08        0xc D:/Program File 2/ST/STM32CubeIDE_1.16.1/STM32CubeIDE/plugins/com.st.stm32cube.ide.mcu.externaltools.gnu-tools-for-stm32.12.3.rel1.win32_1.0.200.202406191623/tools/bin/../lib/gcc/arm-none-eabi/12.3.1/../../../../arm-none-eabi/lib/thumb/v7e-m+fp/hard\libc_nano.a(libc_a-errno.o)
                0x08006d08                __errno
 .text.__libc_init_array
                0x08006d14       0x48 D:/Program File 2/ST/STM32CubeIDE_1.16.1/STM32CubeIDE/plugins/com.st.stm32cube.ide.mcu.externaltools.gnu-tools-for-stm32.12.3.rel1.win32_1.0.200.202406191623/tools/bin/../lib/gcc/arm-none-eabi/12.3.1/../../../../arm-none-eabi/lib/thumb/v7e-m+fp/hard\libc_nano.a(libc_a-init.o)
                0x08006d14                __libc_init_array
 .text.__retarget_lock_acquire_recursive
                0x08006d5c        0x2 D:/Program File 2/ST/STM32CubeIDE_1.16.1/STM32CubeIDE/plugins/com.st.stm32cube.ide.mcu.externaltools.gnu-tools-for-stm32.12.3.rel1.win32_1.0.200.202406191623/tools/bin/../lib/gcc/arm-none-eabi/12.3.1/../../../../arm-none-eabi/lib/thumb/v7e-m+fp/hard\libc_nano.a(libc_a-lock.o)
                0x08006d5c                __retarget_lock_acquire_recursive
 .text.__retarget_lock_release_recursive
                0x08006d5e        0x2 D:/Program File 2/ST/STM32CubeIDE_1.16.1/STM32CubeIDE/plugins/com.st.stm32cube.ide.mcu.externaltools.gnu-tools-for-stm32.12.3.rel1.win32_1.0.200.202406191623/tools/bin/../lib/gcc/arm-none-eabi/12.3.1/../../../../arm-none-eabi/lib/thumb/v7e-m+fp/hard\libc_nano.a(libc_a-lock.o)
                0x08006d5e                __retarget_lock_release_recursive
 .text.memcpy   0x08006d60       0x1c D:/Program File 2/ST/STM32CubeIDE_1.16.1/STM32CubeIDE/plugins/com.st.stm32cube.ide.mcu.externaltools.gnu-tools-for-stm32.12.3.rel1.win32_1.0.200.202406191623/tools/bin/../lib/gcc/arm-none-eabi/12.3.1/../../../../arm-none-eabi/lib/thumb/v7e-m+fp/hard\libc_nano.a(libc_a-memcpy-stub.o)
                0x08006d60                memcpy
 .text._free_r  0x08006d7c       0x94 D:/Program File 2/ST/STM32CubeIDE_1.16.1/STM32CubeIDE/plugins/com.st.stm32cube.ide.mcu.externaltools.gnu-tools-for-stm32.12.3.rel1.win32_1.0.200.202406191623/tools/bin/../lib/gcc/arm-none-eabi/12.3.1/../../../../arm-none-eabi/lib/thumb/v7e-m+fp/hard\libc_nano.a(libc_a-freer.o)
                0x08006d7c                _free_r
 .text.__ssputs_r
                0x08006e10       0xb6 D:/Program File 2/ST/STM32CubeIDE_1.16.1/STM32CubeIDE/plugins/com.st.stm32cube.ide.mcu.externaltools.gnu-tools-for-stm32.12.3.rel1.win32_1.0.200.202406191623/tools/bin/../lib/gcc/arm-none-eabi/12.3.1/../../../../arm-none-eabi/lib/thumb/v7e-m+fp/hard\libc_nano.a(libc_a-nano-svfprintf.o)
                0x08006e10                __ssputs_r
 *fill*         0x08006ec6        0x2 
 .text._svfprintf_r
                0x08006ec8      0x1f8 D:/Program File 2/ST/STM32CubeIDE_1.16.1/STM32CubeIDE/plugins/com.st.stm32cube.ide.mcu.externaltools.gnu-tools-for-stm32.12.3.rel1.win32_1.0.200.202406191623/tools/bin/../lib/gcc/arm-none-eabi/12.3.1/../../../../arm-none-eabi/lib/thumb/v7e-m+fp/hard\libc_nano.a(libc_a-nano-svfprintf.o)
                0x08006ec8                _svfiprintf_r
                0x08006ec8                _svfprintf_r
 .text._printf_common
                0x080070c0       0xda D:/Program File 2/ST/STM32CubeIDE_1.16.1/STM32CubeIDE/plugins/com.st.stm32cube.ide.mcu.externaltools.gnu-tools-for-stm32.12.3.rel1.win32_1.0.200.202406191623/tools/bin/../lib/gcc/arm-none-eabi/12.3.1/../../../../arm-none-eabi/lib/thumb/v7e-m+fp/hard\libc_nano.a(libc_a-nano-vfprintf_i.o)
                0x080070c0                _printf_common
 *fill*         0x0800719a        0x2 
 .text._printf_i
                0x0800719c      0x240 D:/Program File 2/ST/STM32CubeIDE_1.16.1/STM32CubeIDE/plugins/com.st.stm32cube.ide.mcu.externaltools.gnu-tools-for-stm32.12.3.rel1.win32_1.0.200.202406191623/tools/bin/../lib/gcc/arm-none-eabi/12.3.1/../../../../arm-none-eabi/lib/thumb/v7e-m+fp/hard\libc_nano.a(libc_a-nano-vfprintf_i.o)
                0x0800719c                _printf_i
 .text.memmove  0x080073dc       0x34 D:/Program File 2/ST/STM32CubeIDE_1.16.1/STM32CubeIDE/plugins/com.st.stm32cube.ide.mcu.externaltools.gnu-tools-for-stm32.12.3.rel1.win32_1.0.200.202406191623/tools/bin/../lib/gcc/arm-none-eabi/12.3.1/../../../../arm-none-eabi/lib/thumb/v7e-m+fp/hard\libc_nano.a(libc_a-memmove.o)
                0x080073dc                memmove
 .text._realloc_r
                0x08007410       0x5c D:/Program File 2/ST/STM32CubeIDE_1.16.1/STM32CubeIDE/plugins/com.st.stm32cube.ide.mcu.externaltools.gnu-tools-for-stm32.12.3.rel1.win32_1.0.200.202406191623/tools/bin/../lib/gcc/arm-none-eabi/12.3.1/../../../../arm-none-eabi/lib/thumb/v7e-m+fp/hard\libc_nano.a(libc_a-reallocr.o)
                0x08007410                _realloc_r
 .text._malloc_usable_size_r
                0x0800746c       0x10 D:/Program File 2/ST/STM32CubeIDE_1.16.1/STM32CubeIDE/plugins/com.st.stm32cube.ide.mcu.externaltools.gnu-tools-for-stm32.12.3.rel1.win32_1.0.200.202406191623/tools/bin/../lib/gcc/arm-none-eabi/12.3.1/../../../../arm-none-eabi/lib/thumb/v7e-m+fp/hard\libc_nano.a(libc_a-msizer.o)
                0x0800746c                _malloc_usable_size_r
 *(.glue_7)
 .glue_7        0x0800747c        0x0 linker stubs
 *(.glue_7t)
 .glue_7t       0x0800747c        0x0 linker stubs
 *(.eh_frame)
 .eh_frame      0x0800747c        0x0 D:/Program File 2/ST/STM32CubeIDE_1.16.1/STM32CubeIDE/plugins/com.st.stm32cube.ide.mcu.externaltools.gnu-tools-for-stm32.12.3.rel1.win32_1.0.200.202406191623/tools/bin/../lib/gcc/arm-none-eabi/12.3.1/thumb/v7e-m+fp/hard/crtbegin.o
 *(.init)
 .init          0x0800747c        0x4 D:/Program File 2/ST/STM32CubeIDE_1.16.1/STM32CubeIDE/plugins/com.st.stm32cube.ide.mcu.externaltools.gnu-tools-for-stm32.12.3.rel1.win32_1.0.200.202406191623/tools/bin/../lib/gcc/arm-none-eabi/12.3.1/thumb/v7e-m+fp/hard/crti.o
                0x0800747c                _init
 .init          0x08007480        0x8 D:/Program File 2/ST/STM32CubeIDE_1.16.1/STM32CubeIDE/plugins/com.st.stm32cube.ide.mcu.externaltools.gnu-tools-for-stm32.12.3.rel1.win32_1.0.200.202406191623/tools/bin/../lib/gcc/arm-none-eabi/12.3.1/thumb/v7e-m+fp/hard/crtn.o
 *(.fini)
 .fini          0x08007488        0x4 D:/Program File 2/ST/STM32CubeIDE_1.16.1/STM32CubeIDE/plugins/com.st.stm32cube.ide.mcu.externaltools.gnu-tools-for-stm32.12.3.rel1.win32_1.0.200.202406191623/tools/bin/../lib/gcc/arm-none-eabi/12.3.1/thumb/v7e-m+fp/hard/crti.o
                0x08007488                _fini
 .fini          0x0800748c        0x8 D:/Program File 2/ST/STM32CubeIDE_1.16.1/STM32CubeIDE/plugins/com.st.stm32cube.ide.mcu.externaltools.gnu-tools-for-stm32.12.3.rel1.win32_1.0.200.202406191623/tools/bin/../lib/gcc/arm-none-eabi/12.3.1/thumb/v7e-m+fp/hard/crtn.o
                0x08007494                        . = ALIGN (0x4)
                0x08007494                        _etext = .

.vfp11_veneer   0x08007494        0x0
 .vfp11_veneer  0x08007494        0x0 linker stubs

.v4_bx          0x08007494        0x0
 .v4_bx         0x08007494        0x0 linker stubs

.iplt           0x08007494        0x0
 .iplt          0x08007494        0x0 D:/Program File 2/ST/STM32CubeIDE_1.16.1/STM32CubeIDE/plugins/com.st.stm32cube.ide.mcu.externaltools.gnu-tools-for-stm32.12.3.rel1.win32_1.0.200.202406191623/tools/bin/../lib/gcc/arm-none-eabi/12.3.1/thumb/v7e-m+fp/hard/crtbegin.o

.rodata         0x08007498      0x214
                0x08007498                        . = ALIGN (0x4)
 *(.rodata)
 .rodata        0x08007498       0x50 ./Core/Src/LoRa.o
 .rodata        0x080074e8       0x32 ./Core/Src/bsp_lora.o
 *fill*         0x0800751a        0x2 
 .rodata        0x0800751c      0x139 ./Core/Src/lora_network_node.o
 *(.rodata*)
 *fill*         0x08007655        0x3 
 .rodata.AHBPrescTable
                0x08007658       0x10 ./Core/Src/system_stm32f4xx.o
                0x08007658                AHBPrescTable
 .rodata.APBPrescTable
                0x08007668        0x8 ./Core/Src/system_stm32f4xx.o
                0x08007668                APBPrescTable
 .rodata.flagBitshiftOffset.0
                0x08007670        0x8 ./Drivers/STM32F4xx_HAL_Driver/Src/stm32f4xx_hal_dma.o
 .rodata._svfprintf_r.str1.1
                0x08007678       0x11 D:/Program File 2/ST/STM32CubeIDE_1.16.1/STM32CubeIDE/plugins/com.st.stm32cube.ide.mcu.externaltools.gnu-tools-for-stm32.12.3.rel1.win32_1.0.200.202406191623/tools/bin/../lib/gcc/arm-none-eabi/12.3.1/../../../../arm-none-eabi/lib/thumb/v7e-m+fp/hard\libc_nano.a(libc_a-nano-svfprintf.o)
 .rodata._printf_i.str1.1
                0x08007689       0x22 D:/Program File 2/ST/STM32CubeIDE_1.16.1/STM32CubeIDE/plugins/com.st.stm32cube.ide.mcu.externaltools.gnu-tools-for-stm32.12.3.rel1.win32_1.0.200.202406191623/tools/bin/../lib/gcc/arm-none-eabi/12.3.1/../../../../arm-none-eabi/lib/thumb/v7e-m+fp/hard\libc_nano.a(libc_a-nano-vfprintf_i.o)
                0x080076ac                        . = ALIGN (0x4)
 *fill*         0x080076ab        0x1 

.ARM.extab      0x080076ac        0x0
                0x080076ac                        . = ALIGN (0x4)
 *(.ARM.extab* .gnu.linkonce.armextab.*)
                0x080076ac                        . = ALIGN (0x4)

.ARM            0x080076ac        0x8
                0x080076ac                        . = ALIGN (0x4)
                0x080076ac                        __exidx_start = .
 *(.ARM.exidx*)
 .ARM.exidx     0x080076ac        0x8 D:/Program File 2/ST/STM32CubeIDE_1.16.1/STM32CubeIDE/plugins/com.st.stm32cube.ide.mcu.externaltools.gnu-tools-for-stm32.12.3.rel1.win32_1.0.200.202406191623/tools/bin/../lib/gcc/arm-none-eabi/12.3.1/../../../../arm-none-eabi/lib/thumb/v7e-m+fp/hard\libc_nano.a(libc_a-memchr.o)
 .ARM.exidx     0x080076b4        0x0 D:/Program File 2/ST/STM32CubeIDE_1.16.1/STM32CubeIDE/plugins/com.st.stm32cube.ide.mcu.externaltools.gnu-tools-for-stm32.12.3.rel1.win32_1.0.200.202406191623/tools/bin/../lib/gcc/arm-none-eabi/12.3.1/thumb/v7e-m+fp/hard\libgcc.a(_udivmoddi4.o)
                                  0x8 (size before relaxing)
                0x080076b4                        __exidx_end = .
                0x080076b4                        . = ALIGN (0x4)

.preinit_array  0x080076b4        0x0
                0x080076b4                        . = ALIGN (0x4)
                0x080076b4                        PROVIDE (__preinit_array_start = .)
 *(.preinit_array*)
                0x080076b4                        PROVIDE (__preinit_array_end = .)
                0x080076b4                        . = ALIGN (0x4)

.init_array     0x080076b4        0x4
                0x080076b4                        . = ALIGN (0x4)
                0x080076b4                        PROVIDE (__init_array_start = .)
 *(SORT_BY_NAME(.init_array.*))
 *(.init_array*)
 .init_array    0x080076b4        0x4 D:/Program File 2/ST/STM32CubeIDE_1.16.1/STM32CubeIDE/plugins/com.st.stm32cube.ide.mcu.externaltools.gnu-tools-for-stm32.12.3.rel1.win32_1.0.200.202406191623/tools/bin/../lib/gcc/arm-none-eabi/12.3.1/thumb/v7e-m+fp/hard/crtbegin.o
                0x080076b8                        PROVIDE (__init_array_end = .)
                0x080076b8                        . = ALIGN (0x4)

.fini_array     0x080076b8        0x4
                0x080076b8                        . = ALIGN (0x4)
                [!provide]                        PROVIDE (__fini_array_start = .)
 *(SORT_BY_NAME(.fini_array.*))
 *(.fini_array*)
 .fini_array    0x080076b8        0x4 D:/Program File 2/ST/STM32CubeIDE_1.16.1/STM32CubeIDE/plugins/com.st.stm32cube.ide.mcu.externaltools.gnu-tools-for-stm32.12.3.rel1.win32_1.0.200.202406191623/tools/bin/../lib/gcc/arm-none-eabi/12.3.1/thumb/v7e-m+fp/hard/crtbegin.o
                [!provide]                        PROVIDE (__fini_array_end = .)
                0x080076bc                        . = ALIGN (0x4)
                0x080076bc                        _sidata = LOADADDR (.data)

.rel.dyn        0x080076bc        0x0
 .rel.iplt      0x080076bc        0x0 D:/Program File 2/ST/STM32CubeIDE_1.16.1/STM32CubeIDE/plugins/com.st.stm32cube.ide.mcu.externaltools.gnu-tools-for-stm32.12.3.rel1.win32_1.0.200.202406191623/tools/bin/../lib/gcc/arm-none-eabi/12.3.1/thumb/v7e-m+fp/hard/crtbegin.o

.data           0x20000000       0x60 load address 0x080076bc
                0x20000000                        . = ALIGN (0x4)
                0x20000000                        _sdata = .
 *(.data)
 *(.data*)
 .data.lr_nw_packet_id
                0x20000000        0x1 ./Core/Src/lora_network_node.o
                0x20000000                lr_nw_packet_id
 *fill*         0x20000001        0x3 
 .data.SystemCoreClock
                0x20000004        0x4 ./Core/Src/system_stm32f4xx.o
                0x20000004                SystemCoreClock
 .data.uwTickPrio
                0x20000008        0x4 ./Drivers/STM32F4xx_HAL_Driver/Src/stm32f4xx_hal.o
                0x20000008                uwTickPrio
 .data.uwTickFreq
                0x2000000c        0x1 ./Drivers/STM32F4xx_HAL_Driver/Src/stm32f4xx_hal.o
                0x2000000c                uwTickFreq
 *fill*         0x2000000d        0x3 
 .data._impure_ptr
                0x20000010        0x4 D:/Program File 2/ST/STM32CubeIDE_1.16.1/STM32CubeIDE/plugins/com.st.stm32cube.ide.mcu.externaltools.gnu-tools-for-stm32.12.3.rel1.win32_1.0.200.202406191623/tools/bin/../lib/gcc/arm-none-eabi/12.3.1/../../../../arm-none-eabi/lib/thumb/v7e-m+fp/hard\libc_nano.a(libc_a-impure.o)
                0x20000010                _impure_ptr
 .data._impure_data
                0x20000014       0x4c D:/Program File 2/ST/STM32CubeIDE_1.16.1/STM32CubeIDE/plugins/com.st.stm32cube.ide.mcu.externaltools.gnu-tools-for-stm32.12.3.rel1.win32_1.0.200.202406191623/tools/bin/../lib/gcc/arm-none-eabi/12.3.1/../../../../arm-none-eabi/lib/thumb/v7e-m+fp/hard\libc_nano.a(libc_a-impure.o)
                0x20000014                _impure_data
 *(.RamFunc)
 *(.RamFunc*)
                0x20000060                        . = ALIGN (0x4)
                0x20000060                        _edata = .

.igot.plt       0x20000060        0x0 load address 0x0800771c
 .igot.plt      0x20000060        0x0 D:/Program File 2/ST/STM32CubeIDE_1.16.1/STM32CubeIDE/plugins/com.st.stm32cube.ide.mcu.externaltools.gnu-tools-for-stm32.12.3.rel1.win32_1.0.200.202406191623/tools/bin/../lib/gcc/arm-none-eabi/12.3.1/thumb/v7e-m+fp/hard/crtbegin.o
                0x20000060                        . = ALIGN (0x4)

.bss            0x20000060      0x550 load address 0x0800771c
                0x20000060                        _sbss = .
                0x20000060                        __bss_start__ = _sbss
 *(.bss)
 .bss           0x20000060       0x1c D:/Program File 2/ST/STM32CubeIDE_1.16.1/STM32CubeIDE/plugins/com.st.stm32cube.ide.mcu.externaltools.gnu-tools-for-stm32.12.3.rel1.win32_1.0.200.202406191623/tools/bin/../lib/gcc/arm-none-eabi/12.3.1/thumb/v7e-m+fp/hard/crtbegin.o
 *(.bss*)
 .bss.myLoRa    0x2000007c       0x2c ./Core/Src/bsp_lora.o
                0x2000007c                myLoRa
 .bss.lora_send_packet_buffer
                0x200000a8       0x2f ./Core/Src/bsp_lora.o
                0x200000a8                lora_send_packet_buffer
 *fill*         0x200000d7        0x1 
 .bss.lora_receive_packet_buffer
                0x200000d8       0x2f ./Core/Src/bsp_lora.o
                0x200000d8                lora_receive_packet_buffer
 *fill*         0x20000107        0x1 
 .bss.lora_receive_packet
                0x20000108       0x8d ./Core/Src/bsp_lora.o
                0x20000108                lora_receive_packet
 *fill*         0x20000195        0x3 
 .bss.lora_send_packet
                0x20000198       0x8d ./Core/Src/bsp_lora.o
                0x20000198                lora_send_packet
 .bss.packet_received_count
                0x20000225        0x1 ./Core/Src/lora_network_node.o
                0x20000225                packet_received_count
 .bss.connect_request_receive_flag
                0x20000226        0x1 ./Core/Src/lora_network_node.o
                0x20000226                connect_request_receive_flag
 .bss.disconnect_request_receive_flag
                0x20000227        0x1 ./Core/Src/lora_network_node.o
                0x20000227                disconnect_request_receive_flag
 .bss.read_request_receive_flag
                0x20000228        0x1 ./Core/Src/lora_network_node.o
                0x20000228                read_request_receive_flag
 .bss.start_send_warning
                0x20000229        0x1 ./Core/Src/lora_network_node.o
                0x20000229                start_send_warning
 .bss.continue_send_warning
                0x2000022a        0x1 ./Core/Src/lora_network_node.o
                0x2000022a                continue_send_warning
 .bss.send_warning_done
                0x2000022b        0x1 ./Core/Src/lora_network_node.o
                0x2000022b                send_warning_done
 .bss.send_warning_nak
                0x2000022c        0x1 ./Core/Src/lora_network_node.o
                0x2000022c                send_warning_nak
 .bss.connect_packet_index
                0x2000022d        0x1 ./Core/Src/lora_network_node.o
                0x2000022d                connect_packet_index
 .bss.disconnect_packet_index
                0x2000022e        0x1 ./Core/Src/lora_network_node.o
                0x2000022e                disconnect_packet_index
 .bss.read_packet_index
                0x2000022f        0x1 ./Core/Src/lora_network_node.o
                0x2000022f                read_packet_index
 .bss.test_warning_flag
                0x20000230        0x1 ./Core/Src/main.o
                0x20000230                test_warning_flag
 *fill*         0x20000231        0x3 
 .bss.hi2c1     0x20000234       0x54 ./Core/Src/main.o
                0x20000234                hi2c1
 .bss.hspi1     0x20000288       0x58 ./Core/Src/main.o
                0x20000288                hspi1
 .bss.htim3     0x200002e0       0x48 ./Core/Src/main.o
                0x200002e0                htim3
 .bss.huart1    0x20000328       0x48 ./Core/Src/main.o
                0x20000328                huart1
 .bss.huart2    0x20000370       0x48 ./Core/Src/main.o
                0x20000370                huart2
 .bss.hdma_usart1_rx
                0x200003b8       0x60 ./Core/Src/main.o
                0x200003b8                hdma_usart1_rx
 .bss.htim4     0x20000418       0x48 ./Core/Src/stm32f4xx_hal_timebase_tim.o
                0x20000418                htim4
 .bss.__sbrk_heap_end
                0x20000460        0x4 ./Core/Src/sysmem.o
 .bss.uwTick    0x20000464        0x4 ./Drivers/STM32F4xx_HAL_Driver/Src/stm32f4xx_hal.o
                0x20000464                uwTick
 .bss.__malloc_sbrk_start
                0x20000468        0x4 D:/Program File 2/ST/STM32CubeIDE_1.16.1/STM32CubeIDE/plugins/com.st.stm32cube.ide.mcu.externaltools.gnu-tools-for-stm32.12.3.rel1.win32_1.0.200.202406191623/tools/bin/../lib/gcc/arm-none-eabi/12.3.1/../../../../arm-none-eabi/lib/thumb/v7e-m+fp/hard\libc_nano.a(libc_a-mallocr.o)
                0x20000468                __malloc_sbrk_start
 .bss.__malloc_free_list
                0x2000046c        0x4 D:/Program File 2/ST/STM32CubeIDE_1.16.1/STM32CubeIDE/plugins/com.st.stm32cube.ide.mcu.externaltools.gnu-tools-for-stm32.12.3.rel1.win32_1.0.200.202406191623/tools/bin/../lib/gcc/arm-none-eabi/12.3.1/../../../../arm-none-eabi/lib/thumb/v7e-m+fp/hard\libc_nano.a(libc_a-mallocr.o)
                0x2000046c                __malloc_free_list
 .bss.__sf      0x20000470      0x138 D:/Program File 2/ST/STM32CubeIDE_1.16.1/STM32CubeIDE/plugins/com.st.stm32cube.ide.mcu.externaltools.gnu-tools-for-stm32.12.3.rel1.win32_1.0.200.202406191623/tools/bin/../lib/gcc/arm-none-eabi/12.3.1/../../../../arm-none-eabi/lib/thumb/v7e-m+fp/hard\libc_nano.a(libc_a-findfp.o)
                0x20000470                __sf
 .bss.errno     0x200005a8        0x4 D:/Program File 2/ST/STM32CubeIDE_1.16.1/STM32CubeIDE/plugins/com.st.stm32cube.ide.mcu.externaltools.gnu-tools-for-stm32.12.3.rel1.win32_1.0.200.202406191623/tools/bin/../lib/gcc/arm-none-eabi/12.3.1/../../../../arm-none-eabi/lib/thumb/v7e-m+fp/hard\libc_nano.a(libc_a-reent.o)
                0x200005a8                errno
 .bss.__lock___malloc_recursive_mutex
                0x200005ac        0x1 D:/Program File 2/ST/STM32CubeIDE_1.16.1/STM32CubeIDE/plugins/com.st.stm32cube.ide.mcu.externaltools.gnu-tools-for-stm32.12.3.rel1.win32_1.0.200.202406191623/tools/bin/../lib/gcc/arm-none-eabi/12.3.1/../../../../arm-none-eabi/lib/thumb/v7e-m+fp/hard\libc_nano.a(libc_a-lock.o)
                0x200005ac                __lock___malloc_recursive_mutex
 *(COMMON)
                0x200005b0                        . = ALIGN (0x4)
 *fill*         0x200005ad        0x3 
                0x200005b0                        _ebss = .
                0x200005b0                        __bss_end__ = _ebss

._user_heap_stack
                0x200005b0      0x600 load address 0x0800771c
                0x200005b0                        . = ALIGN (0x8)
                [!provide]                        PROVIDE (end = .)
                0x200005b0                        PROVIDE (_end = .)
                0x200007b0                        . = (. + _Min_Heap_Size)
 *fill*         0x200005b0      0x200 
                0x20000bb0                        . = (. + _Min_Stack_Size)
 *fill*         0x200007b0      0x400 
                0x20000bb0                        . = ALIGN (0x8)

/DISCARD/
 libc.a(*)
 libm.a(*)
 libgcc.a(*)

.ARM.attributes
                0x00000000       0x30
 *(.ARM.attributes)
 .ARM.attributes
                0x00000000       0x22 D:/Program File 2/ST/STM32CubeIDE_1.16.1/STM32CubeIDE/plugins/com.st.stm32cube.ide.mcu.externaltools.gnu-tools-for-stm32.12.3.rel1.win32_1.0.200.202406191623/tools/bin/../lib/gcc/arm-none-eabi/12.3.1/thumb/v7e-m+fp/hard/crti.o
 .ARM.attributes
                0x00000022       0x34 D:/Program File 2/ST/STM32CubeIDE_1.16.1/STM32CubeIDE/plugins/com.st.stm32cube.ide.mcu.externaltools.gnu-tools-for-stm32.12.3.rel1.win32_1.0.200.202406191623/tools/bin/../lib/gcc/arm-none-eabi/12.3.1/thumb/v7e-m+fp/hard/crtbegin.o
 .ARM.attributes
                0x00000056       0x34 ./Core/Src/LoRa.o
 .ARM.attributes
                0x0000008a       0x34 ./Core/Src/bsp_lora.o
 .ARM.attributes
                0x000000be       0x34 ./Core/Src/lora_network_node.o
 .ARM.attributes
                0x000000f2       0x34 ./Core/Src/main.o
 .ARM.attributes
                0x00000126       0x34 ./Core/Src/stm32f4xx_hal_msp.o
 .ARM.attributes
                0x0000015a       0x34 ./Core/Src/stm32f4xx_hal_timebase_tim.o
 .ARM.attributes
                0x0000018e       0x34 ./Core/Src/stm32f4xx_it.o
 .ARM.attributes
                0x000001c2       0x34 ./Core/Src/sysmem.o
 .ARM.attributes
                0x000001f6       0x34 ./Core/Src/system_stm32f4xx.o
 .ARM.attributes
                0x0000022a       0x21 ./Core/Startup/startup_stm32f411ceux.o
 .ARM.attributes
                0x0000024b       0x34 ./Drivers/STM32F4xx_HAL_Driver/Src/stm32f4xx_hal.o
 .ARM.attributes
                0x0000027f       0x34 ./Drivers/STM32F4xx_HAL_Driver/Src/stm32f4xx_hal_cortex.o
 .ARM.attributes
                0x000002b3       0x34 ./Drivers/STM32F4xx_HAL_Driver/Src/stm32f4xx_hal_dma.o
 .ARM.attributes
                0x000002e7       0x34 ./Drivers/STM32F4xx_HAL_Driver/Src/stm32f4xx_hal_gpio.o
 .ARM.attributes
                0x0000031b       0x34 ./Drivers/STM32F4xx_HAL_Driver/Src/stm32f4xx_hal_i2c.o
 .ARM.attributes
                0x0000034f       0x34 ./Drivers/STM32F4xx_HAL_Driver/Src/stm32f4xx_hal_rcc.o
 .ARM.attributes
                0x00000383       0x34 ./Drivers/STM32F4xx_HAL_Driver/Src/stm32f4xx_hal_spi.o
 .ARM.attributes
                0x000003b7       0x34 ./Drivers/STM32F4xx_HAL_Driver/Src/stm32f4xx_hal_tim.o
 .ARM.attributes
                0x000003eb       0x34 ./Drivers/STM32F4xx_HAL_Driver/Src/stm32f4xx_hal_tim_ex.o
 .ARM.attributes
                0x0000041f       0x34 ./Drivers/STM32F4xx_HAL_Driver/Src/stm32f4xx_hal_uart.o
 .ARM.attributes
                0x00000453       0x34 D:/Program File 2/ST/STM32CubeIDE_1.16.1/STM32CubeIDE/plugins/com.st.stm32cube.ide.mcu.externaltools.gnu-tools-for-stm32.12.3.rel1.win32_1.0.200.202406191623/tools/bin/../lib/gcc/arm-none-eabi/12.3.1/../../../../arm-none-eabi/lib/thumb/v7e-m+fp/hard\libc_nano.a(libc_a-malloc.o)
 .ARM.attributes
                0x00000487       0x34 D:/Program File 2/ST/STM32CubeIDE_1.16.1/STM32CubeIDE/plugins/com.st.stm32cube.ide.mcu.externaltools.gnu-tools-for-stm32.12.3.rel1.win32_1.0.200.202406191623/tools/bin/../lib/gcc/arm-none-eabi/12.3.1/../../../../arm-none-eabi/lib/thumb/v7e-m+fp/hard\libc_nano.a(libc_a-mallocr.o)
 .ARM.attributes
                0x000004bb       0x34 D:/Program File 2/ST/STM32CubeIDE_1.16.1/STM32CubeIDE/plugins/com.st.stm32cube.ide.mcu.externaltools.gnu-tools-for-stm32.12.3.rel1.win32_1.0.200.202406191623/tools/bin/../lib/gcc/arm-none-eabi/12.3.1/../../../../arm-none-eabi/lib/thumb/v7e-m+fp/hard\libc_nano.a(libc_a-mlock.o)
 .ARM.attributes
                0x000004ef       0x34 D:/Program File 2/ST/STM32CubeIDE_1.16.1/STM32CubeIDE/plugins/com.st.stm32cube.ide.mcu.externaltools.gnu-tools-for-stm32.12.3.rel1.win32_1.0.200.202406191623/tools/bin/../lib/gcc/arm-none-eabi/12.3.1/../../../../arm-none-eabi/lib/thumb/v7e-m+fp/hard\libc_nano.a(libc_a-findfp.o)
 .ARM.attributes
                0x00000523       0x34 D:/Program File 2/ST/STM32CubeIDE_1.16.1/STM32CubeIDE/plugins/com.st.stm32cube.ide.mcu.externaltools.gnu-tools-for-stm32.12.3.rel1.win32_1.0.200.202406191623/tools/bin/../lib/gcc/arm-none-eabi/12.3.1/../../../../arm-none-eabi/lib/thumb/v7e-m+fp/hard\libc_nano.a(libc_a-sprintf.o)
 .ARM.attributes
                0x00000557       0x34 D:/Program File 2/ST/STM32CubeIDE_1.16.1/STM32CubeIDE/plugins/com.st.stm32cube.ide.mcu.externaltools.gnu-tools-for-stm32.12.3.rel1.win32_1.0.200.202406191623/tools/bin/../lib/gcc/arm-none-eabi/12.3.1/../../../../arm-none-eabi/lib/thumb/v7e-m+fp/hard\libc_nano.a(libc_a-memset.o)
 .ARM.attributes
                0x0000058b       0x34 D:/Program File 2/ST/STM32CubeIDE_1.16.1/STM32CubeIDE/plugins/com.st.stm32cube.ide.mcu.externaltools.gnu-tools-for-stm32.12.3.rel1.win32_1.0.200.202406191623/tools/bin/../lib/gcc/arm-none-eabi/12.3.1/../../../../arm-none-eabi/lib/thumb/v7e-m+fp/hard\libc_nano.a(libc_a-reent.o)
 .ARM.attributes
                0x000005bf       0x34 D:/Program File 2/ST/STM32CubeIDE_1.16.1/STM32CubeIDE/plugins/com.st.stm32cube.ide.mcu.externaltools.gnu-tools-for-stm32.12.3.rel1.win32_1.0.200.202406191623/tools/bin/../lib/gcc/arm-none-eabi/12.3.1/../../../../arm-none-eabi/lib/thumb/v7e-m+fp/hard\libc_nano.a(libc_a-impure.o)
 .ARM.attributes
                0x000005f3       0x34 D:/Program File 2/ST/STM32CubeIDE_1.16.1/STM32CubeIDE/plugins/com.st.stm32cube.ide.mcu.externaltools.gnu-tools-for-stm32.12.3.rel1.win32_1.0.200.202406191623/tools/bin/../lib/gcc/arm-none-eabi/12.3.1/../../../../arm-none-eabi/lib/thumb/v7e-m+fp/hard\libc_nano.a(libc_a-sbrkr.o)
 .ARM.attributes
                0x00000627       0x34 D:/Program File 2/ST/STM32CubeIDE_1.16.1/STM32CubeIDE/plugins/com.st.stm32cube.ide.mcu.externaltools.gnu-tools-for-stm32.12.3.rel1.win32_1.0.200.202406191623/tools/bin/../lib/gcc/arm-none-eabi/12.3.1/../../../../arm-none-eabi/lib/thumb/v7e-m+fp/hard\libc_nano.a(libc_a-errno.o)
 .ARM.attributes
                0x0000065b       0x34 D:/Program File 2/ST/STM32CubeIDE_1.16.1/STM32CubeIDE/plugins/com.st.stm32cube.ide.mcu.externaltools.gnu-tools-for-stm32.12.3.rel1.win32_1.0.200.202406191623/tools/bin/../lib/gcc/arm-none-eabi/12.3.1/../../../../arm-none-eabi/lib/thumb/v7e-m+fp/hard\libc_nano.a(libc_a-init.o)
 .ARM.attributes
                0x0000068f       0x34 D:/Program File 2/ST/STM32CubeIDE_1.16.1/STM32CubeIDE/plugins/com.st.stm32cube.ide.mcu.externaltools.gnu-tools-for-stm32.12.3.rel1.win32_1.0.200.202406191623/tools/bin/../lib/gcc/arm-none-eabi/12.3.1/../../../../arm-none-eabi/lib/thumb/v7e-m+fp/hard\libc_nano.a(libc_a-lock.o)
 .ARM.attributes
                0x000006c3       0x34 D:/Program File 2/ST/STM32CubeIDE_1.16.1/STM32CubeIDE/plugins/com.st.stm32cube.ide.mcu.externaltools.gnu-tools-for-stm32.12.3.rel1.win32_1.0.200.202406191623/tools/bin/../lib/gcc/arm-none-eabi/12.3.1/../../../../arm-none-eabi/lib/thumb/v7e-m+fp/hard\libc_nano.a(libc_a-memcpy-stub.o)
 .ARM.attributes
                0x000006f7       0x34 D:/Program File 2/ST/STM32CubeIDE_1.16.1/STM32CubeIDE/plugins/com.st.stm32cube.ide.mcu.externaltools.gnu-tools-for-stm32.12.3.rel1.win32_1.0.200.202406191623/tools/bin/../lib/gcc/arm-none-eabi/12.3.1/../../../../arm-none-eabi/lib/thumb/v7e-m+fp/hard\libc_nano.a(libc_a-freer.o)
 .ARM.attributes
                0x0000072b       0x34 D:/Program File 2/ST/STM32CubeIDE_1.16.1/STM32CubeIDE/plugins/com.st.stm32cube.ide.mcu.externaltools.gnu-tools-for-stm32.12.3.rel1.win32_1.0.200.202406191623/tools/bin/../lib/gcc/arm-none-eabi/12.3.1/../../../../arm-none-eabi/lib/thumb/v7e-m+fp/hard\libc_nano.a(libc_a-nano-svfprintf.o)
 .ARM.attributes
                0x0000075f       0x34 D:/Program File 2/ST/STM32CubeIDE_1.16.1/STM32CubeIDE/plugins/com.st.stm32cube.ide.mcu.externaltools.gnu-tools-for-stm32.12.3.rel1.win32_1.0.200.202406191623/tools/bin/../lib/gcc/arm-none-eabi/12.3.1/../../../../arm-none-eabi/lib/thumb/v7e-m+fp/hard\libc_nano.a(libc_a-nano-vfprintf_i.o)
 .ARM.attributes
                0x00000793       0x34 D:/Program File 2/ST/STM32CubeIDE_1.16.1/STM32CubeIDE/plugins/com.st.stm32cube.ide.mcu.externaltools.gnu-tools-for-stm32.12.3.rel1.win32_1.0.200.202406191623/tools/bin/../lib/gcc/arm-none-eabi/12.3.1/../../../../arm-none-eabi/lib/thumb/v7e-m+fp/hard\libc_nano.a(libc_a-memmove.o)
 .ARM.attributes
                0x000007c7       0x1c D:/Program File 2/ST/STM32CubeIDE_1.16.1/STM32CubeIDE/plugins/com.st.stm32cube.ide.mcu.externaltools.gnu-tools-for-stm32.12.3.rel1.win32_1.0.200.202406191623/tools/bin/../lib/gcc/arm-none-eabi/12.3.1/../../../../arm-none-eabi/lib/thumb/v7e-m+fp/hard\libc_nano.a(libc_a-memchr.o)
 .ARM.attributes
                0x000007e3       0x34 D:/Program File 2/ST/STM32CubeIDE_1.16.1/STM32CubeIDE/plugins/com.st.stm32cube.ide.mcu.externaltools.gnu-tools-for-stm32.12.3.rel1.win32_1.0.200.202406191623/tools/bin/../lib/gcc/arm-none-eabi/12.3.1/../../../../arm-none-eabi/lib/thumb/v7e-m+fp/hard\libc_nano.a(libc_a-reallocr.o)
 .ARM.attributes
                0x00000817       0x34 D:/Program File 2/ST/STM32CubeIDE_1.16.1/STM32CubeIDE/plugins/com.st.stm32cube.ide.mcu.externaltools.gnu-tools-for-stm32.12.3.rel1.win32_1.0.200.202406191623/tools/bin/../lib/gcc/arm-none-eabi/12.3.1/../../../../arm-none-eabi/lib/thumb/v7e-m+fp/hard\libc_nano.a(libc_a-msizer.o)
 .ARM.attributes
                0x0000084b       0x22 D:/Program File 2/ST/STM32CubeIDE_1.16.1/STM32CubeIDE/plugins/com.st.stm32cube.ide.mcu.externaltools.gnu-tools-for-stm32.12.3.rel1.win32_1.0.200.202406191623/tools/bin/../lib/gcc/arm-none-eabi/12.3.1/thumb/v7e-m+fp/hard\libgcc.a(_arm_addsubdf3.o)
 .ARM.attributes
                0x0000086d       0x22 D:/Program File 2/ST/STM32CubeIDE_1.16.1/STM32CubeIDE/plugins/com.st.stm32cube.ide.mcu.externaltools.gnu-tools-for-stm32.12.3.rel1.win32_1.0.200.202406191623/tools/bin/../lib/gcc/arm-none-eabi/12.3.1/thumb/v7e-m+fp/hard\libgcc.a(_arm_muldivdf3.o)
 .ARM.attributes
                0x0000088f       0x22 D:/Program File 2/ST/STM32CubeIDE_1.16.1/STM32CubeIDE/plugins/com.st.stm32cube.ide.mcu.externaltools.gnu-tools-for-stm32.12.3.rel1.win32_1.0.200.202406191623/tools/bin/../lib/gcc/arm-none-eabi/12.3.1/thumb/v7e-m+fp/hard\libgcc.a(_arm_fixdfsi.o)
 .ARM.attributes
                0x000008b1       0x22 D:/Program File 2/ST/STM32CubeIDE_1.16.1/STM32CubeIDE/plugins/com.st.stm32cube.ide.mcu.externaltools.gnu-tools-for-stm32.12.3.rel1.win32_1.0.200.202406191623/tools/bin/../lib/gcc/arm-none-eabi/12.3.1/thumb/v7e-m+fp/hard\libgcc.a(_aeabi_uldivmod.o)
 .ARM.attributes
                0x000008d3       0x34 D:/Program File 2/ST/STM32CubeIDE_1.16.1/STM32CubeIDE/plugins/com.st.stm32cube.ide.mcu.externaltools.gnu-tools-for-stm32.12.3.rel1.win32_1.0.200.202406191623/tools/bin/../lib/gcc/arm-none-eabi/12.3.1/thumb/v7e-m+fp/hard\libgcc.a(_udivmoddi4.o)
 .ARM.attributes
                0x00000907       0x22 D:/Program File 2/ST/STM32CubeIDE_1.16.1/STM32CubeIDE/plugins/com.st.stm32cube.ide.mcu.externaltools.gnu-tools-for-stm32.12.3.rel1.win32_1.0.200.202406191623/tools/bin/../lib/gcc/arm-none-eabi/12.3.1/thumb/v7e-m+fp/hard\libgcc.a(_dvmd_tls.o)
 .ARM.attributes
                0x00000929       0x22 D:/Program File 2/ST/STM32CubeIDE_1.16.1/STM32CubeIDE/plugins/com.st.stm32cube.ide.mcu.externaltools.gnu-tools-for-stm32.12.3.rel1.win32_1.0.200.202406191623/tools/bin/../lib/gcc/arm-none-eabi/12.3.1/thumb/v7e-m+fp/hard/crtn.o
OUTPUT(user_app_node.elf elf32-littlearm)
LOAD linker stubs
LOAD D:/Program File 2/ST/STM32CubeIDE_1.16.1/STM32CubeIDE/plugins/com.st.stm32cube.ide.mcu.externaltools.gnu-tools-for-stm32.12.3.rel1.win32_1.0.200.202406191623/tools/bin/../lib/gcc/arm-none-eabi/12.3.1/../../../../arm-none-eabi/lib/thumb/v7e-m+fp/hard\libc.a
LOAD D:/Program File 2/ST/STM32CubeIDE_1.16.1/STM32CubeIDE/plugins/com.st.stm32cube.ide.mcu.externaltools.gnu-tools-for-stm32.12.3.rel1.win32_1.0.200.202406191623/tools/bin/../lib/gcc/arm-none-eabi/12.3.1/../../../../arm-none-eabi/lib/thumb/v7e-m+fp/hard\libm.a
LOAD D:/Program File 2/ST/STM32CubeIDE_1.16.1/STM32CubeIDE/plugins/com.st.stm32cube.ide.mcu.externaltools.gnu-tools-for-stm32.12.3.rel1.win32_1.0.200.202406191623/tools/bin/../lib/gcc/arm-none-eabi/12.3.1/thumb/v7e-m+fp/hard\libgcc.a

.debug_info     0x00000000    0x15593
 .debug_info    0x00000000      0xea2 ./Core/Src/LoRa.o
 .debug_info    0x00000ea2     0x1461 ./Core/Src/bsp_lora.o
 .debug_info    0x00002303      0xf8f ./Core/Src/lora_network_node.o
 .debug_info    0x00003292     0x1b4b ./Core/Src/main.o
 .debug_info    0x00004ddd     0x159b ./Core/Src/stm32f4xx_hal_msp.o
 .debug_info    0x00006378      0xb83 ./Core/Src/stm32f4xx_hal_timebase_tim.o
 .debug_info    0x00006efb      0xa1d ./Core/Src/stm32f4xx_it.o
 .debug_info    0x00007918      0x168 ./Core/Src/sysmem.o
 .debug_info    0x00007a80      0x53e ./Core/Src/system_stm32f4xx.o
 .debug_info    0x00007fbe       0x30 ./Core/Startup/startup_stm32f411ceux.o
 .debug_info    0x00007fee      0x8c4 ./Drivers/STM32F4xx_HAL_Driver/Src/stm32f4xx_hal.o
 .debug_info    0x000088b2      0xcfc ./Drivers/STM32F4xx_HAL_Driver/Src/stm32f4xx_hal_cortex.o
 .debug_info    0x000095ae      0x8e6 ./Drivers/STM32F4xx_HAL_Driver/Src/stm32f4xx_hal_dma.o
 .debug_info    0x00009e94      0x6f9 ./Drivers/STM32F4xx_HAL_Driver/Src/stm32f4xx_hal_gpio.o
 .debug_info    0x0000a58d     0x2426 ./Drivers/STM32F4xx_HAL_Driver/Src/stm32f4xx_hal_i2c.o
 .debug_info    0x0000c9b3      0x8f0 ./Drivers/STM32F4xx_HAL_Driver/Src/stm32f4xx_hal_rcc.o
 .debug_info    0x0000d2a3     0x1530 ./Drivers/STM32F4xx_HAL_Driver/Src/stm32f4xx_hal_spi.o
 .debug_info    0x0000e7d3     0x2996 ./Drivers/STM32F4xx_HAL_Driver/Src/stm32f4xx_hal_tim.o
 .debug_info    0x00011169     0x14d4 ./Drivers/STM32F4xx_HAL_Driver/Src/stm32f4xx_hal_tim_ex.o
 .debug_info    0x0001263d     0x2f56 ./Drivers/STM32F4xx_HAL_Driver/Src/stm32f4xx_hal_uart.o

.debug_abbrev   0x00000000     0x2de4
 .debug_abbrev  0x00000000      0x276 ./Core/Src/LoRa.o
 .debug_abbrev  0x00000276      0x3d5 ./Core/Src/bsp_lora.o
 .debug_abbrev  0x0000064b      0x2a4 ./Core/Src/lora_network_node.o
 .debug_abbrev  0x000008ef      0x34b ./Core/Src/main.o
 .debug_abbrev  0x00000c3a      0x25e ./Core/Src/stm32f4xx_hal_msp.o
 .debug_abbrev  0x00000e98      0x207 ./Core/Src/stm32f4xx_hal_timebase_tim.o
 .debug_abbrev  0x0000109f      0x1cb ./Core/Src/stm32f4xx_it.o
 .debug_abbrev  0x0000126a       0xbc ./Core/Src/sysmem.o
 .debug_abbrev  0x00001326      0x11a ./Core/Src/system_stm32f4xx.o
 .debug_abbrev  0x00001440       0x24 ./Core/Startup/startup_stm32f411ceux.o
 .debug_abbrev  0x00001464      0x24b ./Drivers/STM32F4xx_HAL_Driver/Src/stm32f4xx_hal.o
 .debug_abbrev  0x000016af      0x31d ./Drivers/STM32F4xx_HAL_Driver/Src/stm32f4xx_hal_cortex.o
 .debug_abbrev  0x000019cc      0x221 ./Drivers/STM32F4xx_HAL_Driver/Src/stm32f4xx_hal_dma.o
 .debug_abbrev  0x00001bed      0x1d3 ./Drivers/STM32F4xx_HAL_Driver/Src/stm32f4xx_hal_gpio.o
 .debug_abbrev  0x00001dc0      0x2bc ./Drivers/STM32F4xx_HAL_Driver/Src/stm32f4xx_hal_i2c.o
 .debug_abbrev  0x0000207c      0x2b6 ./Drivers/STM32F4xx_HAL_Driver/Src/stm32f4xx_hal_rcc.o
 .debug_abbrev  0x00002332      0x276 ./Drivers/STM32F4xx_HAL_Driver/Src/stm32f4xx_hal_spi.o
 .debug_abbrev  0x000025a8      0x28b ./Drivers/STM32F4xx_HAL_Driver/Src/stm32f4xx_hal_tim.o
 .debug_abbrev  0x00002833      0x296 ./Drivers/STM32F4xx_HAL_Driver/Src/stm32f4xx_hal_tim_ex.o
 .debug_abbrev  0x00002ac9      0x31b ./Drivers/STM32F4xx_HAL_Driver/Src/stm32f4xx_hal_uart.o

.debug_aranges  0x00000000     0x1358
 .debug_aranges
                0x00000000       0xd0 ./Core/Src/LoRa.o
 .debug_aranges
                0x000000d0       0xd0 ./Core/Src/bsp_lora.o
 .debug_aranges
                0x000001a0       0x48 ./Core/Src/lora_network_node.o
 .debug_aranges
                0x000001e8       0x88 ./Core/Src/main.o
 .debug_aranges
                0x00000270       0x60 ./Core/Src/stm32f4xx_hal_msp.o
 .debug_aranges
                0x000002d0       0x30 ./Core/Src/stm32f4xx_hal_timebase_tim.o
 .debug_aranges
                0x00000300       0xa0 ./Core/Src/stm32f4xx_it.o
 .debug_aranges
                0x000003a0       0x20 ./Core/Src/sysmem.o
 .debug_aranges
                0x000003c0       0x28 ./Core/Src/system_stm32f4xx.o
 .debug_aranges
                0x000003e8       0x28 ./Core/Startup/startup_stm32f411ceux.o
 .debug_aranges
                0x00000410       0xf0 ./Drivers/STM32F4xx_HAL_Driver/Src/stm32f4xx_hal.o
 .debug_aranges
                0x00000500      0x130 ./Drivers/STM32F4xx_HAL_Driver/Src/stm32f4xx_hal_cortex.o
 .debug_aranges
                0x00000630       0x90 ./Drivers/STM32F4xx_HAL_Driver/Src/stm32f4xx_hal_dma.o
 .debug_aranges
                0x000006c0       0x58 ./Drivers/STM32F4xx_HAL_Driver/Src/stm32f4xx_hal_gpio.o
 .debug_aranges
                0x00000718      0x2a8 ./Drivers/STM32F4xx_HAL_Driver/Src/stm32f4xx_hal_i2c.o
 .debug_aranges
                0x000009c0       0x88 ./Drivers/STM32F4xx_HAL_Driver/Src/stm32f4xx_hal_rcc.o
 .debug_aranges
                0x00000a48      0x1d0 ./Drivers/STM32F4xx_HAL_Driver/Src/stm32f4xx_hal_spi.o
 .debug_aranges
                0x00000c18      0x3d0 ./Drivers/STM32F4xx_HAL_Driver/Src/stm32f4xx_hal_tim.o
 .debug_aranges
                0x00000fe8      0x168 ./Drivers/STM32F4xx_HAL_Driver/Src/stm32f4xx_hal_tim_ex.o
 .debug_aranges
                0x00001150      0x208 ./Drivers/STM32F4xx_HAL_Driver/Src/stm32f4xx_hal_uart.o

.debug_rnglists
                0x00000000      0xf64
 .debug_rnglists
                0x00000000       0x9d ./Core/Src/LoRa.o
 .debug_rnglists
                0x0000009d       0x9b ./Core/Src/bsp_lora.o
 .debug_rnglists
                0x00000138       0x5e ./Core/Src/lora_network_node.o
 .debug_rnglists
                0x00000196       0x65 ./Core/Src/main.o
 .debug_rnglists
                0x000001fb       0x46 ./Core/Src/stm32f4xx_hal_msp.o
 .debug_rnglists
                0x00000241       0x20 ./Core/Src/stm32f4xx_hal_timebase_tim.o
 .debug_rnglists
                0x00000261       0x73 ./Core/Src/stm32f4xx_it.o
 .debug_rnglists
                0x000002d4       0x13 ./Core/Src/sysmem.o
 .debug_rnglists
                0x000002e7       0x1a ./Core/Src/system_stm32f4xx.o
 .debug_rnglists
                0x00000301       0x19 ./Core/Startup/startup_stm32f411ceux.o
 .debug_rnglists
                0x0000031a       0xaf ./Drivers/STM32F4xx_HAL_Driver/Src/stm32f4xx_hal.o
 .debug_rnglists
                0x000003c9       0xe0 ./Drivers/STM32F4xx_HAL_Driver/Src/stm32f4xx_hal_cortex.o
 .debug_rnglists
                0x000004a9       0x70 ./Drivers/STM32F4xx_HAL_Driver/Src/stm32f4xx_hal_dma.o
 .debug_rnglists
                0x00000519       0x3f ./Drivers/STM32F4xx_HAL_Driver/Src/stm32f4xx_hal_gpio.o
 .debug_rnglists
                0x00000558      0x23c ./Drivers/STM32F4xx_HAL_Driver/Src/stm32f4xx_hal_i2c.o
 .debug_rnglists
                0x00000794       0x66 ./Drivers/STM32F4xx_HAL_Driver/Src/stm32f4xx_hal_rcc.o
 .debug_rnglists
                0x000007fa      0x16f ./Drivers/STM32F4xx_HAL_Driver/Src/stm32f4xx_hal_spi.o
 .debug_rnglists
                0x00000969      0x31a ./Drivers/STM32F4xx_HAL_Driver/Src/stm32f4xx_hal_tim.o
 .debug_rnglists
                0x00000c83      0x125 ./Drivers/STM32F4xx_HAL_Driver/Src/stm32f4xx_hal_tim_ex.o
 .debug_rnglists
                0x00000da8      0x1bc ./Drivers/STM32F4xx_HAL_Driver/Src/stm32f4xx_hal_uart.o

.debug_macro    0x00000000    0x17909
 .debug_macro   0x00000000      0x209 ./Core/Src/LoRa.o
 .debug_macro   0x00000209      0xab4 ./Core/Src/LoRa.o
 .debug_macro   0x00000cbd      0x2a7 ./Core/Src/LoRa.o
 .debug_macro   0x00000f64       0x2e ./Core/Src/LoRa.o
 .debug_macro   0x00000f92       0x28 ./Core/Src/LoRa.o
 .debug_macro   0x00000fba       0x22 ./Core/Src/LoRa.o
 .debug_macro   0x00000fdc       0x8e ./Core/Src/LoRa.o
 .debug_macro   0x0000106a       0x51 ./Core/Src/LoRa.o
 .debug_macro   0x000010bb      0x103 ./Core/Src/LoRa.o
 .debug_macro   0x000011be       0x6a ./Core/Src/LoRa.o
 .debug_macro   0x00001228      0x1df ./Core/Src/LoRa.o
 .debug_macro   0x00001407       0x1c ./Core/Src/LoRa.o
 .debug_macro   0x00001423       0x22 ./Core/Src/LoRa.o
 .debug_macro   0x00001445       0xfb ./Core/Src/LoRa.o
 .debug_macro   0x00001540     0x1011 ./Core/Src/LoRa.o
 .debug_macro   0x00002551      0x11f ./Core/Src/LoRa.o
 .debug_macro   0x00002670     0xb953 ./Core/Src/LoRa.o
 .debug_macro   0x0000dfc3       0x6d ./Core/Src/LoRa.o
 .debug_macro   0x0000e030     0x369a ./Core/Src/LoRa.o
 .debug_macro   0x000116ca      0x189 ./Core/Src/LoRa.o
 .debug_macro   0x00011853       0x5c ./Core/Src/LoRa.o
 .debug_macro   0x000118af      0x45c ./Core/Src/LoRa.o
 .debug_macro   0x00011d0b      0x9e9 ./Core/Src/LoRa.o
 .debug_macro   0x000126f4      0x115 ./Core/Src/LoRa.o
 .debug_macro   0x00012809      0x11b ./Core/Src/LoRa.o
 .debug_macro   0x00012924       0xa5 ./Core/Src/LoRa.o
 .debug_macro   0x000129c9      0x15f ./Core/Src/LoRa.o
 .debug_macro   0x00012b28      0x287 ./Core/Src/LoRa.o
 .debug_macro   0x00012daf       0x5f ./Core/Src/LoRa.o
 .debug_macro   0x00012e0e      0x236 ./Core/Src/LoRa.o
 .debug_macro   0x00013044      0x132 ./Core/Src/LoRa.o
 .debug_macro   0x00013176      0x264 ./Core/Src/LoRa.o
 .debug_macro   0x000133da       0x2e ./Core/Src/LoRa.o
 .debug_macro   0x00013408      0x1b5 ./Core/Src/LoRa.o
 .debug_macro   0x000135bd       0x22 ./Core/Src/LoRa.o
 .debug_macro   0x000135df       0xd6 ./Core/Src/LoRa.o
 .debug_macro   0x000136b5      0x127 ./Core/Src/LoRa.o
 .debug_macro   0x000137dc       0x85 ./Core/Src/LoRa.o
 .debug_macro   0x00013861       0x89 ./Core/Src/LoRa.o
 .debug_macro   0x000138ea      0x225 ./Core/Src/LoRa.o
 .debug_macro   0x00013b0f      0x8ed ./Core/Src/LoRa.o
 .debug_macro   0x000143fc       0x47 ./Core/Src/LoRa.o
 .debug_macro   0x00014443      0x2aa ./Core/Src/LoRa.o
 .debug_macro   0x000146ed      0x126 ./Core/Src/LoRa.o
 .debug_macro   0x00014813       0x88 ./Core/Src/LoRa.o
 .debug_macro   0x0001489b      0x178 ./Core/Src/LoRa.o
 .debug_macro   0x00014a13      0x2e6 ./Core/Src/bsp_lora.o
 .debug_macro   0x00014cf9       0x2e ./Core/Src/bsp_lora.o
 .debug_macro   0x00014d27       0x61 ./Core/Src/bsp_lora.o
 .debug_macro   0x00014d88       0x2a ./Core/Src/bsp_lora.o
 .debug_macro   0x00014db2       0x43 ./Core/Src/bsp_lora.o
 .debug_macro   0x00014df5       0x34 ./Core/Src/bsp_lora.o
 .debug_macro   0x00014e29       0x16 ./Core/Src/bsp_lora.o
 .debug_macro   0x00014e3f       0x43 ./Core/Src/bsp_lora.o
 .debug_macro   0x00014e82       0x34 ./Core/Src/bsp_lora.o
 .debug_macro   0x00014eb6       0x10 ./Core/Src/bsp_lora.o
 .debug_macro   0x00014ec6       0x58 ./Core/Src/bsp_lora.o
 .debug_macro   0x00014f1e       0x8e ./Core/Src/bsp_lora.o
 .debug_macro   0x00014fac       0x1c ./Core/Src/bsp_lora.o
 .debug_macro   0x00014fc8      0x177 ./Core/Src/bsp_lora.o
 .debug_macro   0x0001513f      0x369 ./Core/Src/bsp_lora.o
 .debug_macro   0x000154a8       0x10 ./Core/Src/bsp_lora.o
 .debug_macro   0x000154b8       0x35 ./Core/Src/bsp_lora.o
 .debug_macro   0x000154ed       0x20 ./Core/Src/bsp_lora.o
 .debug_macro   0x0001550d      0x22b ./Core/Src/lora_network_node.o
 .debug_macro   0x00015738       0x22 ./Core/Src/lora_network_node.o
 .debug_macro   0x0001575a      0x22f ./Core/Src/main.o
 .debug_macro   0x00015989      0x200 ./Core/Src/stm32f4xx_hal_msp.o
 .debug_macro   0x00015b89      0x1f1 ./Core/Src/stm32f4xx_hal_timebase_tim.o
 .debug_macro   0x00015d7a      0x20a ./Core/Src/stm32f4xx_it.o
 .debug_macro   0x00015f84       0xff ./Core/Src/sysmem.o
 .debug_macro   0x00016083      0x23c ./Core/Src/sysmem.o
 .debug_macro   0x000162bf      0x1f1 ./Core/Src/system_stm32f4xx.o
 .debug_macro   0x000164b0      0x251 ./Drivers/STM32F4xx_HAL_Driver/Src/stm32f4xx_hal.o
 .debug_macro   0x00016701      0x1f1 ./Drivers/STM32F4xx_HAL_Driver/Src/stm32f4xx_hal_cortex.o
 .debug_macro   0x000168f2      0x1f7 ./Drivers/STM32F4xx_HAL_Driver/Src/stm32f4xx_hal_dma.o
 .debug_macro   0x00016ae9      0x1f7 ./Drivers/STM32F4xx_HAL_Driver/Src/stm32f4xx_hal_gpio.o
 .debug_macro   0x00016ce0      0x23f ./Drivers/STM32F4xx_HAL_Driver/Src/stm32f4xx_hal_i2c.o
 .debug_macro   0x00016f1f      0x215 ./Drivers/STM32F4xx_HAL_Driver/Src/stm32f4xx_hal_rcc.o
 .debug_macro   0x00017134      0x200 ./Drivers/STM32F4xx_HAL_Driver/Src/stm32f4xx_hal_spi.o
 .debug_macro   0x00017334      0x1f2 ./Drivers/STM32F4xx_HAL_Driver/Src/stm32f4xx_hal_tim.o
 .debug_macro   0x00017526      0x1f1 ./Drivers/STM32F4xx_HAL_Driver/Src/stm32f4xx_hal_tim_ex.o
 .debug_macro   0x00017717      0x1f2 ./Drivers/STM32F4xx_HAL_Driver/Src/stm32f4xx_hal_uart.o

.debug_line     0x00000000    0x188e6
 .debug_line    0x00000000      0xdd6 ./Core/Src/LoRa.o
 .debug_line    0x00000dd6      0xed1 ./Core/Src/bsp_lora.o
 .debug_line    0x00001ca7      0xbf0 ./Core/Src/lora_network_node.o
 .debug_line    0x00002897      0xc88 ./Core/Src/main.o
 .debug_line    0x0000351f      0xa9a ./Core/Src/stm32f4xx_hal_msp.o
 .debug_line    0x00003fb9      0x996 ./Core/Src/stm32f4xx_hal_timebase_tim.o
 .debug_line    0x0000494f      0xa98 ./Core/Src/stm32f4xx_it.o
 .debug_line    0x000053e7      0x716 ./Core/Src/sysmem.o
 .debug_line    0x00005afd      0x99f ./Core/Src/system_stm32f4xx.o
 .debug_line    0x0000649c       0x7a ./Core/Startup/startup_stm32f411ceux.o
 .debug_line    0x00006516      0xc08 ./Drivers/STM32F4xx_HAL_Driver/Src/stm32f4xx_hal.o
 .debug_line    0x0000711e      0xefa ./Drivers/STM32F4xx_HAL_Driver/Src/stm32f4xx_hal_cortex.o
 .debug_line    0x00008018     0x1178 ./Drivers/STM32F4xx_HAL_Driver/Src/stm32f4xx_hal_dma.o
 .debug_line    0x00009190      0xd58 ./Drivers/STM32F4xx_HAL_Driver/Src/stm32f4xx_hal_gpio.o
 .debug_line    0x00009ee8     0x3d4e ./Drivers/STM32F4xx_HAL_Driver/Src/stm32f4xx_hal_i2c.o
 .debug_line    0x0000dc36      0xf91 ./Drivers/STM32F4xx_HAL_Driver/Src/stm32f4xx_hal_rcc.o
 .debug_line    0x0000ebc7     0x1f26 ./Drivers/STM32F4xx_HAL_Driver/Src/stm32f4xx_hal_spi.o
 .debug_line    0x00010aed     0x3786 ./Drivers/STM32F4xx_HAL_Driver/Src/stm32f4xx_hal_tim.o
 .debug_line    0x00014273     0x1b99 ./Drivers/STM32F4xx_HAL_Driver/Src/stm32f4xx_hal_tim_ex.o
 .debug_line    0x00015e0c     0x2ada ./Drivers/STM32F4xx_HAL_Driver/Src/stm32f4xx_hal_uart.o

.debug_str      0x00000000    0x930e5
 .debug_str     0x00000000    0x8a893 ./Core/Src/LoRa.o
                              0x8abcd (size before relaxing)
 .debug_str     0x0008a893     0x3aba ./Core/Src/bsp_lora.o
                              0x8e567 (size before relaxing)
 .debug_str     0x0008e34d      0x324 ./Core/Src/lora_network_node.o
                              0x8b15b (size before relaxing)
 .debug_str     0x0008e671      0xa0c ./Core/Src/main.o
                              0x8baf5 (size before relaxing)
 .debug_str     0x0008f07d      0x11a ./Core/Src/stm32f4xx_hal_msp.o
                              0x8b21f (size before relaxing)
 .debug_str     0x0008f197       0xf5 ./Core/Src/stm32f4xx_hal_timebase_tim.o
                              0x8a967 (size before relaxing)
 .debug_str     0x0008f28c      0x19e ./Core/Src/stm32f4xx_it.o
                              0x8a91d (size before relaxing)
 .debug_str     0x0008f42a      0x4dc ./Core/Src/sysmem.o
                               0x60ac (size before relaxing)
 .debug_str     0x0008f906       0xdb ./Core/Src/system_stm32f4xx.o
                              0x89fc8 (size before relaxing)
 .debug_str     0x0008f9e1       0x44 ./Core/Startup/startup_stm32f411ceux.o
                                 0x5f (size before relaxing)
 .debug_str     0x0008fa25      0x5b3 ./Drivers/STM32F4xx_HAL_Driver/Src/stm32f4xx_hal.o
                              0x8a9f4 (size before relaxing)
 .debug_str     0x0008ffd8      0x32d ./Drivers/STM32F4xx_HAL_Driver/Src/stm32f4xx_hal_cortex.o
                              0x8a75e (size before relaxing)
 .debug_str     0x00090305      0x2e6 ./Drivers/STM32F4xx_HAL_Driver/Src/stm32f4xx_hal_dma.o
                              0x8a3d0 (size before relaxing)
 .debug_str     0x000905eb       0xe8 ./Drivers/STM32F4xx_HAL_Driver/Src/stm32f4xx_hal_gpio.o
                              0x8a143 (size before relaxing)
 .debug_str     0x000906d3      0xb04 ./Drivers/STM32F4xx_HAL_Driver/Src/stm32f4xx_hal_i2c.o
                              0x8afd9 (size before relaxing)
 .debug_str     0x000911d7      0x1f2 ./Drivers/STM32F4xx_HAL_Driver/Src/stm32f4xx_hal_rcc.o
                              0x8a3fc (size before relaxing)
 .debug_str     0x000913c9      0x520 ./Drivers/STM32F4xx_HAL_Driver/Src/stm32f4xx_hal_spi.o
                              0x8a874 (size before relaxing)
 .debug_str     0x000918e9      0xd9d ./Drivers/STM32F4xx_HAL_Driver/Src/stm32f4xx_hal_tim.o
                              0x8b340 (size before relaxing)
 .debug_str     0x00092686      0x493 ./Drivers/STM32F4xx_HAL_Driver/Src/stm32f4xx_hal_tim_ex.o
                              0x8ab4c (size before relaxing)
 .debug_str     0x00092b19      0x5cc ./Drivers/STM32F4xx_HAL_Driver/Src/stm32f4xx_hal_uart.o
                              0x8a9cb (size before relaxing)

.comment        0x00000000       0x43
 .comment       0x00000000       0x43 ./Core/Src/LoRa.o
                                 0x44 (size before relaxing)
 .comment       0x00000043       0x44 ./Core/Src/bsp_lora.o
 .comment       0x00000043       0x44 ./Core/Src/lora_network_node.o
 .comment       0x00000043       0x44 ./Core/Src/main.o
 .comment       0x00000043       0x44 ./Core/Src/stm32f4xx_hal_msp.o
 .comment       0x00000043       0x44 ./Core/Src/stm32f4xx_hal_timebase_tim.o
 .comment       0x00000043       0x44 ./Core/Src/stm32f4xx_it.o
 .comment       0x00000043       0x44 ./Core/Src/sysmem.o
 .comment       0x00000043       0x44 ./Core/Src/system_stm32f4xx.o
 .comment       0x00000043       0x44 ./Drivers/STM32F4xx_HAL_Driver/Src/stm32f4xx_hal.o
 .comment       0x00000043       0x44 ./Drivers/STM32F4xx_HAL_Driver/Src/stm32f4xx_hal_cortex.o
 .comment       0x00000043       0x44 ./Drivers/STM32F4xx_HAL_Driver/Src/stm32f4xx_hal_dma.o
 .comment       0x00000043       0x44 ./Drivers/STM32F4xx_HAL_Driver/Src/stm32f4xx_hal_gpio.o
 .comment       0x00000043       0x44 ./Drivers/STM32F4xx_HAL_Driver/Src/stm32f4xx_hal_i2c.o
 .comment       0x00000043       0x44 ./Drivers/STM32F4xx_HAL_Driver/Src/stm32f4xx_hal_rcc.o
 .comment       0x00000043       0x44 ./Drivers/STM32F4xx_HAL_Driver/Src/stm32f4xx_hal_spi.o
 .comment       0x00000043       0x44 ./Drivers/STM32F4xx_HAL_Driver/Src/stm32f4xx_hal_tim.o
 .comment       0x00000043       0x44 ./Drivers/STM32F4xx_HAL_Driver/Src/stm32f4xx_hal_tim_ex.o
 .comment       0x00000043       0x44 ./Drivers/STM32F4xx_HAL_Driver/Src/stm32f4xx_hal_uart.o

.debug_frame    0x00000000     0x58f8
 .debug_frame   0x00000000      0x35c ./Core/Src/LoRa.o
 .debug_frame   0x0000035c      0x374 ./Core/Src/bsp_lora.o
 .debug_frame   0x000006d0       0xe8 ./Core/Src/lora_network_node.o
 .debug_frame   0x000007b8      0x1d0 ./Core/Src/main.o
 .debug_frame   0x00000988      0x158 ./Core/Src/stm32f4xx_hal_msp.o
 .debug_frame   0x00000ae0       0x74 ./Core/Src/stm32f4xx_hal_timebase_tim.o
 .debug_frame   0x00000b54      0x1e8 ./Core/Src/stm32f4xx_it.o
 .debug_frame   0x00000d3c       0x34 ./Core/Src/sysmem.o
 .debug_frame   0x00000d70       0x58 ./Core/Src/system_stm32f4xx.o
 .debug_frame   0x00000dc8      0x374 ./Drivers/STM32F4xx_HAL_Driver/Src/stm32f4xx_hal.o
 .debug_frame   0x0000113c      0x508 ./Drivers/STM32F4xx_HAL_Driver/Src/stm32f4xx_hal_cortex.o
 .debug_frame   0x00001644      0x250 ./Drivers/STM32F4xx_HAL_Driver/Src/stm32f4xx_hal_dma.o
 .debug_frame   0x00001894      0x14c ./Drivers/STM32F4xx_HAL_Driver/Src/stm32f4xx_hal_gpio.o
 .debug_frame   0x000019e0      0xc84 ./Drivers/STM32F4xx_HAL_Driver/Src/stm32f4xx_hal_i2c.o
 .debug_frame   0x00002664      0x1f4 ./Drivers/STM32F4xx_HAL_Driver/Src/stm32f4xx_hal_rcc.o
 .debug_frame   0x00002858      0x828 ./Drivers/STM32F4xx_HAL_Driver/Src/stm32f4xx_hal_spi.o
 .debug_frame   0x00003080     0x11b8 ./Drivers/STM32F4xx_HAL_Driver/Src/stm32f4xx_hal_tim.o
 .debug_frame   0x00004238      0x638 ./Drivers/STM32F4xx_HAL_Driver/Src/stm32f4xx_hal_tim_ex.o
 .debug_frame   0x00004870      0x954 ./Drivers/STM32F4xx_HAL_Driver/Src/stm32f4xx_hal_uart.o
 .debug_frame   0x000051c4       0x30 D:/Program File 2/ST/STM32CubeIDE_1.16.1/STM32CubeIDE/plugins/com.st.stm32cube.ide.mcu.externaltools.gnu-tools-for-stm32.12.3.rel1.win32_1.0.200.202406191623/tools/bin/../lib/gcc/arm-none-eabi/12.3.1/../../../../arm-none-eabi/lib/thumb/v7e-m+fp/hard\libc_nano.a(libc_a-malloc.o)
 .debug_frame   0x000051f4       0x50 D:/Program File 2/ST/STM32CubeIDE_1.16.1/STM32CubeIDE/plugins/com.st.stm32cube.ide.mcu.externaltools.gnu-tools-for-stm32.12.3.rel1.win32_1.0.200.202406191623/tools/bin/../lib/gcc/arm-none-eabi/12.3.1/../../../../arm-none-eabi/lib/thumb/v7e-m+fp/hard\libc_nano.a(libc_a-mallocr.o)
 .debug_frame   0x00005244       0x30 D:/Program File 2/ST/STM32CubeIDE_1.16.1/STM32CubeIDE/plugins/com.st.stm32cube.ide.mcu.externaltools.gnu-tools-for-stm32.12.3.rel1.win32_1.0.200.202406191623/tools/bin/../lib/gcc/arm-none-eabi/12.3.1/../../../../arm-none-eabi/lib/thumb/v7e-m+fp/hard\libc_nano.a(libc_a-mlock.o)