Archive member included to satisfy reference by file (symbol)

D:/Program File 2/ST/STM32CubeIDE_1.16.1/STM32CubeIDE/plugins/com.st.stm32cube.ide.mcu.externaltools.gnu-tools-for-stm32.12.3.rel1.win32_1.0.200.202406191623/tools/bin/../lib/gcc/arm-none-eabi/12.3.1/../../../../arm-none-eabi/lib/thumb/v7e-m+fp/hard\libc_nano.a(libc_a-exit.o)
                              D:/Program File 2/ST/STM32CubeIDE_1.16.1/STM32CubeIDE/plugins/com.st.stm32cube.ide.mcu.externaltools.gnu-tools-for-stm32.12.3.rel1.win32_1.0.200.202406191623/tools/bin/../lib/gcc/arm-none-eabi/12.3.1/../../../../arm-none-eabi/lib/thumb/v7e-m+fp/hard/crt0.o (exit)
D:/Program File 2/ST/STM32CubeIDE_1.16.1/STM32CubeIDE/plugins/com.st.stm32cube.ide.mcu.externaltools.gnu-tools-for-stm32.12.3.rel1.win32_1.0.200.202406191623/tools/bin/../lib/gcc/arm-none-eabi/12.3.1/../../../../arm-none-eabi/lib/thumb/v7e-m+fp/hard\libc_nano.a(libc_a-malloc.o)
                              ./Core/Src/bsp_lora.o (malloc)
D:/Program File 2/ST/STM32CubeIDE_1.16.1/STM32CubeIDE/plugins/com.st.stm32cube.ide.mcu.externaltools.gnu-tools-for-stm32.12.3.rel1.win32_1.0.200.202406191623/tools/bin/../lib/gcc/arm-none-eabi/12.3.1/../../../../arm-none-eabi/lib/thumb/v7e-m+fp/hard\libc_nano.a(libc_a-mallocr.o)
                              D:/Program File 2/ST/STM32CubeIDE_1.16.1/STM32CubeIDE/plugins/com.st.stm32cube.ide.mcu.externaltools.gnu-tools-for-stm32.12.3.rel1.win32_1.0.200.202406191623/tools/bin/../lib/gcc/arm-none-eabi/12.3.1/../../../../arm-none-eabi/lib/thumb/v7e-m+fp/hard\libc_nano.a(libc_a-malloc.o) (_malloc_r)
D:/Program File 2/ST/STM32CubeIDE_1.16.1/STM32CubeIDE/plugins/com.st.stm32cube.ide.mcu.externaltools.gnu-tools-for-stm32.12.3.rel1.win32_1.0.200.202406191623/tools/bin/../lib/gcc/arm-none-eabi/12.3.1/../../../../arm-none-eabi/lib/thumb/v7e-m+fp/hard\libc_nano.a(libc_a-mlock.o)
                              D:/Program File 2/ST/STM32CubeIDE_1.16.1/STM32CubeIDE/plugins/com.st.stm32cube.ide.mcu.externaltools.gnu-tools-for-stm32.12.3.rel1.win32_1.0.200.202406191623/tools/bin/../lib/gcc/arm-none-eabi/12.3.1/../../../../arm-none-eabi/lib/thumb/v7e-m+fp/hard\libc_nano.a(libc_a-mallocr.o) (__malloc_lock)
D:/Program File 2/ST/STM32CubeIDE_1.16.1/STM32CubeIDE/plugins/com.st.stm32cube.ide.mcu.externaltools.gnu-tools-for-stm32.12.3.rel1.win32_1.0.200.202406191623/tools/bin/../lib/gcc/arm-none-eabi/12.3.1/../../../../arm-none-eabi/lib/thumb/v7e-m+fp/hard\libc_nano.a(libc_a-findfp.o)
                              D:/Program File 2/ST/STM32CubeIDE_1.16.1/STM32CubeIDE/plugins/com.st.stm32cube.ide.mcu.externaltools.gnu-tools-for-stm32.12.3.rel1.win32_1.0.200.202406191623/tools/bin/../lib/gcc/arm-none-eabi/12.3.1/../../../../arm-none-eabi/lib/thumb/v7e-m+fp/hard\libc_nano.a(libc_a-exit.o) (__stdio_exit_handler)
D:/Program File 2/ST/STM32CubeIDE_1.16.1/STM32CubeIDE/plugins/com.st.stm32cube.ide.mcu.externaltools.gnu-tools-for-stm32.12.3.rel1.win32_1.0.200.202406191623/tools/bin/../lib/gcc/arm-none-eabi/12.3.1/../../../../arm-none-eabi/lib/thumb/v7e-m+fp/hard\libc_nano.a(libc_a-fwalk.o)
                              D:/Program File 2/ST/STM32CubeIDE_1.16.1/STM32CubeIDE/plugins/com.st.stm32cube.ide.mcu.externaltools.gnu-tools-for-stm32.12.3.rel1.win32_1.0.200.202406191623/tools/bin/../lib/gcc/arm-none-eabi/12.3.1/../../../../arm-none-eabi/lib/thumb/v7e-m+fp/hard\libc_nano.a(libc_a-findfp.o) (_fwalk_sglue)
D:/Program File 2/ST/STM32CubeIDE_1.16.1/STM32CubeIDE/plugins/com.st.stm32cube.ide.mcu.externaltools.gnu-tools-for-stm32.12.3.rel1.win32_1.0.200.202406191623/tools/bin/../lib/gcc/arm-none-eabi/12.3.1/../../../../arm-none-eabi/lib/thumb/v7e-m+fp/hard\libc_nano.a(libc_a-sprintf.o)
                              ./Core/Src/bsp_lora.o (sprintf)
D:/Program File 2/ST/STM32CubeIDE_1.16.1/STM32CubeIDE/plugins/com.st.stm32cube.ide.mcu.externaltools.gnu-tools-for-stm32.12.3.rel1.win32_1.0.200.202406191623/tools/bin/../lib/gcc/arm-none-eabi/12.3.1/../../../../arm-none-eabi/lib/thumb/v7e-m+fp/hard\libc_nano.a(libc_a-stdio.o)
                              D:/Program File 2/ST/STM32CubeIDE_1.16.1/STM32CubeIDE/plugins/com.st.stm32cube.ide.mcu.externaltools.gnu-tools-for-stm32.12.3.rel1.win32_1.0.200.202406191623/tools/bin/../lib/gcc/arm-none-eabi/12.3.1/../../../../arm-none-eabi/lib/thumb/v7e-m+fp/hard\libc_nano.a(libc_a-findfp.o) (__sread)
D:/Program File 2/ST/STM32CubeIDE_1.16.1/STM32CubeIDE/plugins/com.st.stm32cube.ide.mcu.externaltools.gnu-tools-for-stm32.12.3.rel1.win32_1.0.200.202406191623/tools/bin/../lib/gcc/arm-none-eabi/12.3.1/../../../../arm-none-eabi/lib/thumb/v7e-m+fp/hard\libc_nano.a(libc_a-memset.o)
                              D:/Program File 2/ST/STM32CubeIDE_1.16.1/STM32CubeIDE/plugins/com.st.stm32cube.ide.mcu.externaltools.gnu-tools-for-stm32.12.3.rel1.win32_1.0.200.202406191623/tools/bin/../lib/gcc/arm-none-eabi/12.3.1/../../../../arm-none-eabi/lib/thumb/v7e-m+fp/hard/crt0.o (memset)
[...]
Memory Configuration

Name             Origin             Length             Attributes
RAM              0x20000000         0x00020000         xrw
FLASH            0x08000000         0x00080000         xr
*default*        0x00000000         0xffffffff

Linker script and memory map

LOAD D:/Program File 2/ST/STM32CubeIDE_1.16.1/STM32CubeIDE/plugins/com.st.stm32cube.ide.mcu.externaltools.gnu-tools-for-stm32.12.3.rel1.win32_1.0.200.202406191623/tools/bin/../lib/gcc/arm-none-eabi/12.3.1/thumb/v7e-m+fp/hard/crti.o
LOAD D:/Program File 2/ST/STM32CubeIDE_1.16.1/STM32CubeIDE/plugins/com.st.stm32cube.ide.mcu.externaltools.gnu-tools-for-stm32.12.3.rel1.win32_1.0.200.202406191623/tools/bin/../lib/gcc/arm-none-eabi/12.3.1/thumb/v7e-m+fp/hard/crtbegin.o
LOAD D:/Program File 2/ST/STM32CubeIDE_1.16.1/STM32CubeIDE/plugins/com.st.stm32cube.ide.mcu.externaltools.gnu-tools-for-stm32.12.3.rel1.win32_1.0.200.202406191623/tools/bin/../lib/gcc/arm-none-eabi/12.3.1/../../../../arm-none-eabi/lib/thumb/v7e-m+fp/hard/crt0.o
LOAD ./Core/Src/LoRa.o
LOAD ./Core/Src/bsp_lora.o
LOAD ./Core/Src/freertos.o
LOAD ./Core/Src/lora_network.o
LOAD ./Core/Src/main.o
LOAD ./Core/Src/stm32f4xx_hal_msp.o
LOAD ./Core/Src/stm32f4xx_hal_timebase_tim.o
LOAD ./Core/Src/stm32f4xx_it.o
LOAD ./Core/Src/syscalls.o
LOAD ./Core/Src/sysmem.o
LOAD ./Core/Src/system_stm32f4xx.o
LOAD ./Core/Startup/startup_stm32f411ceux.o
LOAD ./Drivers/STM32F4xx_HAL_Driver/Src/stm32f4xx_hal.o
LOAD ./Drivers/STM32F4xx_HAL_Driver/Src/stm32f4xx_hal_cortex.o
LOAD ./Drivers/STM32F4xx_HAL_Driver/Src/stm32f4xx_hal_dma.o
LOAD ./Drivers/STM32F4xx_HAL_Driver/Src/stm32f4xx_hal_dma_ex.o
LOAD ./Drivers/STM32F4xx_HAL_Driver/Src/stm32f4xx_hal_exti.o
LOAD ./Drivers/STM32F4xx_HAL_Driver/Src/stm32f4xx_hal_flash.o
LOAD ./Drivers/STM32F4xx_HAL_Driver/Src/stm32f4xx_hal_flash_ex.o
LOAD ./Drivers/STM32F4xx_HAL_Driver/Src/stm32f4xx_hal_flash_ramfunc.o
LOAD ./Drivers/STM32F4xx_HAL_Driver/Src/stm32f4xx_hal_gpio.o
LOAD ./Drivers/STM32F4xx_HAL_Driver/Src/stm32f4xx_hal_i2c.o
LOAD ./Drivers/STM32F4xx_HAL_Driver/Src/stm32f4xx_hal_i2c_ex.o
LOAD ./Drivers/STM32F4xx_HAL_Driver/Src/stm32f4xx_hal_pcd.o
LOAD ./Drivers/STM32F4xx_HAL_Driver/Src/stm32f4xx_hal_pcd_ex.o
LOAD ./Drivers/STM32F4xx_HAL_Driver/Src/stm32f4xx_hal_pwr.o
LOAD ./Drivers/STM32F4xx_HAL_Driver/Src/stm32f4xx_hal_pwr_ex.o
LOAD ./Drivers/STM32F4xx_HAL_Driver/Src/stm32f4xx_hal_rcc.o
LOAD ./Drivers/STM32F4xx_HAL_Driver/Src/stm32f4xx_hal_rcc_ex.o
LOAD ./Drivers/STM32F4xx_HAL_Driver/Src/stm32f4xx_hal_spi.o
LOAD ./Drivers/STM32F4xx_HAL_Driver/Src/stm32f4xx_hal_tim.o
LOAD ./Drivers/STM32F4xx_HAL_Driver/Src/stm32f4xx_hal_tim_ex.o
LOAD ./Drivers/STM32F4xx_HAL_Driver/Src/stm32f4xx_hal_uart.o
LOAD ./Drivers/STM32F4xx_HAL_Driver/Src/stm32f4xx_ll_usb.o
LOAD ./Middlewares/ST/STM32_USB_Device_Library/Class/CDC/Src/usbd_cdc.o
LOAD ./Middlewares/ST/STM32_USB_Device_Library/Core/Src/usbd_core.o
LOAD ./Middlewares/ST/STM32_USB_Device_Library/Core/Src/usbd_ctlreq.o
LOAD ./Middlewares/ST/STM32_USB_Device_Library/Core/Src/usbd_ioreq.o
LOAD ./Middlewares/Third_Party/FreeRTOS/Source/CMSIS_RTOS/cmsis_os.o
LOAD ./Middlewares/Third_Party/FreeRTOS/Source/croutine.o
LOAD ./Middlewares/Third_Party/FreeRTOS/Source/event_groups.o
LOAD ./Middlewares/Third_Party/FreeRTOS/Source/list.o
LOAD ./Middlewares/Third_Party/FreeRTOS/Source/queue.o
LOAD ./Middlewares/Third_Party/FreeRTOS/Source/stream_buffer.o
LOAD ./Middlewares/Third_Party/FreeRTOS/Source/tasks.o
LOAD ./Middlewares/Third_Party/FreeRTOS/Source/timers.o
LOAD ./Middlewares/Third_Party/FreeRTOS/Source/portable/GCC/ARM_CM4F/port.o
LOAD ./Middlewares/Third_Party/FreeRTOS/Source/portable/MemMang/heap_4.o
LOAD ./USB_DEVICE/App/usb_device.o
LOAD ./USB_DEVICE/App/usbd_cdc_if.o
LOAD ./USB_DEVICE/App/usbd_desc.o
LOAD ./USB_DEVICE/Target/usbd_conf.o
START GROUP
LOAD D:/Program File 2/ST/STM32CubeIDE_1.16.1/STM32CubeIDE/plugins/com.st.stm32cube.ide.mcu.externaltools.gnu-tools-for-stm32.12.3.rel1.win32_1.0.200.202406191623/tools/bin/../lib/gcc/arm-none-eabi/12.3.1/../../../../arm-none-eabi/lib/thumb/v7e-m+fp/hard\libc_nano.a
LOAD D:/Program File 2/ST/STM32CubeIDE_1.16.1/STM32CubeIDE/plugins/com.st.stm32cube.ide.mcu.externaltools.gnu-tools-for-stm32.12.3.rel1.win32_1.0.200.202406191623/tools/bin/../lib/gcc/arm-none-eabi/12.3.1/../../../../arm-none-eabi/lib/thumb/v7e-m+fp/hard\libm.a
END GROUP
START GROUP
LOAD D:/Program File 2/ST/STM32CubeIDE_1.16.1/STM32CubeIDE/plugins/com.st.stm32cube.ide.mcu.externaltools.gnu-tools-for-stm32.12.3.rel1.win32_1.0.200.202406191623/tools/bin/../lib/gcc/arm-none-eabi/12.3.1/thumb/v7e-m+fp/hard\libgcc.a
LOAD D:/Program File 2/ST/STM32CubeIDE_1.16.1/STM32CubeIDE/plugins/com.st.stm32cube.ide.mcu.externaltools.gnu-tools-for-stm32.12.3.rel1.win32_1.0.200.202406191623/tools/bin/../lib/gcc/arm-none-eabi/12.3.1/../../../../arm-none-eabi/lib/thumb/v7e-m+fp/hard\libc_nano.a
END GROUP
START GROUP
LOAD D:/Program File 2/ST/STM32CubeIDE_1.16.1/STM32CubeIDE/plugins/com.st.stm32cube.ide.mcu.externaltools.gnu-tools-for-stm32.12.3.rel1.win32_1.0.200.202406191623/tools/bin/../lib/gcc/arm-none-eabi/12.3.1/thumb/v7e-m+fp/hard\libgcc.a
LOAD D:/Program File 2/ST/STM32CubeIDE_1.16.1/STM32CubeIDE/plugins/com.st.stm32cube.ide.mcu.externaltools.gnu-tools-for-stm32.12.3.rel1.win32_1.0.200.202406191623/tools/bin/../lib/gcc/arm-none-eabi/12.3.1/../../../../arm-none-eabi/lib/thumb/v7e-m+fp/hard\libc_nano.a
LOAD D:/Program File 2/ST/STM32CubeIDE_1.16.1/STM32CubeIDE/plugins/com.st.stm32cube.ide.mcu.externaltools.gnu-tools-for-stm32.12.3.rel1.win32_1.0.200.202406191623/tools/bin/../lib/gcc/arm-none-eabi/12.3.1/../../../../arm-none-eabi/lib/thumb/v7e-m+fp/hard\libnosys.a
END GROUP
START GROUP
LOAD D:/Program File 2/ST/STM32CubeIDE_1.16.1/STM32CubeIDE/plugins/com.st.stm32cube.ide.mcu.externaltools.gnu-tools-for-stm32.12.3.rel1.win32_1.0.200.202406191623/tools/bin/../lib/gcc/arm-none-eabi/12.3.1/thumb/v7e-m+fp/hard\libgcc.a
LOAD D:/Program File 2/ST/STM32CubeIDE_1.16.1/STM32CubeIDE/plugins/com.st.stm32cube.ide.mcu.externaltools.gnu-tools-for-stm32.12.3.rel1.win32_1.0.200.202406191623/tools/bin/../lib/gcc/arm-none-eabi/12.3.1/../../../../arm-none-eabi/lib/thumb/v7e-m+fp/hard\libc_nano.a
LOAD D:/Program File 2/ST/STM32CubeIDE_1.16.1/STM32CubeIDE/plugins/com.st.stm32cube.ide.mcu.externaltools.gnu-tools-for-stm32.12.3.rel1.win32_1.0.200.202406191623/tools/bin/../lib/gcc/arm-none-eabi/12.3.1/../../../../arm-none-eabi/lib/thumb/v7e-m+fp/hard\libnosys.a
END GROUP
LOAD D:/Program File 2/ST/STM32CubeIDE_1.16.1/STM32CubeIDE/plugins/com.st.stm32cube.ide.mcu.externaltools.gnu-tools-for-stm32.12.3.rel1.win32_1.0.200.202406191623/tools/bin/../lib/gcc/arm-none-eabi/12.3.1/thumb/v7e-m+fp/hard/crtend.o
LOAD D:/Program File 2/ST/STM32CubeIDE_1.16.1/STM32CubeIDE/plugins/com.st.stm32cube.ide.mcu.externaltools.gnu-tools-for-stm32.12.3.rel1.win32_1.0.200.202406191623/tools/bin/../lib/gcc/arm-none-eabi/12.3.1/thumb/v7e-m+fp/hard/crtn.o
                0x20020000                        _estack = (ORIGIN (RAM) + LENGTH (RAM))
                0x00000200                        _Min_Heap_Size = 0x200
                0x00000400                        _Min_Stack_Size = 0x400

.isr_vector     0x08000000      0x198
                0x08000000                        . = ALIGN (0x4)
 *(.isr_vector)
 .isr_vector    0x08000000      0x198 ./Core/Startup/startup_stm32f411ceux.o
                0x08000000                g_pfnVectors
                0x08000198                        . = ALIGN (0x4)

.text           0x080001a0     0xec4c
                0x080001a0                        . = ALIGN (0x4)
 *(.text)
 .text          0x080001a0       0x40 D:/Program File 2/ST/STM32CubeIDE_1.16.1/STM32CubeIDE/plugins/com.st.stm32cube.ide.mcu.externaltools.gnu-tools-for-stm32.12.3.rel1.win32_1.0.200.202406191623/tools/bin/../lib/gcc/arm-none-eabi/12.3.1/thumb/v7e-m+fp/hard/crtbegin.o
 .text          0x080001e0       0x10 D:/Program File 2/ST/STM32CubeIDE_1.16.1/STM32CubeIDE/plugins/com.st.stm32cube.ide.mcu.externaltools.gnu-tools-for-stm32.12.3.rel1.win32_1.0.200.202406191623/tools/bin/../lib/gcc/arm-none-eabi/12.3.1/../../../../arm-none-eabi/lib/thumb/v7e-m+fp/hard\libc_nano.a(libc_a-strlen.o)
                0x080001e0                strlen
 .text          0x080001f0       0xa0 D:/Program File 2/ST/STM32CubeIDE_1.16.1/STM32CubeIDE/plugins/com.st.stm32cube.ide.mcu.externaltools.gnu-tools-for-stm32.12.3.rel1.win32_1.0.200.202406191623/tools/bin/../lib/gcc/arm-none-eabi/12.3.1/../../../../arm-none-eabi/lib/thumb/v7e-m+fp/hard\libc_nano.a(libc_a-memchr.o)
                0x080001f0                memchr
 .text          0x08000290      0x378 D:/Program File 2/ST/STM32CubeIDE_1.16.1/STM32CubeIDE/plugins/com.st.stm32cube.ide.mcu.externaltools.gnu-tools-for-stm32.12.3.rel1.win32_1.0.200.202406191623/tools/bin/../lib/gcc/arm-none-eabi/12.3.1/thumb/v7e-m+fp/hard\libgcc.a(_arm_addsubdf3.o)
                0x08000290                __aeabi_drsub
                0x08000298                __aeabi_dsub
                0x08000298                __subdf3
                0x0800029c                __aeabi_dadd
                0x0800029c                __adddf3
                0x08000514                __floatunsidf
                0x08000514                __aeabi_ui2d
                0x08000534                __floatsidf
                0x08000534                __aeabi_i2d
                0x08000558                __aeabi_f2d
                0x08000558                __extendsfdf2
                0x0800059c                __floatundidf
                0x0800059c                __aeabi_ul2d
                0x080005ac                __floatdidf
                0x080005ac                __aeabi_l2d
 .text          0x08000608      0x424 D:/Program File 2/ST/STM32CubeIDE_1.16.1/STM32CubeIDE/plugins/com.st.stm32cube.ide.mcu.externaltools.gnu-tools-for-stm32.12.3.rel1.win32_1.0.200.202406191623/tools/bin/../lib/gcc/arm-none-eabi/12.3.1/thumb/v7e-m+fp/hard\libgcc.a(_arm_muldivdf3.o)
                0x08000608                __aeabi_dmul
                0x08000608                __muldf3
                0x0800085c                __divdf3
                0x0800085c                __aeabi_ddiv
 .text          0x08000a2c       0x50 D:/Program File 2/ST/STM32CubeIDE_1.16.1/STM32CubeIDE/plugins/com.st.stm32cube.ide.mcu.externaltools.gnu-tools-for-stm32.12.3.rel1.win32_1.0.200.202406191623/tools/bin/../lib/gcc/arm-none-eabi/12.3.1/thumb/v7e-m+fp/hard\libgcc.a(_arm_fixdfsi.o)
                0x08000a2c                __aeabi_d2iz
                0x08000a2c                __fixdfsi
 .text          0x08000a7c       0x30 D:/Program File 2/ST/STM32CubeIDE_1.16.1/STM32CubeIDE/plugins/com.st.stm32cube.ide.mcu.externaltools.gnu-tools-for-stm32.12.3.rel1.win32_1.0.200.202406191623/tools/bin/../lib/gcc/arm-none-eabi/12.3.1/thumb/v7e-m+fp/hard\libgcc.a(_aeabi_uldivmod.o)
                0x08000a7c                __aeabi_uldivmod
 .text          0x08000aac      0x2bc D:/Program File 2/ST/STM32CubeIDE_1.16.1/STM32CubeIDE/plugins/com.st.stm32cube.ide.mcu.externaltools.gnu-tools-for-stm32.12.3.rel1.win32_1.0.200.202406191623/tools/bin/../lib/gcc/arm-none-eabi/12.3.1/thumb/v7e-m+fp/hard\libgcc.a(_udivmoddi4.o)
                0x08000aac                __udivmoddi4
 .text          0x08000d68        0x4 D:/Program File 2/ST/STM32CubeIDE_1.16.1/STM32CubeIDE/plugins/com.st.stm32cube.ide.mcu.externaltools.gnu-tools-for-stm32.12.3.rel1.win32_1.0.200.202406191623/tools/bin/../lib/gcc/arm-none-eabi/12.3.1/thumb/v7e-m+fp/hard\libgcc.a(_dvmd_tls.o)
                0x08000d68                __aeabi_idiv0
                0x08000d68                __aeabi_ldiv0
 *(.text*)
 .text.newLoRa  0x08000d6c       0x52 ./Core/Src/LoRa.o
                0x08000d6c                newLoRa
 .text.LoRa_reset
                0x08000dbe       0x3c ./Core/Src/LoRa.o
                0x08000dbe                LoRa_reset
 .text.LoRa_gotoMode
                0x08000dfa       0xd8 ./Core/Src/LoRa.o
                0x08000dfa                LoRa_gotoMode
 .text.LoRa_readReg
                0x08000ed2       0x7c ./Core/Src/LoRa.o
                0x08000ed2                LoRa_readReg
 .text.LoRa_writeReg
                0x08000f4e       0x92 ./Core/Src/LoRa.o
                0x08000f4e                LoRa_writeReg
 .text.LoRa_setLowDaraRateOptimization
                0x08000fe0       0x4a ./Core/Src/LoRa.o
                0x08000fe0                LoRa_setLowDaraRateOptimization
 *fill*         0x0800102a        0x2 
 .text.LoRa_setAutoLDO
                0x0800102c       0x6c ./Core/Src/LoRa.o
                0x0800102c                LoRa_setAutoLDO
 .text.LoRa_setFrequency
                0x08001098       0x60 ./Core/Src/LoRa.o
                0x08001098                LoRa_setFrequency
 .text.LoRa_setSpreadingFactor
                0x080010f8       0x64 ./Core/Src/LoRa.o
                0x080010f8                LoRa_setSpreadingFactor
 .text.LoRa_setPower
                0x0800115c       0x26 ./Core/Src/LoRa.o
                0x0800115c                LoRa_setPower
 *fill*         0x08001182        0x2 
 .text.LoRa_setOCP
                0x08001184       0x7c ./Core/Src/LoRa.o
                0x08001184                LoRa_setOCP
 .text.LoRa_setTOMsb_setCRCon
                0x08001200       0x36 ./Core/Src/LoRa.o
                0x08001200                LoRa_setTOMsb_setCRCon
 .text.LoRa_read
                0x08001236       0x34 ./Core/Src/LoRa.o
                0x08001236                LoRa_read
 .text.LoRa_write
                0x0800126a       0x3a ./Core/Src/LoRa.o
                0x0800126a                LoRa_write
 .text.LoRa_BurstWrite
                0x080012a4       0x8e ./Core/Src/LoRa.o
                0x080012a4                LoRa_BurstWrite
 .text.LoRa_isvalid
                0x08001332       0x16 ./Core/Src/LoRa.o
                0x08001332                LoRa_isvalid
 .text.LoRa_transmit
                0x08001348       0xb0 ./Core/Src/LoRa.o
                0x08001348                LoRa_transmit
 .text.LoRa_startReceiving
                0x080013f8       0x18 ./Core/Src/LoRa.o
                0x080013f8                LoRa_startReceiving
 .text.LoRa_startCAD
                0x08001410       0x18 ./Core/Src/LoRa.o
                0x08001410                LoRa_startCAD
 .text.LoRa_receive
                0x08001428       0xc0 ./Core/Src/LoRa.o
                0x08001428                LoRa_receive
 .text.LoRa_init
                0x080014e8      0x14e ./Core/Src/LoRa.o
                0x080014e8                LoRa_init
 *fill*         0x08001636        0x2 
 .text.__NVIC_EnableIRQ
                0x08001638       0x3c ./Core/Src/bsp_lora.o
 .text.__NVIC_DisableIRQ
                0x08001674       0x48 ./Core/Src/bsp_lora.o
 .text.bsp_lora_enter_safe_mode
                0x080016bc       0x26 ./Core/Src/bsp_lora.o
                0x080016bc                bsp_lora_enter_safe_mode
 .text.bsp_lora_exit_safe_mode
                0x080016e2       0x26 ./Core/Src/bsp_lora.o
                0x080016e2                bsp_lora_exit_safe_mode
 .text.STM_LOG  0x08001708       0x48 ./Core/Src/bsp_lora.o
                0x08001708                STM_LOG
 .text.bsp_lora_spi_is_free
                0x08001750       0x28 ./Core/Src/bsp_lora.o
                0x08001750                bsp_lora_spi_is_free
 .text.bsp_lora_set_receive_mode
                0x08001778       0x1c ./Core/Src/bsp_lora.o
                0x08001778                bsp_lora_set_receive_mode
 .text.bsp_lora_set_cad_mode
                0x08001794       0x1c ./Core/Src/bsp_lora.o
                0x08001794                bsp_lora_set_cad_mode
 .text.bsp_lora_check_cad
                0x080017b0       0x60 ./Core/Src/bsp_lora.o
                0x080017b0                bsp_lora_check_cad
 .text.bsp_lora_init
                0x08001810       0xe0 ./Core/Src/bsp_lora.o
                0x08001810                bsp_lora_init
 .text.checksum_calculate
                0x080018f0       0x4c ./Core/Src/bsp_lora.o
                0x080018f0                checksum_calculate
 .text.bsp_lora_send_packet
                0x0800193c       0xb4 ./Core/Src/bsp_lora.o
                0x0800193c                bsp_lora_send_packet
 .text.bsp_lora_get_node_send_packet_index
                0x080019f0       0x46 ./Core/Src/bsp_lora.o
                0x080019f0                bsp_lora_get_node_send_packet_index
 .text.bsp_lora_check_cmd_in_node_send_packets
                0x08001a36       0x64 ./Core/Src/bsp_lora.o
                0x08001a36                bsp_lora_check_cmd_in_node_send_packets
 .text.bsp_lora_remove_packet_from_node_send_packets
                0x08001a9a       0x62 ./Core/Src/bsp_lora.o
                0x08001a9a                bsp_lora_remove_packet_from_node_send_packets
 .text.bsp_lora_send_packet_to_node
                0x08001afc      0x214 ./Core/Src/bsp_lora.o
                0x08001afc                bsp_lora_send_packet_to_node
 .text.bsp_lora_resend_packet
                0x08001d10       0x56 ./Core/Src/bsp_lora.o
                0x08001d10                bsp_lora_resend_packet
 *fill*         0x08001d66        0x2 
 .text.bsp_lora_receive_packet
                0x08001d68       0x50 ./Core/Src/bsp_lora.o
                0x08001d68                bsp_lora_receive_packet
 .text.vApplicationGetIdleTaskMemory
                0x08001db8       0x34 ./Core/Src/freertos.o
                0x08001db8                vApplicationGetIdleTaskMemory
 .text.vApplicationGetTimerTaskMemory
                0x08001dec       0x34 ./Core/Src/freertos.o
                0x08001dec                vApplicationGetTimerTaskMemory
 .text.lora_network_init
                0x08001e20      0x19c ./Core/Src/lora_network.o
                0x08001e20                lora_network_init
 .text.lora_network_disconnect_to_all_nodes_task
                0x08001fbc      0x610 ./Core/Src/lora_network.o
                0x08001fbc                lora_network_disconnect_to_all_nodes_task
 .text.lora_network_connect_to_all_nodes_task
                0x080025cc      0x610 ./Core/Src/lora_network.o
                0x080025cc                lora_network_connect_to_all_nodes_task
 .text.lora_network_send_read_request_to_all_nodes_task
                0x08002bdc      0x2a0 ./Core/Src/lora_network.o
                0x08002bdc                lora_network_send_read_request_to_all_nodes_task
 .text.lora_network_send_request_stop_scheduler
                0x08002e7c       0x34 ./Core/Src/lora_network.o
                0x08002e7c                lora_network_send_request_stop_scheduler
 .text.lora_network_send_request_start_scheduler
                0x08002eb0       0x3c ./Core/Src/lora_network.o
                0x08002eb0                lora_network_send_request_start_scheduler
 .text.lora_network_send_request_reset_scheduler
                0x08002eec       0x38 ./Core/Src/lora_network.o
                0x08002eec                lora_network_send_request_reset_scheduler
 .text.lora_network_send_request_setup_scheduler
                0x08002f24       0x98 ./Core/Src/lora_network.o
                0x08002f24                lora_network_send_request_setup_scheduler
 .text.lora_network_send_request_scheduler
                0x08002fbc       0x64 ./Core/Src/lora_network.o
                0x08002fbc                lora_network_send_request_scheduler
 .text.lora_network_handle_last_lora_send_packets_task
                0x08003020      0x17c ./Core/Src/lora_network.o
                0x08003020                lora_network_handle_last_lora_send_packets_task
 .text.lora_network_timer_task
                0x0800319c      0x140 ./Core/Src/lora_network.o
                0x0800319c                lora_network_timer_task
 .text.lora_network_save_current_work
                0x080032dc      0x584 ./Core/Src/lora_network.o
                0x080032dc                lora_network_save_current_work
 .text.pc_user_cmd_handle
                0x08003860      0x194 ./Core/Src/lora_network.o
                0x08003860                pc_user_cmd_handle
 .text.lora_network_cmd_ack_handle
                0x080039f4      0x570 ./Core/Src/lora_network.o
                0x080039f4                lora_network_cmd_ack_handle
 .text.lora_network_cmd_nack_handle
                0x08003f64      0x3dc ./Core/Src/lora_network.o
                0x08003f64                lora_network_cmd_nack_handle
 .text.lora_network_receive_packet_handle
                0x08004340       0x28 ./Core/Src/lora_network.o
                0x08004340                lora_network_receive_packet_handle
 .text.lora_network_irq_handle
                0x08004368       0x3c ./Core/Src/lora_network.o
                0x08004368                lora_network_irq_handle
 .text.HAL_GPIO_EXTI_Callback
                0x080043a4      0x134 ./Core/Src/main.o
                0x080043a4                HAL_GPIO_EXTI_Callback
 .text.main     0x080044d8       0x32 ./Core/Src/main.o
                0x080044d8                main
 *fill*         0x0800450a        0x2 
 .text.SystemClock_Config
                0x0800450c       0xd0 ./Core/Src/main.o
                0x0800450c                SystemClock_Config
 .text.MX_I2C1_Init
                0x080045dc       0x5c ./Core/Src/main.o
 .text.MX_SPI1_Init
                0x08004638       0x6c ./Core/Src/main.o
 .text.MX_TIM2_Init
                0x080046a4       0x9c ./Core/Src/main.o
 .text.MX_USART1_UART_Init
                0x08004740       0x54 ./Core/Src/main.o
 .text.MX_USART2_UART_Init
                0x08004794       0x54 ./Core/Src/main.o
 .text.MX_GPIO_Init
                0x080047e8      0x11c ./Core/Src/main.o
 .text.vApplicationIdleHook
                0x08004904        0x8 ./Core/Src/main.o
                0x08004904                vApplicationIdleHook
 .text.HAL_TIM_PeriodElapsedCallback
                0x0800490c       0x34 ./Core/Src/main.o
                0x0800490c                HAL_TIM_PeriodElapsedCallback
 .text.Error_Handler
                0x08004940        0xc ./Core/Src/main.o
                0x08004940                Error_Handler
 .text.HAL_MspInit
                0x0800494c       0x58 ./Core/Src/stm32f4xx_hal_msp.o
                0x0800494c                HAL_MspInit
 .text.HAL_I2C_MspInit
                0x080049a4       0x90 ./Core/Src/stm32f4xx_hal_msp.o
                0x080049a4                HAL_I2C_MspInit
 .text.HAL_SPI_MspInit
                0x08004a34       0x90 ./Core/Src/stm32f4xx_hal_msp.o
                0x08004a34                HAL_SPI_MspInit
 .text.HAL_TIM_Base_MspInit
                0x08004ac4       0x4c ./Core/Src/stm32f4xx_hal_msp.o
                0x08004ac4                HAL_TIM_Base_MspInit
 .text.HAL_UART_MspInit
                0x08004b10       0xf8 ./Core/Src/stm32f4xx_hal_msp.o
                0x08004b10                HAL_UART_MspInit
 .text.HAL_InitTick
                0x08004c08       0xf8 ./Core/Src/stm32f4xx_hal_timebase_tim.o
                0x08004c08                HAL_InitTick
 .text.NMI_Handler
                0x08004d00        0x8 ./Core/Src/stm32f4xx_it.o
                0x08004d00                NMI_Handler
 .text.HardFault_Handler
                0x08004d08        0x8 ./Core/Src/stm32f4xx_it.o
                0x08004d08                HardFault_Handler
 .text.MemManage_Handler
                0x08004d10        0x8 ./Core/Src/stm32f4xx_it.o
                0x08004d10                MemManage_Handler
 .text.BusFault_Handler
                0x08004d18        0x8 ./Core/Src/stm32f4xx_it.o
                0x08004d18                BusFault_Handler
 .text.UsageFault_Handler
                0x08004d20        0x8 ./Core/Src/stm32f4xx_it.o
                0x08004d20                UsageFault_Handler
 .text.DebugMon_Handler
                0x08004d28        0xe ./Core/Src/stm32f4xx_it.o
                0x08004d28                DebugMon_Handler
 .text.EXTI0_IRQHandler
                0x08004d36        0xe ./Core/Src/stm32f4xx_it.o
                0x08004d36                EXTI0_IRQHandler
 .text.EXTI1_IRQHandler
                0x08004d44        0xe ./Core/Src/stm32f4xx_it.o
                0x08004d44                EXTI1_IRQHandler
 .text.EXTI2_IRQHandler
                0x08004d52        0xe ./Core/Src/stm32f4xx_it.o
                0x08004d52                EXTI2_IRQHandler
 .text.EXTI3_IRQHandler
                0x08004d60        0xe ./Core/Src/stm32f4xx_it.o
                0x08004d60                EXTI3_IRQHandler
 *fill*         0x08004d6e        0x2 
 .text.TIM2_IRQHandler
                0x08004d70       0x14 ./Core/Src/stm32f4xx_it.o
                0x08004d70                TIM2_IRQHandler
 .text.TIM3_IRQHandler
                0x08004d84       0x14 ./Core/Src/stm32f4xx_it.o
                0x08004d84                TIM3_IRQHandler
 .text.OTG_FS_IRQHandler
                0x08004d98       0x14 ./Core/Src/stm32f4xx_it.o
                0x08004d98                OTG_FS_IRQHandler
 .text._sbrk    0x08004dac       0x6c ./Core/Src/sysmem.o
                0x08004dac                _sbrk
 .text.SystemInit
                0x08004e18       0x24 ./Core/Src/system_stm32f4xx.o
                0x08004e18                SystemInit
 .text.Reset_Handler
                0x08004e3c       0x50 ./Core/Startup/startup_stm32f411ceux.o
                0x08004e3c                Reset_Handler
 .text.Default_Handler
                0x08004e8c        0x2 ./Core/Startup/startup_stm32f411ceux.o
                0x08004e8c                RTC_Alarm_IRQHandler
                0x08004e8c                SPI4_IRQHandler
                0x08004e8c                TIM1_CC_IRQHandler
                0x08004e8c                DMA2_Stream5_IRQHandler
                0x08004e8c                DMA1_Stream5_IRQHandler
                0x08004e8c                PVD_IRQHandler
                0x08004e8c                SDIO_IRQHandler
                0x08004e8c                TAMP_STAMP_IRQHandler
                0x08004e8c                TIM1_UP_TIM10_IRQHandler
                0x08004e8c                I2C3_ER_IRQHandler
                0x08004e8c                I2C2_EV_IRQHandler
                0x08004e8c                DMA1_Stream2_IRQHandler
                0x08004e8c                FPU_IRQHandler
                0x08004e8c                DMA2_Stream2_IRQHandler
                0x08004e8c                SPI1_IRQHandler
                0x08004e8c                TIM1_BRK_TIM9_IRQHandler
                0x08004e8c                DMA2_Stream3_IRQHandler
                0x08004e8c                USART6_IRQHandler
                0x08004e8c                DMA2_Stream0_IRQHandler
                0x08004e8c                TIM4_IRQHandler
                0x08004e8c                I2C1_EV_IRQHandler
                0x08004e8c                DMA1_Stream6_IRQHandler
                0x08004e8c                DMA1_Stream1_IRQHandler
                0x08004e8c                RCC_IRQHandler
                0x08004e8c                Default_Handler
                0x08004e8c                EXTI15_10_IRQHandler
                0x08004e8c                ADC_IRQHandler
                0x08004e8c                DMA1_Stream7_IRQHandler
                0x08004e8c                SPI5_IRQHandler
                0x08004e8c                TIM5_IRQHandler
                0x08004e8c                DMA2_Stream7_IRQHandler
                0x08004e8c                I2C3_EV_IRQHandler
                0x08004e8c                EXTI9_5_IRQHandler
                0x08004e8c                RTC_WKUP_IRQHandler
                0x08004e8c                SPI2_IRQHandler
                0x08004e8c                DMA1_Stream0_IRQHandler
                0x08004e8c                EXTI4_IRQHandler
                0x08004e8c                WWDG_IRQHandler
                0x08004e8c                OTG_FS_WKUP_IRQHandler
                0x08004e8c                TIM1_TRG_COM_TIM11_IRQHandler
                0x08004e8c                USART2_IRQHandler
                0x08004e8c                I2C2_ER_IRQHandler
                0x08004e8c                DMA2_Stream1_IRQHandler
                0x08004e8c                FLASH_IRQHandler
                0x08004e8c                DMA2_Stream4_IRQHandler
                0x08004e8c                USART1_IRQHandler
                0x08004e8c                SPI3_IRQHandler
                0x08004e8c                DMA1_Stream4_IRQHandler
                0x08004e8c                I2C1_ER_IRQHandler
                0x08004e8c                DMA2_Stream6_IRQHandler
                0x08004e8c                DMA1_Stream3_IRQHandler
 *fill*         0x08004e8e        0x2 
 .text.HAL_Init
                0x08004e90       0x44 ./Drivers/STM32F4xx_HAL_Driver/Src/stm32f4xx_hal.o
                0x08004e90                HAL_Init
 .text.HAL_IncTick
                0x08004ed4       0x28 ./Drivers/STM32F4xx_HAL_Driver/Src/stm32f4xx_hal.o
                0x08004ed4                HAL_IncTick
 .text.HAL_GetTick
                0x08004efc       0x18 ./Drivers/STM32F4xx_HAL_Driver/Src/stm32f4xx_hal.o
                0x08004efc                HAL_GetTick
 .text.HAL_Delay
                0x08004f14       0x48 ./Drivers/STM32F4xx_HAL_Driver/Src/stm32f4xx_hal.o
                0x08004f14                HAL_Delay
 .text.__NVIC_SetPriorityGrouping
                0x08004f5c       0x48 ./Drivers/STM32F4xx_HAL_Driver/Src/stm32f4xx_hal_cortex.o
 .text.__NVIC_GetPriorityGrouping
                0x08004fa4       0x1c ./Drivers/STM32F4xx_HAL_Driver/Src/stm32f4xx_hal_cortex.o
 .text.__NVIC_EnableIRQ
                0x08004fc0       0x3c ./Drivers/STM32F4xx_HAL_Driver/Src/stm32f4xx_hal_cortex.o
 .text.__NVIC_SetPriority
                0x08004ffc       0x54 ./Drivers/STM32F4xx_HAL_Driver/Src/stm32f4xx_hal_cortex.o
 .text.NVIC_EncodePriority
                0x08005050       0x66 ./Drivers/STM32F4xx_HAL_Driver/Src/stm32f4xx_hal_cortex.o
 .text.HAL_NVIC_SetPriorityGrouping
                0x080050b6       0x16 ./Drivers/STM32F4xx_HAL_Driver/Src/stm32f4xx_hal_cortex.o
                0x080050b6                HAL_NVIC_SetPriorityGrouping
 .text.HAL_NVIC_SetPriority
                0x080050cc       0x38 ./Drivers/STM32F4xx_HAL_Driver/Src/stm32f4xx_hal_cortex.o
                0x080050cc                HAL_NVIC_SetPriority
 .text.HAL_NVIC_EnableIRQ
                0x08005104       0x1c ./Drivers/STM32F4xx_HAL_Driver/Src/stm32f4xx_hal_cortex.o
                0x08005104                HAL_NVIC_EnableIRQ
 .text.HAL_GPIO_Init
                0x08005120      0x308 ./Drivers/STM32F4xx_HAL_Driver/Src/stm32f4xx_hal_gpio.o
                0x08005120                HAL_GPIO_Init
 .text.HAL_GPIO_ReadPin
                0x08005428       0x30 ./Drivers/STM32F4xx_HAL_Driver/Src/stm32f4xx_hal_gpio.o
                0x08005428                HAL_GPIO_ReadPin
 .text.HAL_GPIO_WritePin
                0x08005458       0x32 ./Drivers/STM32F4xx_HAL_Driver/Src/stm32f4xx_hal_gpio.o
                0x08005458                HAL_GPIO_WritePin
 *fill*         0x0800548a        0x2 
 .text.HAL_GPIO_EXTI_IRQHandler
                0x0800548c       0x30 ./Drivers/STM32F4xx_HAL_Driver/Src/stm32f4xx_hal_gpio.o
                0x0800548c                HAL_GPIO_EXTI_IRQHandler
 .text.HAL_I2C_Init
                0x080054bc      0x288 ./Drivers/STM32F4xx_HAL_Driver/Src/stm32f4xx_hal_i2c.o
                0x080054bc                HAL_I2C_Init
 .text.HAL_PCD_IRQHandler
                0x08005744      0x942 ./Drivers/STM32F4xx_HAL_Driver/Src/stm32f4xx_hal_pcd.o
                0x08005744                HAL_PCD_IRQHandler
 .text.HAL_PCD_SetAddress
                0x08006086       0x48 ./Drivers/STM32F4xx_HAL_Driver/Src/stm32f4xx_hal_pcd.o
                0x08006086                HAL_PCD_SetAddress
 .text.HAL_PCD_EP_Open
                0x080060ce       0xd4 ./Drivers/STM32F4xx_HAL_Driver/Src/stm32f4xx_hal_pcd.o
                0x080060ce                HAL_PCD_EP_Open
 .text.HAL_PCD_EP_Receive
                0x080061a2       0x76 ./Drivers/STM32F4xx_HAL_Driver/Src/stm32f4xx_hal_pcd.o
                0x080061a2                HAL_PCD_EP_Receive
 .text.HAL_PCD_EP_Transmit
                0x08006218       0x74 ./Drivers/STM32F4xx_HAL_Driver/Src/stm32f4xx_hal_pcd.o
                0x08006218                HAL_PCD_EP_Transmit
 .text.HAL_PCD_EP_SetStall
                0x0800628c       0xc6 ./Drivers/STM32F4xx_HAL_Driver/Src/stm32f4xx_hal_pcd.o
                0x0800628c                HAL_PCD_EP_SetStall
 .text.HAL_PCD_EP_ClrStall
                0x08006352       0xac ./Drivers/STM32F4xx_HAL_Driver/Src/stm32f4xx_hal_pcd.o
                0x08006352                HAL_PCD_EP_ClrStall
 .text.HAL_PCD_EP_Abort
                0x080063fe       0x62 ./Drivers/STM32F4xx_HAL_Driver/Src/stm32f4xx_hal_pcd.o
                0x080063fe                HAL_PCD_EP_Abort
 .text.PCD_WriteEmptyTxFifo
                0x08006460      0x118 ./Drivers/STM32F4xx_HAL_Driver/Src/stm32f4xx_hal_pcd.o
 .text.PCD_EP_OutXfrComplete_int
                0x08006578      0x1d0 ./Drivers/STM32F4xx_HAL_Driver/Src/stm32f4xx_hal_pcd.o
 .text.PCD_EP_OutSetupPacket_int
                0x08006748       0x8c ./Drivers/STM32F4xx_HAL_Driver/Src/stm32f4xx_hal_pcd.o
 .text.HAL_PCDEx_LPM_Callback
                0x080067d4       0x18 ./Drivers/STM32F4xx_HAL_Driver/Src/stm32f4xx_hal_pcd_ex.o
                0x080067d4                HAL_PCDEx_LPM_Callback
 .text.HAL_RCC_OscConfig
                0x080067ec      0x4f0 ./Drivers/STM32F4xx_HAL_Driver/Src/stm32f4xx_hal_rcc.o
                0x080067ec                HAL_RCC_OscConfig
 .text.HAL_RCC_ClockConfig
                0x08006cdc      0x1cc ./Drivers/STM32F4xx_HAL_Driver/Src/stm32f4xx_hal_rcc.o
                0x08006cdc                HAL_RCC_ClockConfig
 .text.HAL_RCC_GetSysClockFreq
                0x08006ea8      0x18c ./Drivers/STM32F4xx_HAL_Driver/Src/stm32f4xx_hal_rcc.o
                0x08006ea8                HAL_RCC_GetSysClockFreq
 .text.HAL_RCC_GetHCLKFreq
                0x08007034       0x18 ./Drivers/STM32F4xx_HAL_Driver/Src/stm32f4xx_hal_rcc.o
                0x08007034                HAL_RCC_GetHCLKFreq
 .text.HAL_RCC_GetPCLK1Freq
                0x0800704c       0x28 ./Drivers/STM32F4xx_HAL_Driver/Src/stm32f4xx_hal_rcc.o
                0x0800704c                HAL_RCC_GetPCLK1Freq
 .text.HAL_RCC_GetPCLK2Freq
                0x08007074       0x28 ./Drivers/STM32F4xx_HAL_Driver/Src/stm32f4xx_hal_rcc.o
                0x08007074                HAL_RCC_GetPCLK2Freq
 .text.HAL_RCC_GetClockConfig
                0x0800709c       0x64 ./Drivers/STM32F4xx_HAL_Driver/Src/stm32f4xx_hal_rcc.o
                0x0800709c                HAL_RCC_GetClockConfig
 .text.HAL_SPI_Init
                0x08007100      0x112 ./Drivers/STM32F4xx_HAL_Driver/Src/stm32f4xx_hal_spi.o
                0x08007100                HAL_SPI_Init
 .text.HAL_SPI_Transmit
                0x08007212      0x288 ./Drivers/STM32F4xx_HAL_Driver/Src/stm32f4xx_hal_spi.o
                0x08007212                HAL_SPI_Transmit
 .text.HAL_SPI_Receive
                0x0800749a      0x232 ./Drivers/STM32F4xx_HAL_Driver/Src/stm32f4xx_hal_spi.o
                0x0800749a                HAL_SPI_Receive
 .text.HAL_SPI_TransmitReceive
                0x080076cc      0x352 ./Drivers/STM32F4xx_HAL_Driver/Src/stm32f4xx_hal_spi.o
                0x080076cc                HAL_SPI_TransmitReceive
 .text.HAL_SPI_GetState
                0x08007a1e       0x1c ./Drivers/STM32F4xx_HAL_Driver/Src/stm32f4xx_hal_spi.o
                0x08007a1e                HAL_SPI_GetState
 *fill*         0x08007a3a        0x2 
 .text.SPI_WaitFlagStateUntilTimeout
                0x08007a3c      0x110 ./Drivers/STM32F4xx_HAL_Driver/Src/stm32f4xx_hal_spi.o
 .text.SPI_EndRxTransaction
                0x08007b4c       0xca ./Drivers/STM32F4xx_HAL_Driver/Src/stm32f4xx_hal_spi.o
 *fill*         0x08007c16        0x2 
 .text.SPI_EndRxTxTransaction
                0x08007c18       0xa8 ./Drivers/STM32F4xx_HAL_Driver/Src/stm32f4xx_hal_spi.o
 .text.HAL_TIM_Base_Init
                0x08007cc0       0x9e ./Drivers/STM32F4xx_HAL_Driver/Src/stm32f4xx_hal_tim.o
                0x08007cc0                HAL_TIM_Base_Init
 *fill*         0x08007d5e        0x2 
 .text.HAL_TIM_Base_Start_IT
                0x08007d60       0xc4 ./Drivers/STM32F4xx_HAL_Driver/Src/stm32f4xx_hal_tim.o
                0x08007d60                HAL_TIM_Base_Start_IT
 .text.HAL_TIM_Base_Stop_IT
                0x08007e24       0x5e ./Drivers/STM32F4xx_HAL_Driver/Src/stm32f4xx_hal_tim.o
                0x08007e24                HAL_TIM_Base_Stop_IT
 .text.HAL_TIM_IRQHandler
                0x08007e82      0x1e0 ./Drivers/STM32F4xx_HAL_Driver/Src/stm32f4xx_hal_tim.o
                0x08007e82                HAL_TIM_IRQHandler
 .text.HAL_TIM_ConfigClockSource
                0x08008062      0x18e ./Drivers/STM32F4xx_HAL_Driver/Src/stm32f4xx_hal_tim.o
                0x08008062                HAL_TIM_ConfigClockSource
 .text.HAL_TIM_OC_DelayElapsedCallback
                0x080081f0       0x14 ./Drivers/STM32F4xx_HAL_Driver/Src/stm32f4xx_hal_tim.o
                0x080081f0                HAL_TIM_OC_DelayElapsedCallback
 .text.HAL_TIM_IC_CaptureCallback
                0x08008204       0x14 ./Drivers/STM32F4xx_HAL_Driver/Src/stm32f4xx_hal_tim.o
                0x08008204                HAL_TIM_IC_CaptureCallback
 .text.HAL_TIM_PWM_PulseFinishedCallback
                0x08008218       0x14 ./Drivers/STM32F4xx_HAL_Driver/Src/stm32f4xx_hal_tim.o
                0x08008218                HAL_TIM_PWM_PulseFinishedCallback
 .text.HAL_TIM_TriggerCallback
                0x0800822c       0x14 ./Drivers/STM32F4xx_HAL_Driver/Src/stm32f4xx_hal_tim.o
                0x0800822c                HAL_TIM_TriggerCallback
 .text.TIM_Base_SetConfig
                0x08008240      0x118 ./Drivers/STM32F4xx_HAL_Driver/Src/stm32f4xx_hal_tim.o
                0x08008240                TIM_Base_SetConfig
 .text.TIM_TI1_ConfigInputStage
                0x08008358       0x5e ./Drivers/STM32F4xx_HAL_Driver/Src/stm32f4xx_hal_tim.o
 .text.TIM_TI2_ConfigInputStage
                0x080083b6       0x60 ./Drivers/STM32F4xx_HAL_Driver/Src/stm32f4xx_hal_tim.o
 .text.TIM_ITRx_SetConfig
                0x08008416       0x36 ./Drivers/STM32F4xx_HAL_Driver/Src/stm32f4xx_hal_tim.o
 .text.TIM_ETR_SetConfig
                0x0800844c       0x40 ./Drivers/STM32F4xx_HAL_Driver/Src/stm32f4xx_hal_tim.o
                0x0800844c                TIM_ETR_SetConfig
 .text.HAL_TIMEx_MasterConfigSynchronization
                0x0800848c       0xdc ./Drivers/STM32F4xx_HAL_Driver/Src/stm32f4xx_hal_tim_ex.o
                0x0800848c                HAL_TIMEx_MasterConfigSynchronization
 .text.HAL_TIMEx_CommutCallback
                0x08008568       0x14 ./Drivers/STM32F4xx_HAL_Driver/Src/stm32f4xx_hal_tim_ex.o
                0x08008568                HAL_TIMEx_CommutCallback
 .text.HAL_TIMEx_BreakCallback
                0x0800857c       0x14 ./Drivers/STM32F4xx_HAL_Driver/Src/stm32f4xx_hal_tim_ex.o
                0x0800857c                HAL_TIMEx_BreakCallback
 .text.HAL_UART_Init
                0x08008590       0xa0 ./Drivers/STM32F4xx_HAL_Driver/Src/stm32f4xx_hal_uart.o
                0x08008590                HAL_UART_Init
 .text.HAL_UART_Transmit
                0x08008630      0x116 ./Drivers/STM32F4xx_HAL_Driver/Src/stm32f4xx_hal_uart.o
                0x08008630                HAL_UART_Transmit
 .text.UART_WaitOnFlagUntilTimeout
                0x08008746       0xb2 ./Drivers/STM32F4xx_HAL_Driver/Src/stm32f4xx_hal_uart.o
 .text.UART_EndRxTransfer
                0x080087f8       0xc6 ./Drivers/STM32F4xx_HAL_Driver/Src/stm32f4xx_hal_uart.o
 *fill*         0x080088be        0x2 
 .text.UART_SetConfig
                0x080088c0      0x4e8 ./Drivers/STM32F4xx_HAL_Driver/Src/stm32f4xx_hal_uart.o
 .text.USB_SetTurnaroundTime
                0x08008da8      0x144 ./Drivers/STM32F4xx_HAL_Driver/Src/stm32f4xx_ll_usb.o
                0x08008da8                USB_SetTurnaroundTime
 .text.USB_FlushTxFifo
                0x08008eec       0x64 ./Drivers/STM32F4xx_HAL_Driver/Src/stm32f4xx_ll_usb.o
                0x08008eec                USB_FlushTxFifo
 .text.USB_GetDevSpeed
                0x08008f50       0x4a ./Drivers/STM32F4xx_HAL_Driver/Src/stm32f4xx_ll_usb.o
                0x08008f50                USB_GetDevSpeed
 .text.USB_ActivateEndpoint
                0x08008f9a      0x10e ./Drivers/STM32F4xx_HAL_Driver/Src/stm32f4xx_ll_usb.o
                0x08008f9a                USB_ActivateEndpoint
 .text.USB_EPStartXfer
                0x080090a8      0x53c ./Drivers/STM32F4xx_HAL_Driver/Src/stm32f4xx_ll_usb.o
                0x080090a8                USB_EPStartXfer
 .text.USB_EPStopXfer
                0x080095e4      0x154 ./Drivers/STM32F4xx_HAL_Driver/Src/stm32f4xx_ll_usb.o
                0x080095e4                USB_EPStopXfer
 .text.USB_WritePacket
                0x08009738       0x7c ./Drivers/STM32F4xx_HAL_Driver/Src/stm32f4xx_ll_usb.o
                0x08009738                USB_WritePacket
 .text.USB_ReadPacket
                0x080097b4       0xb0 ./Drivers/STM32F4xx_HAL_Driver/Src/stm32f4xx_ll_usb.o
                0x080097b4                USB_ReadPacket
 .text.USB_EPSetStall
                0x08009864       0xdc ./Drivers/STM32F4xx_HAL_Driver/Src/stm32f4xx_ll_usb.o
                0x08009864                USB_EPSetStall
 .text.USB_EPClearStall
                0x08009940       0xcc ./Drivers/STM32F4xx_HAL_Driver/Src/stm32f4xx_ll_usb.o
                0x08009940                USB_EPClearStall
 .text.USB_SetDevAddress
                0x08009a0c       0x4c ./Drivers/STM32F4xx_HAL_Driver/Src/stm32f4xx_ll_usb.o
                0x08009a0c                USB_SetDevAddress
 .text.USB_ReadInterrupts
                0x08009a58       0x26 ./Drivers/STM32F4xx_HAL_Driver/Src/stm32f4xx_ll_usb.o
                0x08009a58                USB_ReadInterrupts
 .text.USB_ReadDevAllOutEpInterrupt
                0x08009a7e       0x34 ./Drivers/STM32F4xx_HAL_Driver/Src/stm32f4xx_ll_usb.o
                0x08009a7e                USB_ReadDevAllOutEpInterrupt
 .text.USB_ReadDevAllInEpInterrupt
                0x08009ab2       0x34 ./Drivers/STM32F4xx_HAL_Driver/Src/stm32f4xx_ll_usb.o
                0x08009ab2                USB_ReadDevAllInEpInterrupt
 .text.USB_ReadDevOutEPInterrupt
                0x08009ae6       0x3c ./Drivers/STM32F4xx_HAL_Driver/Src/stm32f4xx_ll_usb.o
                0x08009ae6                USB_ReadDevOutEPInterrupt
 .text.USB_ReadDevInEPInterrupt
                0x08009b22       0x5c ./Drivers/STM32F4xx_HAL_Driver/Src/stm32f4xx_ll_usb.o
                0x08009b22                USB_ReadDevInEPInterrupt
 .text.USB_GetMode
                0x08009b7e       0x1c ./Drivers/STM32F4xx_HAL_Driver/Src/stm32f4xx_ll_usb.o
                0x08009b7e                USB_GetMode
 .text.USB_ActivateSetup
                0x08009b9a       0x46 ./Drivers/STM32F4xx_HAL_Driver/Src/stm32f4xx_ll_usb.o
                0x08009b9a                USB_ActivateSetup
 .text.USB_EP0_OutStart
                0x08009be0       0xbc ./Drivers/STM32F4xx_HAL_Driver/Src/stm32f4xx_ll_usb.o
                0x08009be0                USB_EP0_OutStart
 .text.USBD_RunTestMode
                0x08009c9c       0x16 ./Middlewares/ST/STM32_USB_Device_Library/Core/Src/usbd_core.o
                0x08009c9c                USBD_RunTestMode
 .text.USBD_SetClassConfig
                0x08009cb2       0x38 ./Middlewares/ST/STM32_USB_Device_Library/Core/Src/usbd_core.o
                0x08009cb2                USBD_SetClassConfig
 .text.USBD_ClrClassConfig
                0x08009cea       0x34 ./Middlewares/ST/STM32_USB_Device_Library/Core/Src/usbd_core.o
                0x08009cea                USBD_ClrClassConfig
 .text.USBD_LL_SetupStage
                0x08009d1e       0xaa ./Middlewares/ST/STM32_USB_Device_Library/Core/Src/usbd_core.o
                0x08009d1e                USBD_LL_SetupStage
 .text.USBD_LL_DataOutStage
                0x08009dc8      0x166 ./Middlewares/ST/STM32_USB_Device_Library/Core/Src/usbd_core.o
                0x08009dc8                USBD_LL_DataOutStage
 .text.USBD_LL_DataInStage
                0x08009f2e      0x164 ./Middlewares/ST/STM32_USB_Device_Library/Core/Src/usbd_core.o
                0x08009f2e                USBD_LL_DataInStage
 .text.USBD_LL_Reset
                0x0800a092       0xa4 ./Middlewares/ST/STM32_USB_Device_Library/Core/Src/usbd_core.o
                0x0800a092                USBD_LL_Reset
 .text.USBD_LL_SetSpeed
                0x0800a136       0x20 ./Middlewares/ST/STM32_USB_Device_Library/Core/Src/usbd_core.o
                0x0800a136                USBD_LL_SetSpeed
 .text.USBD_LL_Suspend
                0x0800a156       0x38 ./Middlewares/ST/STM32_USB_Device_Library/Core/Src/usbd_core.o
                0x0800a156                USBD_LL_Suspend
 .text.USBD_LL_Resume
                0x0800a18e       0x30 ./Middlewares/ST/STM32_USB_Device_Library/Core/Src/usbd_core.o
                0x0800a18e                USBD_LL_Resume
 .text.USBD_LL_SOF
                0x0800a1be       0x40 ./Middlewares/ST/STM32_USB_Device_Library/Core/Src/usbd_core.o
                0x0800a1be                USBD_LL_SOF
 .text.USBD_LL_IsoINIncomplete
                0x0800a1fe       0x64 ./Middlewares/ST/STM32_USB_Device_Library/Core/Src/usbd_core.o
                0x0800a1fe                USBD_LL_IsoINIncomplete
 .text.USBD_LL_IsoOUTIncomplete
                0x0800a262       0x64 ./Middlewares/ST/STM32_USB_Device_Library/Core/Src/usbd_core.o
                0x0800a262                USBD_LL_IsoOUTIncomplete
 .text.USBD_LL_DevConnected
                0x0800a2c6       0x16 ./Middlewares/ST/STM32_USB_Device_Library/Core/Src/usbd_core.o
                0x0800a2c6                USBD_LL_DevConnected
 .text.USBD_LL_DevDisconnected
                0x0800a2dc       0x46 ./Middlewares/ST/STM32_USB_Device_Library/Core/Src/usbd_core.o
                0x0800a2dc                USBD_LL_DevDisconnected
 .text.USBD_CoreFindIF
                0x0800a322       0x1a ./Middlewares/ST/STM32_USB_Device_Library/Core/Src/usbd_core.o
                0x0800a322                USBD_CoreFindIF
 .text.USBD_CoreFindEP
                0x0800a33c       0x1a ./Middlewares/ST/STM32_USB_Device_Library/Core/Src/usbd_core.o
                0x0800a33c                USBD_CoreFindEP
 .text.SWAPBYTE
                0x0800a356       0x3c ./Middlewares/ST/STM32_USB_Device_Library/Core/Src/usbd_ctlreq.o
 *fill*         0x0800a392        0x2 
 .text.USBD_StdDevReq
                0x0800a394       0xe4 ./Middlewares/ST/STM32_USB_Device_Library/Core/Src/usbd_ctlreq.o
                0x0800a394                USBD_StdDevReq
 .text.USBD_StdItfReq
                0x0800a478       0xd8 ./Middlewares/ST/STM32_USB_Device_Library/Core/Src/usbd_ctlreq.o
                0x0800a478                USBD_StdItfReq
 .text.USBD_StdEPReq
                0x0800a550      0x33a ./Middlewares/ST/STM32_USB_Device_Library/Core/Src/usbd_ctlreq.o
                0x0800a550                USBD_StdEPReq
 *fill*         0x0800a88a        0x2 
 .text.USBD_GetDescriptor
                0x0800a88c      0x2d4 ./Middlewares/ST/STM32_USB_Device_Library/Core/Src/usbd_ctlreq.o
 .text.USBD_SetAddress
                0x0800ab60       0x88 ./Middlewares/ST/STM32_USB_Device_Library/Core/Src/usbd_ctlreq.o
 .text.USBD_SetConfig
                0x0800abe8      0x154 ./Middlewares/ST/STM32_USB_Device_Library/Core/Src/usbd_ctlreq.o
 .text.USBD_GetConfig
                0x0800ad3c       0x6c ./Middlewares/ST/STM32_USB_Device_Library/Core/Src/usbd_ctlreq.o
 .text.USBD_GetStatus
                0x0800ada8       0x68 ./Middlewares/ST/STM32_USB_Device_Library/Core/Src/usbd_ctlreq.o
 .text.USBD_SetFeature
                0x0800ae10       0x52 ./Middlewares/ST/STM32_USB_Device_Library/Core/Src/usbd_ctlreq.o
 .text.USBD_ClrFeature
                0x0800ae62       0x44 ./Middlewares/ST/STM32_USB_Device_Library/Core/Src/usbd_ctlreq.o
 .text.USBD_ParseSetupRequest
                0x0800aea6       0x74 ./Middlewares/ST/STM32_USB_Device_Library/Core/Src/usbd_ctlreq.o
                0x0800aea6                USBD_ParseSetupRequest
 .text.USBD_CtlError
                0x0800af1a       0x22 ./Middlewares/ST/STM32_USB_Device_Library/Core/Src/usbd_ctlreq.o
                0x0800af1a                USBD_CtlError
 .text.USBD_CtlSendData
                0x0800af3c       0x36 ./Middlewares/ST/STM32_USB_Device_Library/Core/Src/usbd_ioreq.o
                0x0800af3c                USBD_CtlSendData
 .text.USBD_CtlContinueSendData
                0x0800af72       0x22 ./Middlewares/ST/STM32_USB_Device_Library/Core/Src/usbd_ioreq.o
                0x0800af72                USBD_CtlContinueSendData
 .text.USBD_CtlContinueRx
                0x0800af94       0x22 ./Middlewares/ST/STM32_USB_Device_Library/Core/Src/usbd_ioreq.o
                0x0800af94                USBD_CtlContinueRx
 .text.USBD_CtlSendStatus
                0x0800afb6       0x26 ./Middlewares/ST/STM32_USB_Device_Library/Core/Src/usbd_ioreq.o
                0x0800afb6                USBD_CtlSendStatus
 .text.USBD_CtlReceiveStatus
                0x0800afdc       0x26 ./Middlewares/ST/STM32_USB_Device_Library/Core/Src/usbd_ioreq.o
                0x0800afdc                USBD_CtlReceiveStatus
 .text.vListInitialise
                0x0800b002       0x40 ./Middlewares/Third_Party/FreeRTOS/Source/list.o
                0x0800b002                vListInitialise
 .text.vListInitialiseItem
                0x0800b042       0x1a ./Middlewares/Third_Party/FreeRTOS/Source/list.o
                0x0800b042                vListInitialiseItem
 .text.vListInsertEnd
                0x0800b05c       0x48 ./Middlewares/Third_Party/FreeRTOS/Source/list.o
                0x0800b05c                vListInsertEnd
 .text.vListInsert
                0x0800b0a4       0x72 ./Middlewares/Third_Party/FreeRTOS/Source/list.o
                0x0800b0a4                vListInsert
 .text.uxListRemove
                0x0800b116       0x54 ./Middlewares/Third_Party/FreeRTOS/Source/list.o
                0x0800b116                uxListRemove
 *fill*         0x0800b16a        0x2 
 .text.xQueueGenericReset
                0x0800b16c       0xd4 ./Middlewares/Third_Party/FreeRTOS/Source/queue.o
                0x0800b16c                xQueueGenericReset
 .text.xQueueGenericCreateStatic
                0x0800b240       0xfa ./Middlewares/Third_Party/FreeRTOS/Source/queue.o
                0x0800b240                xQueueGenericCreateStatic
 .text.xQueueGenericCreate
                0x0800b33a       0x76 ./Middlewares/Third_Party/FreeRTOS/Source/queue.o
                0x0800b33a                xQueueGenericCreate
 .text.prvInitialiseNewQueue
                0x0800b3b0       0x3e ./Middlewares/Third_Party/FreeRTOS/Source/queue.o
 .text.prvInitialiseMutex
                0x0800b3ee       0x34 ./Middlewares/Third_Party/FreeRTOS/Source/queue.o
 .text.xQueueCreateMutex
                0x0800b422       0x30 ./Middlewares/Third_Party/FreeRTOS/Source/queue.o
                0x0800b422                xQueueCreateMutex
 .text.xQueueCreateCountingSemaphore
                0x0800b452       0x6a ./Middlewares/Third_Party/FreeRTOS/Source/queue.o
                0x0800b452                xQueueCreateCountingSemaphore
 .text.xQueueGenericSend
                0x0800b4bc      0x204 ./Middlewares/Third_Party/FreeRTOS/Source/queue.o
                0x0800b4bc                xQueueGenericSend
 .text.xQueueGenericSendFromISR
                0x0800b6c0      0x13c ./Middlewares/Third_Party/FreeRTOS/Source/queue.o
                0x0800b6c0                xQueueGenericSendFromISR
 .text.xQueueGiveFromISR
                0x0800b7fc      0x120 ./Middlewares/Third_Party/FreeRTOS/Source/queue.o
                0x0800b7fc                xQueueGiveFromISR
 .text.xQueueReceive
                0x0800b91c      0x1c4 ./Middlewares/Third_Party/FreeRTOS/Source/queue.o
                0x0800b91c                xQueueReceive
 .text.xQueueSemaphoreTake
                0x0800bae0      0x220 ./Middlewares/Third_Party/FreeRTOS/Source/queue.o
                0x0800bae0                xQueueSemaphoreTake
 .text.prvGetDisinheritPriorityAfterTimeout
                0x0800bd00       0x30 ./Middlewares/Third_Party/FreeRTOS/Source/queue.o
 .text.prvCopyDataToQueue
                0x0800bd30       0xd4 ./Middlewares/Third_Party/FreeRTOS/Source/queue.o
 .text.prvCopyDataFromQueue
                0x0800be04       0x4c ./Middlewares/Third_Party/FreeRTOS/Source/queue.o
 .text.prvUnlockQueue
                0x0800be50       0xa4 ./Middlewares/Third_Party/FreeRTOS/Source/queue.o
 .text.prvIsQueueEmpty
                0x0800bef4       0x2c ./Middlewares/Third_Party/FreeRTOS/Source/queue.o
 .text.prvIsQueueFull
                0x0800bf20       0x30 ./Middlewares/Third_Party/FreeRTOS/Source/queue.o
 .text.vQueueAddToRegistry
                0x0800bf50       0x54 ./Middlewares/Third_Party/FreeRTOS/Source/queue.o
                0x0800bf50                vQueueAddToRegistry
 .text.vQueueWaitForMessageRestricted
                0x0800bfa4       0x68 ./Middlewares/Third_Party/FreeRTOS/Source/queue.o
                0x0800bfa4                vQueueWaitForMessageRestricted
 .text.xTaskCreateStatic
                0x0800c00c       0xc0 ./Middlewares/Third_Party/FreeRTOS/Source/tasks.o
                0x0800c00c                xTaskCreateStatic
 .text.xTaskCreate
                0x0800c0cc       0x8a ./Middlewares/Third_Party/FreeRTOS/Source/tasks.o
                0x0800c0cc                xTaskCreate
 .text.prvInitialiseNewTask
                0x0800c156      0x110 ./Middlewares/Third_Party/FreeRTOS/Source/tasks.o
 *fill*         0x0800c266        0x2 
 .text.prvAddNewTaskToReadyList
                0x0800c268       0xd4 ./Middlewares/Third_Party/FreeRTOS/Source/tasks.o
 .text.vTaskStartScheduler
                0x0800c33c       0xd0 ./Middlewares/Third_Party/FreeRTOS/Source/tasks.o
                0x0800c33c                vTaskStartScheduler
 .text.vTaskSuspendAll
                0x0800c40c       0x1c ./Middlewares/Third_Party/FreeRTOS/Source/tasks.o
                0x0800c40c                vTaskSuspendAll
 .text.xTaskResumeAll
                0x0800c428      0x13c ./Middlewares/Third_Party/FreeRTOS/Source/tasks.o
                0x0800c428                xTaskResumeAll
 .text.xTaskGetTickCount
                0x0800c564       0x20 ./Middlewares/Third_Party/FreeRTOS/Source/tasks.o
                0x0800c564                xTaskGetTickCount
 .text.xTaskIncrementTick
                0x0800c584      0x174 ./Middlewares/Third_Party/FreeRTOS/Source/tasks.o
                0x0800c584                xTaskIncrementTick
 .text.vTaskSwitchContext
                0x0800c6f8       0xb8 ./Middlewares/Third_Party/FreeRTOS/Source/tasks.o
                0x0800c6f8                vTaskSwitchContext
 .text.vTaskPlaceOnEventList
                0x0800c7b0       0x4c ./Middlewares/Third_Party/FreeRTOS/Source/tasks.o
                0x0800c7b0                vTaskPlaceOnEventList
 .text.vTaskPlaceOnEventListRestricted
                0x0800c7fc       0x58 ./Middlewares/Third_Party/FreeRTOS/Source/tasks.o
                0x0800c7fc                vTaskPlaceOnEventListRestricted
 .text.xTaskRemoveFromEventList
                0x0800c854       0xc8 ./Middlewares/Third_Party/FreeRTOS/Source/tasks.o
                0x0800c854                xTaskRemoveFromEventList
 .text.vTaskInternalSetTimeOutState
                0x0800c91c       0x2c ./Middlewares/Third_Party/FreeRTOS/Source/tasks.o
                0x0800c91c                vTaskInternalSetTimeOutState
 .text.xTaskCheckForTimeOut
                0x0800c948       0xc8 ./Middlewares/Third_Party/FreeRTOS/Source/tasks.o
                0x0800c948                xTaskCheckForTimeOut
 .text.vTaskMissedYield
                0x0800ca10       0x18 ./Middlewares/Third_Party/FreeRTOS/Source/tasks.o
                0x0800ca10                vTaskMissedYield
 .text.prvIdleTask
                0x0800ca28       0x34 ./Middlewares/Third_Party/FreeRTOS/Source/tasks.o
 .text.prvInitialiseTaskLists
                0x0800ca5c       0x80 ./Middlewares/Third_Party/FreeRTOS/Source/tasks.o
 .text.prvCheckTasksWaitingTermination
                0x0800cadc       0x5c ./Middlewares/Third_Party/FreeRTOS/Source/tasks.o
 .text.prvDeleteTCB
                0x0800cb38       0x60 ./Middlewares/Third_Party/FreeRTOS/Source/tasks.o
 .text.prvResetNextTaskUnblockTime
                0x0800cb98       0x40 ./Middlewares/Third_Party/FreeRTOS/Source/tasks.o
 .text.xTaskGetSchedulerState
                0x0800cbd8       0x3c ./Middlewares/Third_Party/FreeRTOS/Source/tasks.o
                0x0800cbd8                xTaskGetSchedulerState
 .text.xTaskPriorityInherit
                0x0800cc14       0xec ./Middlewares/Third_Party/FreeRTOS/Source/tasks.o
                0x0800cc14                xTaskPriorityInherit
 .text.xTaskPriorityDisinherit
                0x0800cd00      0x110 ./Middlewares/Third_Party/FreeRTOS/Source/tasks.o
                0x0800cd00                xTaskPriorityDisinherit
 .text.vTaskPriorityDisinheritAfterTimeout
                0x0800ce10      0x120 ./Middlewares/Third_Party/FreeRTOS/Source/tasks.o
                0x0800ce10                vTaskPriorityDisinheritAfterTimeout
 .text.pvTaskIncrementMutexHeldCount
                0x0800cf30       0x28 ./Middlewares/Third_Party/FreeRTOS/Source/tasks.o
                0x0800cf30                pvTaskIncrementMutexHeldCount
 .text.prvAddCurrentTaskToDelayedList
                0x0800cf58       0xcc ./Middlewares/Third_Party/FreeRTOS/Source/tasks.o
 .text.xTimerCreateTimerTask
                0x0800d024       0x94 ./Middlewares/Third_Party/FreeRTOS/Source/timers.o
                0x0800d024                xTimerCreateTimerTask
 .text.xTimerCreate
                0x0800d0b8       0x42 ./Middlewares/Third_Party/FreeRTOS/Source/timers.o
                0x0800d0b8                xTimerCreate
 .text.prvInitialiseNewTimer
                0x0800d0fa       0x78 ./Middlewares/Third_Party/FreeRTOS/Source/timers.o
 *fill*         0x0800d172        0x2 
 .text.xTimerGenericCommand
                0x0800d174       0x9c ./Middlewares/Third_Party/FreeRTOS/Source/timers.o
                0x0800d174                xTimerGenericCommand
 .text.prvProcessExpiredTimer
                0x0800d210       0x9c ./Middlewares/Third_Party/FreeRTOS/Source/timers.o
 .text.prvTimerTask
                0x0800d2ac       0x26 ./Middlewares/Third_Party/FreeRTOS/Source/timers.o
 *fill*         0x0800d2d2        0x2 
 .text.prvProcessTimerOrBlockTask
                0x0800d2d4       0x9c ./Middlewares/Third_Party/FreeRTOS/Source/timers.o
 .text.prvGetNextExpireTime
                0x0800d370       0x48 ./Middlewares/Third_Party/FreeRTOS/Source/timers.o
 .text.prvSampleTimeNow
                0x0800d3b8       0x40 ./Middlewares/Third_Party/FreeRTOS/Source/timers.o
 .text.prvInsertTimerInActiveList
                0x0800d3f8       0x84 ./Middlewares/Third_Party/FreeRTOS/Source/timers.o
 .text.prvProcessReceivedCommands
                0x0800d47c      0x194 ./Middlewares/Third_Party/FreeRTOS/Source/timers.o
 .text.prvSwitchTimerLists
                0x0800d610       0xcc ./Middlewares/Third_Party/FreeRTOS/Source/timers.o
 .text.prvCheckForValidListAndQueue
                0x0800d6dc       0x80 ./Middlewares/Third_Party/FreeRTOS/Source/timers.o
 .text.pvTimerGetTimerID
                0x0800d75c       0x42 ./Middlewares/Third_Party/FreeRTOS/Source/timers.o
                0x0800d75c                pvTimerGetTimerID
 .text.vTimerSetTimerID
                0x0800d79e       0x42 ./Middlewares/Third_Party/FreeRTOS/Source/timers.o
                0x0800d79e                vTimerSetTimerID
 .text.pxPortInitialiseStack
                0x0800d7e0       0x68 ./Middlewares/Third_Party/FreeRTOS/Source/portable/GCC/ARM_CM4F/port.o
                0x0800d7e0                pxPortInitialiseStack
 .text.prvTaskExitError
                0x0800d848       0x5c ./Middlewares/Third_Party/FreeRTOS/Source/portable/GCC/ARM_CM4F/port.o
 *fill*         0x0800d8a4        0xc 
 .text.SVC_Handler
                0x0800d8b0       0x28 ./Middlewares/Third_Party/FreeRTOS/Source/portable/GCC/ARM_CM4F/port.o
                0x0800d8b0                SVC_Handler
 .text.prvPortStartFirstTask
                0x0800d8d8       0x28 ./Middlewares/Third_Party/FreeRTOS/Source/portable/GCC/ARM_CM4F/port.o
 .text.xPortStartScheduler
                0x0800d900      0x148 ./Middlewares/Third_Party/FreeRTOS/Source/portable/GCC/ARM_CM4F/port.o
                0x0800d900                xPortStartScheduler
 .text.vPortEnterCritical
                0x0800da48       0x64 ./Middlewares/Third_Party/FreeRTOS/Source/portable/GCC/ARM_CM4F/port.o
                0x0800da48                vPortEnterCritical
 .text.vPortExitCritical
                0x0800daac       0x54 ./Middlewares/Third_Party/FreeRTOS/Source/portable/GCC/ARM_CM4F/port.o
                0x0800daac                vPortExitCritical
 .text.PendSV_Handler
                0x0800db00       0x68 ./Middlewares/Third_Party/FreeRTOS/Source/portable/GCC/ARM_CM4F/port.o
                0x0800db00                PendSV_Handler
 .text.SysTick_Handler
                0x0800db68       0x44 ./Middlewares/Third_Party/FreeRTOS/Source/portable/GCC/ARM_CM4F/port.o
                0x0800db68                SysTick_Handler
 .text.vPortSetupTimerInterrupt
                0x0800dbac       0x48 ./Middlewares/Third_Party/FreeRTOS/Source/portable/GCC/ARM_CM4F/port.o
                0x0800dbac                vPortSetupTimerInterrupt
 .text.vPortEnableVFP
                0x0800dbf4       0x14 ./Middlewares/Third_Party/FreeRTOS/Source/portable/GCC/ARM_CM4F/port.o
 .text.vPortValidateInterruptPriority
                0x0800dc08       0x84 ./Middlewares/Third_Party/FreeRTOS/Source/portable/GCC/ARM_CM4F/port.o
                0x0800dc08                vPortValidateInterruptPriority
 .text.pvPortMalloc
                0x0800dc8c      0x19c ./Middlewares/Third_Party/FreeRTOS/Source/portable/MemMang/heap_4.o
                0x0800dc8c                pvPortMalloc
 .text.vPortFree
                0x0800de28       0xc8 ./Middlewares/Third_Party/FreeRTOS/Source/portable/MemMang/heap_4.o
                0x0800de28                vPortFree
 .text.prvHeapInit
                0x0800def0       0xc4 ./Middlewares/Third_Party/FreeRTOS/Source/portable/MemMang/heap_4.o
 .text.prvInsertBlockIntoFreeList
                0x0800dfb4       0xb4 ./Middlewares/Third_Party/FreeRTOS/Source/portable/MemMang/heap_4.o
 .text.HAL_PCD_SetupStageCallback
                0x0800e068       0x24 ./USB_DEVICE/Target/usbd_conf.o
                0x0800e068                HAL_PCD_SetupStageCallback
 .text.HAL_PCD_DataOutStageCallback
                0x0800e08c       0x36 ./USB_DEVICE/Target/usbd_conf.o
                0x0800e08c                HAL_PCD_DataOutStageCallback
 .text.HAL_PCD_DataInStageCallback
                0x0800e0c2       0x34 ./USB_DEVICE/Target/usbd_conf.o
                0x0800e0c2                HAL_PCD_DataInStageCallback
 .text.HAL_PCD_SOFCallback
                0x0800e0f6       0x1c ./USB_DEVICE/Target/usbd_conf.o
                0x0800e0f6                HAL_PCD_SOFCallback
 .text.HAL_PCD_ResetCallback
                0x0800e112       0x3c ./USB_DEVICE/Target/usbd_conf.o
                0x0800e112                HAL_PCD_ResetCallback
 *fill*         0x0800e14e        0x2 
 .text.HAL_PCD_SuspendCallback
                0x0800e150       0x4c ./USB_DEVICE/Target/usbd_conf.o
                0x0800e150                HAL_PCD_SuspendCallback
 .text.HAL_PCD_ResumeCallback
                0x0800e19c       0x1c ./USB_DEVICE/Target/usbd_conf.o
                0x0800e19c                HAL_PCD_ResumeCallback
 .text.HAL_PCD_ISOOUTIncompleteCallback
                0x0800e1b8       0x24 ./USB_DEVICE/Target/usbd_conf.o
                0x0800e1b8                HAL_PCD_ISOOUTIncompleteCallback
 .text.HAL_PCD_ISOINIncompleteCallback
                0x0800e1dc       0x24 ./USB_DEVICE/Target/usbd_conf.o
                0x0800e1dc                HAL_PCD_ISOINIncompleteCallback
 .text.HAL_PCD_ConnectCallback
                0x0800e200       0x1c ./USB_DEVICE/Target/usbd_conf.o
                0x0800e200                HAL_PCD_ConnectCallback
 .text.HAL_PCD_DisconnectCallback
                0x0800e21c       0x1c ./USB_DEVICE/Target/usbd_conf.o
                0x0800e21c                HAL_PCD_DisconnectCallback
 .text.USBD_LL_OpenEP
                0x0800e238       0x4c ./USB_DEVICE/Target/usbd_conf.o
                0x0800e238                USBD_LL_OpenEP
 .text.USBD_LL_StallEP
                0x0800e284       0x3e ./USB_DEVICE/Target/usbd_conf.o
                0x0800e284                USBD_LL_StallEP
 .text.USBD_LL_ClearStallEP
                0x0800e2c2       0x3e ./USB_DEVICE/Target/usbd_conf.o
                0x0800e2c2                USBD_LL_ClearStallEP
 .text.USBD_LL_IsStallEP
                0x0800e300       0x58 ./USB_DEVICE/Target/usbd_conf.o
                0x0800e300                USBD_LL_IsStallEP
 .text.USBD_LL_SetUSBAddress
                0x0800e358       0x3e ./USB_DEVICE/Target/usbd_conf.o
                0x0800e358                USBD_LL_SetUSBAddress
 .text.USBD_LL_Transmit
                0x0800e396       0x42 ./USB_DEVICE/Target/usbd_conf.o
                0x0800e396                USBD_LL_Transmit
 .text.USBD_LL_PrepareReceive
                0x0800e3d8       0x42 ./USB_DEVICE/Target/usbd_conf.o
                0x0800e3d8                USBD_LL_PrepareReceive
 *fill*         0x0800e41a        0x2 
 .text.USBD_Get_USB_Status
                0x0800e41c       0x58 ./USB_DEVICE/Target/usbd_conf.o
                0x0800e41c                USBD_Get_USB_Status
 .text.malloc   0x0800e474       0x10 D:/Program File 2/ST/STM32CubeIDE_1.16.1/STM32CubeIDE/plugins/com.st.stm32cube.ide.mcu.externaltools.gnu-tools-for-stm32.12.3.rel1.win32_1.0.200.202406191623/tools/bin/../lib/gcc/arm-none-eabi/12.3.1/../../../../arm-none-eabi/lib/thumb/v7e-m+fp/hard\libc_nano.a(libc_a-malloc.o)
                0x0800e474                malloc
 .text.free     0x0800e484       0x10 D:/Program File 2/ST/STM32CubeIDE_1.16.1/STM32CubeIDE/plugins/com.st.stm32cube.ide.mcu.externaltools.gnu-tools-for-stm32.12.3.rel1.win32_1.0.200.202406191623/tools/bin/../lib/gcc/arm-none-eabi/12.3.1/../../../../arm-none-eabi/lib/thumb/v7e-m+fp/hard\libc_nano.a(libc_a-malloc.o)
                0x0800e484                free
 .text.sbrk_aligned
                0x0800e494       0x44 D:/Program File 2/ST/STM32CubeIDE_1.16.1/STM32CubeIDE/plugins/com.st.stm32cube.ide.mcu.externaltools.gnu-tools-for-stm32.12.3.rel1.win32_1.0.200.202406191623/tools/bin/../lib/gcc/arm-none-eabi/12.3.1/../../../../arm-none-eabi/lib/thumb/v7e-m+fp/hard\libc_nano.a(libc_a-mallocr.o)
 .text._malloc_r
                0x0800e4d8      0x100 D:/Program File 2/ST/STM32CubeIDE_1.16.1/STM32CubeIDE/plugins/com.st.stm32cube.ide.mcu.externaltools.gnu-tools-for-stm32.12.3.rel1.win32_1.0.200.202406191623/tools/bin/../lib/gcc/arm-none-eabi/12.3.1/../../../../arm-none-eabi/lib/thumb/v7e-m+fp/hard\libc_nano.a(libc_a-mallocr.o)
                0x0800e4d8                _malloc_r
 .text.__malloc_lock
                0x0800e5d8        0xc D:/Program File 2/ST/STM32CubeIDE_1.16.1/STM32CubeIDE/plugins/com.st.stm32cube.ide.mcu.externaltools.gnu-tools-for-stm32.12.3.rel1.win32_1.0.200.202406191623/tools/bin/../lib/gcc/arm-none-eabi/12.3.1/../../../../arm-none-eabi/lib/thumb/v7e-m+fp/hard\libc_nano.a(libc_a-mlock.o)
                0x0800e5d8                __malloc_lock
 .text.__malloc_unlock
                0x0800e5e4        0xc D:/Program File 2/ST/STM32CubeIDE_1.16.1/STM32CubeIDE/plugins/com.st.stm32cube.ide.mcu.externaltools.gnu-tools-for-stm32.12.3.rel1.win32_1.0.200.202406191623/tools/bin/../lib/gcc/arm-none-eabi/12.3.1/../../../../arm-none-eabi/lib/thumb/v7e-m+fp/hard\libc_nano.a(libc_a-mlock.o)
                0x0800e5e4                __malloc_unlock
 .text.sprintf  0x0800e5f0       0x40 D:/Program File 2/ST/STM32CubeIDE_1.16.1/STM32CubeIDE/plugins/com.st.stm32cube.ide.mcu.externaltools.gnu-tools-for-stm32.12.3.rel1.win32_1.0.200.202406191623/tools/bin/../lib/gcc/arm-none-eabi/12.3.1/../../../../arm-none-eabi/lib/thumb/v7e-m+fp/hard\libc_nano.a(libc_a-sprintf.o)
                0x0800e5f0                siprintf
                0x0800e5f0                sprintf
 .text.memset   0x0800e630       0x10 D:/Program File 2/ST/STM32CubeIDE_1.16.1/STM32CubeIDE/plugins/com.st.stm32cube.ide.mcu.externaltools.gnu-tools-for-stm32.12.3.rel1.win32_1.0.200.202406191623/tools/bin/../lib/gcc/arm-none-eabi/12.3.1/../../../../arm-none-eabi/lib/thumb/v7e-m+fp/hard\libc_nano.a(libc_a-memset.o)
                0x0800e630                memset
 .text._sbrk_r  0x0800e640       0x20 D:/Program File 2/ST/STM32CubeIDE_1.16.1/STM32CubeIDE/plugins/com.st.stm32cube.ide.mcu.externaltools.gnu-tools-for-stm32.12.3.rel1.win32_1.0.200.202406191623/tools/bin/../lib/gcc/arm-none-eabi/12.3.1/../../../../arm-none-eabi/lib/thumb/v7e-m+fp/hard\libc_nano.a(libc_a-sbrkr.o)
                0x0800e640                _sbrk_r
 .text.__errno  0x0800e660        0xc D:/Program File 2/ST/STM32CubeIDE_1.16.1/STM32CubeIDE/plugins/com.st.stm32cube.ide.mcu.externaltools.gnu-tools-for-stm32.12.3.rel1.win32_1.0.200.202406191623/tools/bin/../lib/gcc/arm-none-eabi/12.3.1/../../../../arm-none-eabi/lib/thumb/v7e-m+fp/hard\libc_nano.a(libc_a-errno.o)
                0x0800e660                __errno
 .text.__libc_init_array
                0x0800e66c       0x48 D:/Program File 2/ST/STM32CubeIDE_1.16.1/STM32CubeIDE/plugins/com.st.stm32cube.ide.mcu.externaltools.gnu-tools-for-stm32.12.3.rel1.win32_1.0.200.202406191623/tools/bin/../lib/gcc/arm-none-eabi/12.3.1/../../../../arm-none-eabi/lib/thumb/v7e-m+fp/hard\libc_nano.a(libc_a-init.o)
                0x0800e66c                __libc_init_array
 .text.__retarget_lock_acquire_recursive
                0x0800e6b4        0x2 D:/Program File 2/ST/STM32CubeIDE_1.16.1/STM32CubeIDE/plugins/com.st.stm32cube.ide.mcu.externaltools.gnu-tools-for-stm32.12.3.rel1.win32_1.0.200.202406191623/tools/bin/../lib/gcc/arm-none-eabi/12.3.1/../../../../arm-none-eabi/lib/thumb/v7e-m+fp/hard\libc_nano.a(libc_a-lock.o)
                0x0800e6b4                __retarget_lock_acquire_recursive
 .text.__retarget_lock_release_recursive
                0x0800e6b6        0x2 D:/Program File 2/ST/STM32CubeIDE_1.16.1/STM32CubeIDE/plugins/com.st.stm32cube.ide.mcu.externaltools.gnu-tools-for-stm32.12.3.rel1.win32_1.0.200.202406191623/tools/bin/../lib/gcc/arm-none-eabi/12.3.1/../../../../arm-none-eabi/lib/thumb/v7e-m+fp/hard\libc_nano.a(libc_a-lock.o)
                0x0800e6b6                __retarget_lock_release_recursive
 .text.memcpy   0x0800e6b8       0x1c D:/Program File 2/ST/STM32CubeIDE_1.16.1/STM32CubeIDE/plugins/com.st.stm32cube.ide.mcu.externaltools.gnu-tools-for-stm32.12.3.rel1.win32_1.0.200.202406191623/tools/bin/../lib/gcc/arm-none-eabi/12.3.1/../../../../arm-none-eabi/lib/thumb/v7e-m+fp/hard\libc_nano.a(libc_a-memcpy-stub.o)
                0x0800e6b8                memcpy
 .text._free_r  0x0800e6d4       0x94 D:/Program File 2/ST/STM32CubeIDE_1.16.1/STM32CubeIDE/plugins/com.st.stm32cube.ide.mcu.externaltools.gnu-tools-for-stm32.12.3.rel1.win32_1.0.200.202406191623/tools/bin/../lib/gcc/arm-none-eabi/12.3.1/../../../../arm-none-eabi/lib/thumb/v7e-m+fp/hard\libc_nano.a(libc_a-freer.o)
                0x0800e6d4                _free_r
 .text.__ssputs_r
                0x0800e768       0xb6 D:/Program File 2/ST/STM32CubeIDE_1.16.1/STM32CubeIDE/plugins/com.st.stm32cube.ide.mcu.externaltools.gnu-tools-for-stm32.12.3.rel1.win32_1.0.200.202406191623/tools/bin/../lib/gcc/arm-none-eabi/12.3.1/../../../../arm-none-eabi/lib/thumb/v7e-m+fp/hard\libc_nano.a(libc_a-nano-svfprintf.o)
                0x0800e768                __ssputs_r
 *fill*         0x0800e81e        0x2 
 .text._svfprintf_r
                0x0800e820      0x1f8 D:/Program File 2/ST/STM32CubeIDE_1.16.1/STM32CubeIDE/plugins/com.st.stm32cube.ide.mcu.externaltools.gnu-tools-for-stm32.12.3.rel1.win32_1.0.200.202406191623/tools/bin/../lib/gcc/arm-none-eabi/12.3.1/../../../../arm-none-eabi/lib/thumb/v7e-m+fp/hard\libc_nano.a(libc_a-nano-svfprintf.o)
                0x0800e820                _svfiprintf_r
                0x0800e820                _svfprintf_r
 .text._printf_common
                0x0800ea18       0xda D:/Program File 2/ST/STM32CubeIDE_1.16.1/STM32CubeIDE/plugins/com.st.stm32cube.ide.mcu.externaltools.gnu-tools-for-stm32.12.3.rel1.win32_1.0.200.202406191623/tools/bin/../lib/gcc/arm-none-eabi/12.3.1/../../../../arm-none-eabi/lib/thumb/v7e-m+fp/hard\libc_nano.a(libc_a-nano-vfprintf_i.o)
                0x0800ea18                _printf_common
 *fill*         0x0800eaf2        0x2 
 .text._printf_i
                0x0800eaf4      0x240 D:/Program File 2/ST/STM32CubeIDE_1.16.1/STM32CubeIDE/plugins/com.st.stm32cube.ide.mcu.externaltools.gnu-tools-for-stm32.12.3.rel1.win32_1.0.200.202406191623/tools/bin/../lib/gcc/arm-none-eabi/12.3.1/../../../../arm-none-eabi/lib/thumb/v7e-m+fp/hard\libc_nano.a(libc_a-nano-vfprintf_i.o)
                0x0800eaf4                _printf_i
 .text.memmove  0x0800ed34       0x34 D:/Program File 2/ST/STM32CubeIDE_1.16.1/STM32CubeIDE/plugins/com.st.stm32cube.ide.mcu.externaltools.gnu-tools-for-stm32.12.3.rel1.win32_1.0.200.202406191623/tools/bin/../lib/gcc/arm-none-eabi/12.3.1/../../../../arm-none-eabi/lib/thumb/v7e-m+fp/hard\libc_nano.a(libc_a-memmove.o)
                0x0800ed34                memmove
 .text._realloc_r
                0x0800ed68       0x5c D:/Program File 2/ST/STM32CubeIDE_1.16.1/STM32CubeIDE/plugins/com.st.stm32cube.ide.mcu.externaltools.gnu-tools-for-stm32.12.3.rel1.win32_1.0.200.202406191623/tools/bin/../lib/gcc/arm-none-eabi/12.3.1/../../../../arm-none-eabi/lib/thumb/v7e-m+fp/hard\libc_nano.a(libc_a-reallocr.o)
                0x0800ed68                _realloc_r
 .text._malloc_usable_size_r
                0x0800edc4       0x10 D:/Program File 2/ST/STM32CubeIDE_1.16.1/STM32CubeIDE/plugins/com.st.stm32cube.ide.mcu.externaltools.gnu-tools-for-stm32.12.3.rel1.win32_1.0.200.202406191623/tools/bin/../lib/gcc/arm-none-eabi/12.3.1/../../../../arm-none-eabi/lib/thumb/v7e-m+fp/hard\libc_nano.a(libc_a-msizer.o)
                0x0800edc4                _malloc_usable_size_r
 *(.glue_7)
 .glue_7        0x0800edd4        0x0 linker stubs
 *(.glue_7t)
 .glue_7t       0x0800edd4        0x0 linker stubs
 *(.eh_frame)
 .eh_frame      0x0800edd4        0x0 D:/Program File 2/ST/STM32CubeIDE_1.16.1/STM32CubeIDE/plugins/com.st.stm32cube.ide.mcu.externaltools.gnu-tools-for-stm32.12.3.rel1.win32_1.0.200.202406191623/tools/bin/../lib/gcc/arm-none-eabi/12.3.1/thumb/v7e-m+fp/hard/crtbegin.o
 *(.init)
 .init          0x0800edd4        0x4 D:/Program File 2/ST/STM32CubeIDE_1.16.1/STM32CubeIDE/plugins/com.st.stm32cube.ide.mcu.externaltools.gnu-tools-for-stm32.12.3.rel1.win32_1.0.200.202406191623/tools/bin/../lib/gcc/arm-none-eabi/12.3.1/thumb/v7e-m+fp/hard/crti.o
                0x0800edd4                _init
 .init          0x0800edd8        0x8 D:/Program File 2/ST/STM32CubeIDE_1.16.1/STM32CubeIDE/plugins/com.st.stm32cube.ide.mcu.externaltools.gnu-tools-for-stm32.12.3.rel1.win32_1.0.200.202406191623/tools/bin/../lib/gcc/arm-none-eabi/12.3.1/thumb/v7e-m+fp/hard/crtn.o
 *(.fini)
 .fini          0x0800ede0        0x4 D:/Program File 2/ST/STM32CubeIDE_1.16.1/STM32CubeIDE/plugins/com.st.stm32cube.ide.mcu.externaltools.gnu-tools-for-stm32.12.3.rel1.win32_1.0.200.202406191623/tools/bin/../lib/gcc/arm-none-eabi/12.3.1/thumb/v7e-m+fp/hard/crti.o
                0x0800ede0                _fini
 .fini          0x0800ede4        0x8 D:/Program File 2/ST/STM32CubeIDE_1.16.1/STM32CubeIDE/plugins/com.st.stm32cube.ide.mcu.externaltools.gnu-tools-for-stm32.12.3.rel1.win32_1.0.200.202406191623/tools/bin/../lib/gcc/arm-none-eabi/12.3.1/thumb/v7e-m+fp/hard/crtn.o
                0x0800edec                        . = ALIGN (0x4)
                0x0800edec                        _etext = .

.vfp11_veneer   0x0800edec        0x0
 .vfp11_veneer  0x0800edec        0x0 linker stubs

.v4_bx          0x0800edec        0x0
 .v4_bx         0x0800edec        0x0 linker stubs

.iplt           0x0800edec        0x0
 .iplt          0x0800edec        0x0 D:/Program File 2/ST/STM32CubeIDE_1.16.1/STM32CubeIDE/plugins/com.st.stm32cube.ide.mcu.externaltools.gnu-tools-for-stm32.12.3.rel1.win32_1.0.200.202406191623/tools/bin/../lib/gcc/arm-none-eabi/12.3.1/thumb/v7e-m+fp/hard/crtbegin.o

.rodata         0x0800edf0      0x4cc
                0x0800edf0                        . = ALIGN (0x4)
 *(.rodata)
 .rodata        0x0800edf0       0x50 ./Core/Src/LoRa.o
 .rodata        0x0800ee40       0x82 ./Core/Src/bsp_lora.o
 *fill*         0x0800eec2        0x2 
 .rodata        0x0800eec4      0x372 ./Core/Src/lora_network.o
 *fill*         0x0800f236        0x2 
 .rodata        0x0800f238       0x1e ./Core/Src/main.o
 *fill*         0x0800f256        0x2 
 .rodata        0x0800f258        0x5 ./Middlewares/Third_Party/FreeRTOS/Source/tasks.o
 *fill*         0x0800f25d        0x3 
 .rodata        0x0800f260        0xd ./Middlewares/Third_Party/FreeRTOS/Source/timers.o
 *(.rodata*)
 *fill*         0x0800f26d        0x3 
 .rodata.AHBPrescTable
                0x0800f270       0x10 ./Core/Src/system_stm32f4xx.o
                0x0800f270                AHBPrescTable
 .rodata.APBPrescTable
                0x0800f280        0x8 ./Core/Src/system_stm32f4xx.o
                0x0800f280                APBPrescTable
 .rodata._svfprintf_r.str1.1
                0x0800f288       0x11 D:/Program File 2/ST/STM32CubeIDE_1.16.1/STM32CubeIDE/plugins/com.st.stm32cube.ide.mcu.externaltools.gnu-tools-for-stm32.12.3.rel1.win32_1.0.200.202406191623/tools/bin/../lib/gcc/arm-none-eabi/12.3.1/../../../../arm-none-eabi/lib/thumb/v7e-m+fp/hard\libc_nano.a(libc_a-nano-svfprintf.o)
 .rodata._printf_i.str1.1
                0x0800f299       0x22 D:/Program File 2/ST/STM32CubeIDE_1.16.1/STM32CubeIDE/plugins/com.st.stm32cube.ide.mcu.externaltools.gnu-tools-for-stm32.12.3.rel1.win32_1.0.200.202406191623/tools/bin/../lib/gcc/arm-none-eabi/12.3.1/../../../../arm-none-eabi/lib/thumb/v7e-m+fp/hard\libc_nano.a(libc_a-nano-vfprintf_i.o)
                0x0800f2bc                        . = ALIGN (0x4)
 *fill*         0x0800f2bb        0x1 

.ARM.extab      0x0800f2bc        0x0
                0x0800f2bc                        . = ALIGN (0x4)
 *(.ARM.extab* .gnu.linkonce.armextab.*)
                0x0800f2bc                        . = ALIGN (0x4)

.ARM            0x0800f2bc        0x8
                0x0800f2bc                        . = ALIGN (0x4)
                0x0800f2bc                        __exidx_start = .
 *(.ARM.exidx*)
 .ARM.exidx     0x0800f2bc        0x8 D:/Program File 2/ST/STM32CubeIDE_1.16.1/STM32CubeIDE/plugins/com.st.stm32cube.ide.mcu.externaltools.gnu-tools-for-stm32.12.3.rel1.win32_1.0.200.202406191623/tools/bin/../lib/gcc/arm-none-eabi/12.3.1/../../../../arm-none-eabi/lib/thumb/v7e-m+fp/hard\libc_nano.a(libc_a-strlen.o)
 .ARM.exidx     0x0800f2c4        0x0 D:/Program File 2/ST/STM32CubeIDE_1.16.1/STM32CubeIDE/plugins/com.st.stm32cube.ide.mcu.externaltools.gnu-tools-for-stm32.12.3.rel1.win32_1.0.200.202406191623/tools/bin/../lib/gcc/arm-none-eabi/12.3.1/../../../../arm-none-eabi/lib/thumb/v7e-m+fp/hard\libc_nano.a(libc_a-memchr.o)
                                  0x8 (size before relaxing)
 .ARM.exidx     0x0800f2c4        0x0 D:/Program File 2/ST/STM32CubeIDE_1.16.1/STM32CubeIDE/plugins/com.st.stm32cube.ide.mcu.externaltools.gnu-tools-for-stm32.12.3.rel1.win32_1.0.200.202406191623/tools/bin/../lib/gcc/arm-none-eabi/12.3.1/thumb/v7e-m+fp/hard\libgcc.a(_udivmoddi4.o)
                                  0x8 (size before relaxing)
                0x0800f2c4                        __exidx_end = .
                0x0800f2c4                        . = ALIGN (0x4)

.preinit_array  0x0800f2c4        0x0
                0x0800f2c4                        . = ALIGN (0x4)
                0x0800f2c4                        PROVIDE (__preinit_array_start = .)
 *(.preinit_array*)
                0x0800f2c4                        PROVIDE (__preinit_array_end = .)
                0x0800f2c4                        . = ALIGN (0x4)

.init_array     0x0800f2c4        0x4
                0x0800f2c4                        . = ALIGN (0x4)
                0x0800f2c4                        PROVIDE (__init_array_start = .)
 *(SORT_BY_NAME(.init_array.*))
 *(.init_array*)
 .init_array    0x0800f2c4        0x4 D:/Program File 2/ST/STM32CubeIDE_1.16.1/STM32CubeIDE/plugins/com.st.stm32cube.ide.mcu.externaltools.gnu-tools-for-stm32.12.3.rel1.win32_1.0.200.202406191623/tools/bin/../lib/gcc/arm-none-eabi/12.3.1/thumb/v7e-m+fp/hard/crtbegin.o
                0x0800f2c8                        PROVIDE (__init_array_end = .)
                0x0800f2c8                        . = ALIGN (0x4)

.fini_array     0x0800f2c8        0x4
                0x0800f2c8                        . = ALIGN (0x4)
                [!provide]                        PROVIDE (__fini_array_start = .)
 *(SORT_BY_NAME(.fini_array.*))
 *(.fini_array*)
 .fini_array    0x0800f2c8        0x4 D:/Program File 2/ST/STM32CubeIDE_1.16.1/STM32CubeIDE/plugins/com.st.stm32cube.ide.mcu.externaltools.gnu-tools-for-stm32.12.3.rel1.win32_1.0.200.202406191623/tools/bin/../lib/gcc/arm-none-eabi/12.3.1/thumb/v7e-m+fp/hard/crtbegin.o
                [!provide]                        PROVIDE (__fini_array_end = .)
                0x0800f2cc                        . = ALIGN (0x4)
                0x0800f2cc                        _sidata = LOADADDR (.data)

.rel.dyn        0x0800f2cc        0x0
 .rel.iplt      0x0800f2cc        0x0 D:/Program File 2/ST/STM32CubeIDE_1.16.1/STM32CubeIDE/plugins/com.st.stm32cube.ide.mcu.externaltools.gnu-tools-for-stm32.12.3.rel1.win32_1.0.200.202406191623/tools/bin/../lib/gcc/arm-none-eabi/12.3.1/thumb/v7e-m+fp/hard/crtbegin.o

.data           0x20000000       0x60 load address 0x0800f2cc
                0x20000000                        . = ALIGN (0x4)
                0x20000000                        _sdata = .
 *(.data)
 *(.data*)
 .data.SystemCoreClock
                0x20000000        0x4 ./Core/Src/system_stm32f4xx.o
                0x20000000                SystemCoreClock
 .data.uwTickPrio
                0x20000004        0x4 ./Drivers/STM32F4xx_HAL_Driver/Src/stm32f4xx_hal.o
                0x20000004                uwTickPrio
 .data.uwTickFreq
                0x20000008        0x1 ./Drivers/STM32F4xx_HAL_Driver/Src/stm32f4xx_hal.o
                0x20000008                uwTickFreq
 *fill*         0x20000009        0x3 
 .data.uxCriticalNesting
                0x2000000c        0x4 ./Middlewares/Third_Party/FreeRTOS/Source/portable/GCC/ARM_CM4F/port.o
 .data._impure_ptr
                0x20000010        0x4 D:/Program File 2/ST/STM32CubeIDE_1.16.1/STM32CubeIDE/plugins/com.st.stm32cube.ide.mcu.externaltools.gnu-tools-for-stm32.12.3.rel1.win32_1.0.200.202406191623/tools/bin/../lib/gcc/arm-none-eabi/12.3.1/../../../../arm-none-eabi/lib/thumb/v7e-m+fp/hard\libc_nano.a(libc_a-impure.o)
                0x20000010                _impure_ptr
 .data._impure_data
                0x20000014       0x4c D:/Program File 2/ST/STM32CubeIDE_1.16.1/STM32CubeIDE/plugins/com.st.stm32cube.ide.mcu.externaltools.gnu-tools-for-stm32.12.3.rel1.win32_1.0.200.202406191623/tools/bin/../lib/gcc/arm-none-eabi/12.3.1/../../../../arm-none-eabi/lib/thumb/v7e-m+fp/hard\libc_nano.a(libc_a-impure.o)
                0x20000014                _impure_data
 *(.RamFunc)
 *(.RamFunc*)
                0x20000060                        . = ALIGN (0x4)
                0x20000060                        _edata = .

.igot.plt       0x20000060        0x0 load address 0x0800f32c
 .igot.plt      0x20000060        0x0 D:/Program File 2/ST/STM32CubeIDE_1.16.1/STM32CubeIDE/plugins/com.st.stm32cube.ide.mcu.externaltools.gnu-tools-for-stm32.12.3.rel1.win32_1.0.200.202406191623/tools/bin/../lib/gcc/arm-none-eabi/12.3.1/thumb/v7e-m+fp/hard/crtbegin.o
                0x20000060                        . = ALIGN (0x4)

.bss            0x20000060    0x10cd0 load address 0x0800f32c
                0x20000060                        _sbss = .
                0x20000060                        __bss_start__ = _sbss
 *(.bss)
 .bss           0x20000060       0x1c D:/Program File 2/ST/STM32CubeIDE_1.16.1/STM32CubeIDE/plugins/com.st.stm32cube.ide.mcu.externaltools.gnu-tools-for-stm32.12.3.rel1.win32_1.0.200.202406191623/tools/bin/../lib/gcc/arm-none-eabi/12.3.1/thumb/v7e-m+fp/hard/crtbegin.o
 *(.bss*)
 .bss.myLoRa    0x2000007c       0x2c ./Core/Src/bsp_lora.o
                0x2000007c                myLoRa
 .bss.lora_send_packet_buffer
                0x200000a8       0x2f ./Core/Src/bsp_lora.o
                0x200000a8                lora_send_packet_buffer
 *fill*         0x200000d7        0x1 
 .bss.lora_receive_packet_buffer
                0x200000d8       0x2f ./Core/Src/bsp_lora.o
                0x200000d8                lora_receive_packet_buffer
 *fill*         0x20000107        0x1 
 .bss.xIdleTaskTCBBuffer
                0x20000108       0x54 ./Core/Src/freertos.o
 .bss.xIdleStack
                0x2000015c      0x200 ./Core/Src/freertos.o
 .bss.xTimerTaskTCBBuffer
                0x2000035c       0x54 ./Core/Src/freertos.o
 .bss.xTimerStack
                0x200003b0      0x400 ./Core/Src/freertos.o
 .bss.lr_nw_node_quantity
                0x200007b0        0x1 ./Core/Src/lora_network.o
                0x200007b0                lr_nw_node_quantity
 .bss.lr_nw_connected_node_quantity
                0x200007b1        0x1 ./Core/Src/lora_network.o
                0x200007b1                lr_nw_connected_node_quantity
 .bss.lr_nw_last_connected_node_quantity
                0x200007b2        0x1 ./Core/Src/lora_network.o
                0x200007b2                lr_nw_last_connected_node_quantity
 .bss.lr_nw_node_index
                0x200007b3        0x1 ./Core/Src/lora_network.o
                0x200007b3                lr_nw_node_index
 .bss.lr_nw_node_index1
                0x200007b4        0x1 ./Core/Src/lora_network.o
                0x200007b4                lr_nw_node_index1
 .bss.lr_nw_send_request_index
                0x200007b5        0x1 ./Core/Src/lora_network.o
                0x200007b5                lr_nw_send_request_index
 .bss.lr_nw_connect_mode
                0x200007b6        0x1 ./Core/Src/lora_network.o
                0x200007b6                lr_nw_connect_mode
 .bss.lr_nw_disconnect_mode
                0x200007b7        0x1 ./Core/Src/lora_network.o
                0x200007b7                lr_nw_disconnect_mode
 .bss.NODE_DEVICE_CLASS
                0x200007b8        0x7 ./Core/Src/lora_network.o
                0x200007b8                NODE_DEVICE_CLASS
 *fill*         0x200007bf        0x1 
 .bss.NODE_DEVICE
                0x200007c0      0x7d9 ./Core/Src/lora_network.o
                0x200007c0                NODE_DEVICE
 *fill*         0x20000f99        0x3 
 .bss.CONNECTED_NODE
                0x20000f9c      0x7d9 ./Core/Src/lora_network.o
                0x20000f9c                CONNECTED_NODE
 *fill*         0x20001775        0x3 
 .bss.connect_to_all_nodes_task_handle
                0x20001778        0x4 ./Core/Src/lora_network.o
                0x20001778                connect_to_all_nodes_task_handle
 .bss.disconnect_to_all_nodes_task_handle
                0x2000177c        0x4 ./Core/Src/lora_network.o
                0x2000177c                disconnect_to_all_nodes_task_handle
 .bss.send_read_request_to_all_nodes_task_handle
                0x20001780        0x4 ./Core/Src/lora_network.o
                0x20001780                send_read_request_to_all_nodes_task_handle
 .bss.handle_last_lora_send_packets_handle
                0x20001784        0x4 ./Core/Src/lora_network.o
                0x20001784                handle_last_lora_send_packets_handle
 .bss.all_connect_timer
                0x20001788        0x4 ./Core/Src/lora_network.o
                0x20001788                all_connect_timer
 .bss.all_disconnect_timer
                0x2000178c        0x4 ./Core/Src/lora_network.o
                0x2000178c                all_disconnect_timer
 .bss.send_data_timer
                0x20001790        0x4 ./Core/Src/lora_network.o
                0x20001790                send_data_timer
 .bss.all_connect_queue
                0x20001794        0x4 ./Core/Src/lora_network.o
                0x20001794                all_connect_queue
 .bss.all_disconnect_queue
                0x20001798        0x4 ./Core/Src/lora_network.o
                0x20001798                all_disconnect_queue
 .bss.send_request_queue
                0x2000179c        0x4 ./Core/Src/lora_network.o
                0x2000179c                send_request_queue
 .bss.spi_mutex
                0x200017a0        0x4 ./Core/Src/lora_network.o
                0x200017a0                spi_mutex
 .bss.last_lora_send_packet_counting_semaphore
                0x200017a4        0x4 ./Core/Src/lora_network.o
                0x200017a4                last_lora_send_packet_counting_semaphore
 .bss.semaphore_count
                0x200017a8        0x1 ./Core/Src/lora_network.o
                0x200017a8                semaphore_count
 *fill*         0x200017a9        0x3 
 .bss.last_lora_send_packet_buffer
                0x200017ac       0x8d ./Core/Src/lora_network.o
                0x200017ac                last_lora_send_packet_buffer
 *fill*         0x20001839        0x3 
 .bss.hi2c1     0x2000183c       0x54 ./Core/Src/main.o
                0x2000183c                hi2c1
 .bss.hspi1     0x20001890       0x58 ./Core/Src/main.o
                0x20001890                hspi1
 .bss.htim2     0x200018e8       0x48 ./Core/Src/main.o
                0x200018e8                htim2
 .bss.huart1    0x20001930       0x48 ./Core/Src/main.o
                0x20001930                huart1
 .bss.huart2    0x20001978       0x48 ./Core/Src/main.o
                0x20001978                huart2
 .bss.htim3     0x200019c0       0x48 ./Core/Src/stm32f4xx_hal_timebase_tim.o
                0x200019c0                htim3
 .bss.__sbrk_heap_end
                0x20001a08        0x4 ./Core/Src/sysmem.o
 .bss.uwTick    0x20001a0c        0x4 ./Drivers/STM32F4xx_HAL_Driver/Src/stm32f4xx_hal.o
                0x20001a0c                uwTick
 .bss.cfgidx.0  0x20001a10        0x1 ./Middlewares/ST/STM32_USB_Device_Library/Core/Src/usbd_ctlreq.o
 *fill*         0x20001a11        0x3 
 .bss.xQueueRegistry
                0x20001a14       0x40 ./Middlewares/Third_Party/FreeRTOS/Source/queue.o
                0x20001a14                xQueueRegistry
 .bss.pxCurrentTCB
                0x20001a54        0x4 ./Middlewares/Third_Party/FreeRTOS/Source/tasks.o
                0x20001a54                pxCurrentTCB
 .bss.pxReadyTasksLists
                0x20001a58       0x8c ./Middlewares/Third_Party/FreeRTOS/Source/tasks.o
 .bss.xDelayedTaskList1
                0x20001ae4       0x14 ./Middlewares/Third_Party/FreeRTOS/Source/tasks.o
 .bss.xDelayedTaskList2
                0x20001af8       0x14 ./Middlewares/Third_Party/FreeRTOS/Source/tasks.o
 .bss.pxDelayedTaskList
                0x20001b0c        0x4 ./Middlewares/Third_Party/FreeRTOS/Source/tasks.o
 .bss.pxOverflowDelayedTaskList
                0x20001b10        0x4 ./Middlewares/Third_Party/FreeRTOS/Source/tasks.o
 .bss.xPendingReadyList
                0x20001b14       0x14 ./Middlewares/Third_Party/FreeRTOS/Source/tasks.o
 .bss.xTasksWaitingTermination
                0x20001b28       0x14 ./Middlewares/Third_Party/FreeRTOS/Source/tasks.o
 .bss.uxDeletedTasksWaitingCleanUp
                0x20001b3c        0x4 ./Middlewares/Third_Party/FreeRTOS/Source/tasks.o
 .bss.xSuspendedTaskList
                0x20001b40       0x14 ./Middlewares/Third_Party/FreeRTOS/Source/tasks.o
 .bss.uxCurrentNumberOfTasks
                0x20001b54        0x4 ./Middlewares/Third_Party/FreeRTOS/Source/tasks.o
 .bss.xTickCount
                0x20001b58        0x4 ./Middlewares/Third_Party/FreeRTOS/Source/tasks.o
 .bss.uxTopReadyPriority
                0x20001b5c        0x4 ./Middlewares/Third_Party/FreeRTOS/Source/tasks.o
 .bss.xSchedulerRunning
                0x20001b60        0x4 ./Middlewares/Third_Party/FreeRTOS/Source/tasks.o
 .bss.xPendedTicks
                0x20001b64        0x4 ./Middlewares/Third_Party/FreeRTOS/Source/tasks.o
 .bss.xYieldPending
                0x20001b68        0x4 ./Middlewares/Third_Party/FreeRTOS/Source/tasks.o
 .bss.xNumOfOverflows
                0x20001b6c        0x4 ./Middlewares/Third_Party/FreeRTOS/Source/tasks.o
 .bss.uxTaskNumber
                0x20001b70        0x4 ./Middlewares/Third_Party/FreeRTOS/Source/tasks.o
 .bss.xNextTaskUnblockTime
                0x20001b74        0x4 ./Middlewares/Third_Party/FreeRTOS/Source/tasks.o
 .bss.xIdleTaskHandle
                0x20001b78        0x4 ./Middlewares/Third_Party/FreeRTOS/Source/tasks.o
 .bss.uxSchedulerSuspended
                0x20001b7c        0x4 ./Middlewares/Third_Party/FreeRTOS/Source/tasks.o
 .bss.xActiveTimerList1
                0x20001b80       0x14 ./Middlewares/Third_Party/FreeRTOS/Source/timers.o
 .bss.xActiveTimerList2
                0x20001b94       0x14 ./Middlewares/Third_Party/FreeRTOS/Source/timers.o
 .bss.pxCurrentTimerList
                0x20001ba8        0x4 ./Middlewares/Third_Party/FreeRTOS/Source/timers.o
 .bss.pxOverflowTimerList
                0x20001bac        0x4 ./Middlewares/Third_Party/FreeRTOS/Source/timers.o
 .bss.xTimerQueue
                0x20001bb0        0x4 ./Middlewares/Third_Party/FreeRTOS/Source/timers.o
 .bss.xTimerTaskHandle
                0x20001bb4        0x4 ./Middlewares/Third_Party/FreeRTOS/Source/timers.o
 .bss.xLastTime.2
                0x20001bb8        0x4 ./Middlewares/Third_Party/FreeRTOS/Source/timers.o
 .bss.ucStaticTimerQueueStorage.1
                0x20001bbc       0x78 ./Middlewares/Third_Party/FreeRTOS/Source/timers.o
 .bss.xStaticTimerQueue.0
                0x20001c34       0x48 ./Middlewares/Third_Party/FreeRTOS/Source/timers.o
 .bss.ucMaxSysCallPriority
                0x20001c7c        0x1 ./Middlewares/Third_Party/FreeRTOS/Source/portable/GCC/ARM_CM4F/port.o
 *fill*         0x20001c7d        0x3 
 .bss.ulMaxPRIGROUPValue
                0x20001c80        0x4 ./Middlewares/Third_Party/FreeRTOS/Source/portable/GCC/ARM_CM4F/port.o