Archive member included to satisfy reference by file (symbol)

D:/Program File 2/ST/STM32CubeIDE_1.16.1/STM32CubeIDE/plugins/com.st.stm32cube.ide.mcu.externaltools.gnu-tools-for-stm32.12.3.rel1.win32_1.0.200.202406191623/tools/bin/../lib/gcc/arm-none-eabi/12.3.1/../../../../arm-none-eabi/lib/thumb/v7e-m+fp/hard\libc_nano.a(libc_a-exit.o)
                              D:/Program File 2/ST/STM32CubeIDE_1.16.1/STM32CubeIDE/plugins/com.st.stm32cube.ide.mcu.externaltools.gnu-tools-for-stm32.12.3.rel1.win32_1.0.200.202406191623/tools/bin/../lib/gcc/arm-none-eabi/12.3.1/../../../../arm-none-eabi/lib/thumb/v7e-m+fp/hard/crt0.o (exit)
D:/Program File 2/ST/STM32CubeIDE_1.16.1/STM32CubeIDE/plugins/com.st.stm32cube.ide.mcu.externaltools.gnu-tools-for-stm32.12.3.rel1.win32_1.0.200.202406191623/tools/bin/../lib/gcc/arm-none-eabi/12.3.1/../../../../arm-none-eabi/lib/thumb/v7e-m+fp/hard\libc_nano.a(libc_a-malloc.o)
                              ./Core/Src/bsp_lora.o (malloc)
D:/Program File 2/ST/STM32CubeIDE_1.16.1/STM32CubeIDE/plugins/com.st.stm32cube.ide.mcu.externaltools.gnu-tools-for-stm32.12.3.rel1.win32_1.0.200.202406191623/tools/bin/../lib/gcc/arm-none-eabi/12.3.1/../../../../arm-none-eabi/lib/thumb/v7e-m+fp/hard\libc_nano.a(libc_a-mallocr.o)
                              D:/Program File 2/ST/STM32CubeIDE_1.16.1/STM32CubeIDE/plugins/com.st.stm32cube.ide.mcu.externaltools.gnu-tools-for-stm32.12.3.rel1.win32_1.0.200.202406191623/tools/bin/../lib/gcc/arm-none-eabi/12.3.1/../../../../arm-none-eabi/lib/thumb/v7e-m+fp/hard\libc_nano.a(libc_a-malloc.o) (_malloc_r)
D:/Program File 2/ST/STM32CubeIDE_1.16.1/STM32CubeIDE/plugins/com.st.stm32cube.ide.mcu.externaltools.gnu-tools-for-stm32.12.3.rel1.win32_1.0.200.202406191623/tools/bin/../lib/gcc/arm-none-eabi/12.3.1/../../../../arm-none-eabi/lib/thumb/v7e-m+fp/hard\libc_nano.a(libc_a-mlock.o)
                              D:/Program File 2/ST/STM32CubeIDE_1.16.1/STM32CubeIDE/plugins/com.st.stm32cube.ide.mcu.externaltools.gnu-tools-for-stm32.12.3.rel1.win32_1.0.200.202406191623/tools/bin/../lib/gcc/arm-none-eabi/12.3.1/../../../../arm-none-eabi/lib/thumb/v7e-m+fp/hard\libc_nano.a(libc_a-mallocr.o) (__malloc_lock)
D:/Program File 2/ST/STM32CubeIDE_1.16.1/STM32CubeIDE/plugins/com.st.stm32cube.ide.mcu.externaltools.gnu-tools-for-stm32.12.3.rel1.win32_1.0.200.202406191623/tools/bin/../lib/gcc/arm-none-eabi/12.3.1/../../../../arm-none-eabi/lib/thumb/v7e-m+fp/hard\libc_nano.a(libc_a-findfp.o)
                              D:/Program File 2/ST/STM32CubeIDE_1.16.1/STM32CubeIDE/plugins/com.st.stm32cube.ide.mcu.externaltools.gnu-tools-for-stm32.12.3.rel1.win32_1.0.200.202406191623/tools/bin/../lib/gcc/arm-none-eabi/12.3.1/../../../../arm-none-eabi/lib/thumb/v7e-m+fp/hard\libc_nano.a(libc_a-exit.o) (__stdio_exit_handler)
D:/Program File 2/ST/STM32CubeIDE_1.16.1/STM32CubeIDE/plugins/com.st.stm32cube.ide.mcu.externaltools.gnu-tools-for-stm32.12.3.rel1.win32_1.0.200.202406191623/tools/bin/../lib/gcc/arm-none-eabi/12.3.1/../../../../arm-none-eabi/lib/thumb/v7e-m+fp/hard\libc_nano.a(libc_a-fwalk.o)
                              D:/Program File 2/ST/STM32CubeIDE_1.16.1/STM32CubeIDE/plugins/com.st.stm32cube.ide.mcu.externaltools.gnu-tools-for-stm32.12.3.rel1.win32_1.0.200.202406191623/tools/bin/../lib/gcc/arm-none-eabi/12.3.1/../../../../arm-none-eabi/lib/thumb/v7e-m+fp/hard\libc_nano.a(libc_a-findfp.o) (_fwalk_sglue)
D:/Program File 2/ST/STM32CubeIDE_1.16.1/STM32CubeIDE/plugins/com.st.stm32cube.ide.mcu.externaltools.gnu-tools-for-stm32.12.3.rel1.win32_1.0.200.202406191623/tools/bin/../lib/gcc/arm-none-eabi/12.3.1/../../../../arm-none-eabi/lib/thumb/v7e-m+fp/hard\libc_nano.a(libc_a-sprintf.o)
                              ./Core/Src/bsp_lora.o (sprintf)
D:/Program File 2/ST/STM32CubeIDE_1.16.1/STM32CubeIDE/plugins/com.st.stm32cube.ide.mcu.externaltools.gnu-tools-for-stm32.12.3.rel1.win32_1.0.200.202406191623/tools/bin/../lib/gcc/arm-none-eabi/12.3.1/../../../../arm-none-eabi/lib/thumb/v7e-m+fp/hard\libc_nano.a(libc_a-stdio.o)
                              D:/Program File 2/ST/STM32CubeIDE_1.16.1/STM32CubeIDE/plugins/com.st.stm32cube.ide.mcu.externaltools.gnu-tools-for-stm32.12.3.rel1.win32_1.0.200.202406191623/tools/bin/../lib/gcc/arm-none-eabi/12.3.1/../../../../arm-none-eabi/lib/thumb/v7e-m+fp/hard\libc_nano.a(libc_a-findfp.o) (__sread)
D:/Program File 2/ST/STM32CubeIDE_1.16.1/STM32CubeIDE/plugins/com.st.stm32cube.ide.mcu.externaltools.gnu-tools-for-stm32.12.3.rel1.win32_1.0.200.202406191623/tools/bin/../lib/gcc/arm-none-eabi/12.3.1/../../../../arm-none-eabi/lib/thumb/v7e-m+fp/hard\libc_nano.a(libc_a-memset.o)
                              D:/Program File 2/ST/STM32CubeIDE_1.16.1/STM32CubeIDE/plugins/com.st.stm32cube.ide.mcu.externaltools.gnu-tools-for-stm32.12.3.rel1.win32_1.0.200.202406191623/tools/bin/../lib/gcc/arm-none-eabi/12.3.1/../../../../arm-none-eabi/lib/thumb/v7e-m+fp/hard/crt0.o (memset)
[...]
Memory Configuration

Name             Origin             Length             Attributes
RAM              0x20000000         0x00020000         xrw
FLASH            0x08000000         0x00080000         xr
*default*        0x00000000         0xffffffff

Linker script and memory map

LOAD D:/Program File 2/ST/STM32CubeIDE_1.16.1/STM32CubeIDE/plugins/com.st.stm32cube.ide.mcu.externaltools.gnu-tools-for-stm32.12.3.rel1.win32_1.0.200.202406191623/tools/bin/../lib/gcc/arm-none-eabi/12.3.1/thumb/v7e-m+fp/hard/crti.o
LOAD D:/Program File 2/ST/STM32CubeIDE_1.16.1/STM32CubeIDE/plugins/com.st.stm32cube.ide.mcu.externaltools.gnu-tools-for-stm32.12.3.rel1.win32_1.0.200.202406191623/tools/bin/../lib/gcc/arm-none-eabi/12.3.1/thumb/v7e-m+fp/hard/crtbegin.o
LOAD D:/Program File 2/ST/STM32CubeIDE_1.16.1/STM32CubeIDE/plugins/com.st.stm32cube.ide.mcu.externaltools.gnu-tools-for-stm32.12.3.rel1.win32_1.0.200.202406191623/tools/bin/../lib/gcc/arm-none-eabi/12.3.1/../../../../arm-none-eabi/lib/thumb/v7e-m+fp/hard/crt0.o
LOAD ./Core/Src/LoRa.o
LOAD ./Core/Src/bsp_lora.o
LOAD ./Core/Src/freertos.o
LOAD ./Core/Src/lora_network.o
LOAD ./Core/Src/main.o
LOAD ./Core/Src/stm32f4xx_hal_msp.o
LOAD ./Core/Src/stm32f4xx_hal_timebase_tim.o
LOAD ./Core/Src/stm32f4xx_it.o
LOAD ./Core/Src/syscalls.o
LOAD ./Core/Src/sysmem.o
LOAD ./Core/Src/system_stm32f4xx.o
LOAD ./Core/Startup/startup_stm32f411ceux.o
LOAD ./Drivers/STM32F4xx_HAL_Driver/Src/stm32f4xx_hal.o
LOAD ./Drivers/STM32F4xx_HAL_Driver/Src/stm32f4xx_hal_cortex.o
LOAD ./Drivers/STM32F4xx_HAL_Driver/Src/stm32f4xx_hal_dma.o
LOAD ./Drivers/STM32F4xx_HAL_Driver/Src/stm32f4xx_hal_dma_ex.o
LOAD ./Drivers/STM32F4xx_HAL_Driver/Src/stm32f4xx_hal_exti.o
LOAD ./Drivers/STM32F4xx_HAL_Driver/Src/stm32f4xx_hal_flash.o
LOAD ./Drivers/STM32F4xx_HAL_Driver/Src/stm32f4xx_hal_flash_ex.o
LOAD ./Drivers/STM32F4xx_HAL_Driver/Src/stm32f4xx_hal_flash_ramfunc.o
LOAD ./Drivers/STM32F4xx_HAL_Driver/Src/stm32f4xx_hal_gpio.o
LOAD ./Drivers/STM32F4xx_HAL_Driver/Src/stm32f4xx_hal_i2c.o
LOAD ./Drivers/STM32F4xx_HAL_Driver/Src/stm32f4xx_hal_i2c_ex.o
LOAD ./Drivers/STM32F4xx_HAL_Driver/Src/stm32f4xx_hal_pcd.o
LOAD ./Drivers/STM32F4xx_HAL_Driver/Src/stm32f4xx_hal_pcd_ex.o
LOAD ./Drivers/STM32F4xx_HAL_Driver/Src/stm32f4xx_hal_pwr.o
LOAD ./Drivers/STM32F4xx_HAL_Driver/Src/stm32f4xx_hal_pwr_ex.o
LOAD ./Drivers/STM32F4xx_HAL_Driver/Src/stm32f4xx_hal_rcc.o
LOAD ./Drivers/STM32F4xx_HAL_Driver/Src/stm32f4xx_hal_rcc_ex.o
LOAD ./Drivers/STM32F4xx_HAL_Driver/Src/stm32f4xx_hal_spi.o
LOAD ./Drivers/STM32F4xx_HAL_Driver/Src/stm32f4xx_hal_tim.o
LOAD ./Drivers/STM32F4xx_HAL_Driver/Src/stm32f4xx_hal_tim_ex.o
LOAD ./Drivers/STM32F4xx_HAL_Driver/Src/stm32f4xx_hal_uart.o
LOAD ./Drivers/STM32F4xx_HAL_Driver/Src/stm32f4xx_ll_usb.o
LOAD ./Middlewares/ST/STM32_USB_Device_Library/Class/CDC/Src/usbd_cdc.o
LOAD ./Middlewares/ST/STM32_USB_Device_Library/Core/Src/usbd_core.o
LOAD ./Middlewares/ST/STM32_USB_Device_Library/Core/Src/usbd_ctlreq.o
LOAD ./Middlewares/ST/STM32_USB_Device_Library/Core/Src/usbd_ioreq.o
LOAD ./Middlewares/Third_Party/FreeRTOS/Source/CMSIS_RTOS/cmsis_os.o
LOAD ./Middlewares/Third_Party/FreeRTOS/Source/croutine.o
LOAD ./Middlewares/Third_Party/FreeRTOS/Source/event_groups.o
LOAD ./Middlewares/Third_Party/FreeRTOS/Source/list.o
LOAD ./Middlewares/Third_Party/FreeRTOS/Source/queue.o
LOAD ./Middlewares/Third_Party/FreeRTOS/Source/stream_buffer.o
LOAD ./Middlewares/Third_Party/FreeRTOS/Source/tasks.o
LOAD ./Middlewares/Third_Party/FreeRTOS/Source/timers.o
LOAD ./Middlewares/Third_Party/FreeRTOS/Source/portable/GCC/ARM_CM4F/port.o
LOAD ./Middlewares/Third_Party/FreeRTOS/Source/portable/MemMang/heap_4.o
LOAD ./USB_DEVICE/App/usb_device.o
LOAD ./USB_DEVICE/App/usbd_cdc_if.o
LOAD ./USB_DEVICE/App/usbd_desc.o
LOAD ./USB_DEVICE/Target/usbd_conf.o
START GROUP
LOAD D:/Program File 2/ST/STM32CubeIDE_1.16.1/STM32CubeIDE/plugins/com.st.stm32cube.ide.mcu.externaltools.gnu-tools-for-stm32.12.3.rel1.win32_1.0.200.202406191623/tools/bin/../lib/gcc/arm-none-eabi/12.3.1/../../../../arm-none-eabi/lib/thumb/v7e-m+fp/hard\libc_nano.a
LOAD D:/Program File 2/ST/STM32CubeIDE_1.16.1/STM32CubeIDE/plugins/com.st.stm32cube.ide.mcu.externaltools.gnu-tools-for-stm32.12.3.rel1.win32_1.0.200.202406191623/tools/bin/../lib/gcc/arm-none-eabi/12.3.1/../../../../arm-none-eabi/lib/thumb/v7e-m+fp/hard\libm.a
END GROUP
START GROUP
LOAD D:/Program File 2/ST/STM32CubeIDE_1.16.1/STM32CubeIDE/plugins/com.st.stm32cube.ide.mcu.externaltools.gnu-tools-for-stm32.12.3.rel1.win32_1.0.200.202406191623/tools/bin/../lib/gcc/arm-none-eabi/12.3.1/thumb/v7e-m+fp/hard\libgcc.a
LOAD D:/Program File 2/ST/STM32CubeIDE_1.16.1/STM32CubeIDE/plugins/com.st.stm32cube.ide.mcu.externaltools.gnu-tools-for-stm32.12.3.rel1.win32_1.0.200.202406191623/tools/bin/../lib/gcc/arm-none-eabi/12.3.1/../../../../arm-none-eabi/lib/thumb/v7e-m+fp/hard\libc_nano.a
END GROUP
START GROUP
LOAD D:/Program File 2/ST/STM32CubeIDE_1.16.1/STM32CubeIDE/plugins/com.st.stm32cube.ide.mcu.externaltools.gnu-tools-for-stm32.12.3.rel1.win32_1.0.200.202406191623/tools/bin/../lib/gcc/arm-none-eabi/12.3.1/thumb/v7e-m+fp/hard\libgcc.a
LOAD D:/Program File 2/ST/STM32CubeIDE_1.16.1/STM32CubeIDE/plugins/com.st.stm32cube.ide.mcu.externaltools.gnu-tools-for-stm32.12.3.rel1.win32_1.0.200.202406191623/tools/bin/../lib/gcc/arm-none-eabi/12.3.1/../../../../arm-none-eabi/lib/thumb/v7e-m+fp/hard\libc_nano.a
LOAD D:/Program File 2/ST/STM32CubeIDE_1.16.1/STM32CubeIDE/plugins/com.st.stm32cube.ide.mcu.externaltools.gnu-tools-for-stm32.12.3.rel1.win32_1.0.200.202406191623/tools/bin/../lib/gcc/arm-none-eabi/12.3.1/../../../../arm-none-eabi/lib/thumb/v7e-m+fp/hard\libnosys.a
END GROUP
START GROUP
LOAD D:/Program File 2/ST/STM32CubeIDE_1.16.1/STM32CubeIDE/plugins/com.st.stm32cube.ide.mcu.externaltools.gnu-tools-for-stm32.12.3.rel1.win32_1.0.200.202406191623/tools/bin/../lib/gcc/arm-none-eabi/12.3.1/thumb/v7e-m+fp/hard\libgcc.a
LOAD D:/Program File 2/ST/STM32CubeIDE_1.16.1/STM32CubeIDE/plugins/com.st.stm32cube.ide.mcu.externaltools.gnu-tools-for-stm32.12.3.rel1.win32_1.0.200.202406191623/tools/bin/../lib/gcc/arm-none-eabi/12.3.1/../../../../arm-none-eabi/lib/thumb/v7e-m+fp/hard\libc_nano.a
LOAD D:/Program File 2/ST/STM32CubeIDE_1.16.1/STM32CubeIDE/plugins/com.st.stm32cube.ide.mcu.externaltools.gnu-tools-for-stm32.12.3.rel1.win32_1.0.200.202406191623/tools/bin/../lib/gcc/arm-none-eabi/12.3.1/../../../../arm-none-eabi/lib/thumb/v7e-m+fp/hard\libnosys.a
END GROUP
LOAD D:/Program File 2/ST/STM32CubeIDE_1.16.1/STM32CubeIDE/plugins/com.st.stm32cube.ide.mcu.externaltools.gnu-tools-for-stm32.12.3.rel1.win32_1.0.200.202406191623/tools/bin/../lib/gcc/arm-none-eabi/12.3.1/thumb/v7e-m+fp/hard/crtend.o
LOAD D:/Program File 2/ST/STM32CubeIDE_1.16.1/STM32CubeIDE/plugins/com.st.stm32cube.ide.mcu.externaltools.gnu-tools-for-stm32.12.3.rel1.win32_1.0.200.202406191623/tools/bin/../lib/gcc/arm-none-eabi/12.3.1/thumb/v7e-m+fp/hard/crtn.o
                0x20020000                        _estack = (ORIGIN (RAM) + LENGTH (RAM))
                0x00000200                        _Min_Heap_Size = 0x200
                0x00000400                        _Min_Stack_Size = 0x400

.isr_vector     0x08000000      0x198
                0x08000000                        . = ALIGN (0x4)
 *(.isr_vector)
 .isr_vector    0x08000000      0x198 ./Core/Startup/startup_stm32f411ceux.o
                0x08000000                g_pfnVectors
                0x08000198                        . = ALIGN (0x4)

.text           0x080001a0    0x11378
                0x080001a0                        . = ALIGN (0x4)
 *(.text)
 .text          0x080001a0       0x40 D:/Program File 2/ST/STM32CubeIDE_1.16.1/STM32CubeIDE/plugins/com.st.stm32cube.ide.mcu.externaltools.gnu-tools-for-stm32.12.3.rel1.win32_1.0.200.202406191623/tools/bin/../lib/gcc/arm-none-eabi/12.3.1/thumb/v7e-m+fp/hard/crtbegin.o
 .text          0x080001e0       0x10 D:/Program File 2/ST/STM32CubeIDE_1.16.1/STM32CubeIDE/plugins/com.st.stm32cube.ide.mcu.externaltools.gnu-tools-for-stm32.12.3.rel1.win32_1.0.200.202406191623/tools/bin/../lib/gcc/arm-none-eabi/12.3.1/../../../../arm-none-eabi/lib/thumb/v7e-m+fp/hard\libc_nano.a(libc_a-strlen.o)
                0x080001e0                strlen
 .text          0x080001f0       0xa0 D:/Program File 2/ST/STM32CubeIDE_1.16.1/STM32CubeIDE/plugins/com.st.stm32cube.ide.mcu.externaltools.gnu-tools-for-stm32.12.3.rel1.win32_1.0.200.202406191623/tools/bin/../lib/gcc/arm-none-eabi/12.3.1/../../../../arm-none-eabi/lib/thumb/v7e-m+fp/hard\libc_nano.a(libc_a-memchr.o)
                0x080001f0                memchr
 .text          0x08000290      0x378 D:/Program File 2/ST/STM32CubeIDE_1.16.1/STM32CubeIDE/plugins/com.st.stm32cube.ide.mcu.externaltools.gnu-tools-for-stm32.12.3.rel1.win32_1.0.200.202406191623/tools/bin/../lib/gcc/arm-none-eabi/12.3.1/thumb/v7e-m+fp/hard\libgcc.a(_arm_addsubdf3.o)
                0x08000290                __aeabi_drsub
                0x08000298                __aeabi_dsub
                0x08000298                __subdf3
                0x0800029c                __aeabi_dadd
                0x0800029c                __adddf3
                0x08000514                __floatunsidf
                0x08000514                __aeabi_ui2d
                0x08000534                __floatsidf
                0x08000534                __aeabi_i2d
                0x08000558                __aeabi_f2d
                0x08000558                __extendsfdf2
                0x0800059c                __floatundidf
                0x0800059c                __aeabi_ul2d
                0x080005ac                __floatdidf
                0x080005ac                __aeabi_l2d
 .text          0x08000608      0x424 D:/Program File 2/ST/STM32CubeIDE_1.16.1/STM32CubeIDE/plugins/com.st.stm32cube.ide.mcu.externaltools.gnu-tools-for-stm32.12.3.rel1.win32_1.0.200.202406191623/tools/bin/../lib/gcc/arm-none-eabi/12.3.1/thumb/v7e-m+fp/hard\libgcc.a(_arm_muldivdf3.o)
                0x08000608                __aeabi_dmul
                0x08000608                __muldf3
                0x0800085c                __divdf3
                0x0800085c                __aeabi_ddiv
 .text          0x08000a2c       0x50 D:/Program File 2/ST/STM32CubeIDE_1.16.1/STM32CubeIDE/plugins/com.st.stm32cube.ide.mcu.externaltools.gnu-tools-for-stm32.12.3.rel1.win32_1.0.200.202406191623/tools/bin/../lib/gcc/arm-none-eabi/12.3.1/thumb/v7e-m+fp/hard\libgcc.a(_arm_fixdfsi.o)
                0x08000a2c                __aeabi_d2iz
                0x08000a2c                __fixdfsi
 .text          0x08000a7c       0x30 D:/Program File 2/ST/STM32CubeIDE_1.16.1/STM32CubeIDE/plugins/com.st.stm32cube.ide.mcu.externaltools.gnu-tools-for-stm32.12.3.rel1.win32_1.0.200.202406191623/tools/bin/../lib/gcc/arm-none-eabi/12.3.1/thumb/v7e-m+fp/hard\libgcc.a(_aeabi_uldivmod.o)
                0x08000a7c                __aeabi_uldivmod
 .text          0x08000aac      0x2bc D:/Program File 2/ST/STM32CubeIDE_1.16.1/STM32CubeIDE/plugins/com.st.stm32cube.ide.mcu.externaltools.gnu-tools-for-stm32.12.3.rel1.win32_1.0.200.202406191623/tools/bin/../lib/gcc/arm-none-eabi/12.3.1/thumb/v7e-m+fp/hard\libgcc.a(_udivmoddi4.o)
                0x08000aac                __udivmoddi4
 .text          0x08000d68        0x4 D:/Program File 2/ST/STM32CubeIDE_1.16.1/STM32CubeIDE/plugins/com.st.stm32cube.ide.mcu.externaltools.gnu-tools-for-stm32.12.3.rel1.win32_1.0.200.202406191623/tools/bin/../lib/gcc/arm-none-eabi/12.3.1/thumb/v7e-m+fp/hard\libgcc.a(_dvmd_tls.o)
                0x08000d68                __aeabi_idiv0
                0x08000d68                __aeabi_ldiv0
 *(.text*)
 .text.newLoRa  0x08000d6c       0x52 ./Core/Src/LoRa.o
                0x08000d6c                newLoRa
 .text.LoRa_reset
                0x08000dbe       0x3c ./Core/Src/LoRa.o
                0x08000dbe                LoRa_reset
 .text.LoRa_gotoMode
                0x08000dfa       0xd8 ./Core/Src/LoRa.o
                0x08000dfa                LoRa_gotoMode
 .text.LoRa_readReg
                0x08000ed2       0x7c ./Core/Src/LoRa.o
                0x08000ed2                LoRa_readReg
 .text.LoRa_writeReg
                0x08000f4e       0x92 ./Core/Src/LoRa.o
                0x08000f4e                LoRa_writeReg
 .text.LoRa_setLowDaraRateOptimization
                0x08000fe0       0x4a ./Core/Src/LoRa.o
                0x08000fe0                LoRa_setLowDaraRateOptimization
 *fill*         0x0800102a        0x2 
 .text.LoRa_setAutoLDO
                0x0800102c       0x6c ./Core/Src/LoRa.o
                0x0800102c                LoRa_setAutoLDO
 .text.LoRa_setFrequency
                0x08001098       0x60 ./Core/Src/LoRa.o
                0x08001098                LoRa_setFrequency
 .text.LoRa_setSpreadingFactor
                0x080010f8       0x64 ./Core/Src/LoRa.o
                0x080010f8                LoRa_setSpreadingFactor
 .text.LoRa_setPower
                0x0800115c       0x26 ./Core/Src/LoRa.o
                0x0800115c                LoRa_setPower
 *fill*         0x08001182        0x2 
 .text.LoRa_setOCP
                0x08001184       0x7c ./Core/Src/LoRa.o
                0x08001184                LoRa_setOCP
 .text.LoRa_setTOMsb_setCRCon
                0x08001200       0x36 ./Core/Src/LoRa.o
                0x08001200                LoRa_setTOMsb_setCRCon
 .text.LoRa_read
                0x08001236       0x3a ./Core/Src/LoRa.o
                0x08001236                LoRa_read
 .text.LoRa_write
                0x08001270       0x40 ./Core/Src/LoRa.o
                0x08001270                LoRa_write
 .text.LoRa_BurstWrite
                0x080012b0       0x94 ./Core/Src/LoRa.o
                0x080012b0                LoRa_BurstWrite
 .text.LoRa_isvalid
                0x08001344       0x16 ./Core/Src/LoRa.o
                0x08001344                LoRa_isvalid
 .text.LoRa_transmit
                0x0800135a       0xb0 ./Core/Src/LoRa.o
                0x0800135a                LoRa_transmit
 .text.LoRa_startReceiving
                0x0800140a       0x18 ./Core/Src/LoRa.o
                0x0800140a                LoRa_startReceiving
 .text.LoRa_startCAD
                0x08001422       0x18 ./Core/Src/LoRa.o
                0x08001422                LoRa_startCAD
 .text.LoRa_receive
                0x0800143a       0xc0 ./Core/Src/LoRa.o
                0x0800143a                LoRa_receive
 .text.LoRa_init
                0x080014fa      0x14e ./Core/Src/LoRa.o
                0x080014fa                LoRa_init
 .text.__NVIC_EnableIRQ
                0x08001648       0x3c ./Core/Src/bsp_lora.o
 .text.__NVIC_DisableIRQ
                0x08001684       0x48 ./Core/Src/bsp_lora.o
 .text.bsp_lora_enter_safe_mode
                0x080016cc       0x20 ./Core/Src/bsp_lora.o
                0x080016cc                bsp_lora_enter_safe_mode
 .text.bsp_lora_exit_safe_mode
                0x080016ec       0x20 ./Core/Src/bsp_lora.o
                0x080016ec                bsp_lora_exit_safe_mode
 .text.bsp_pc_user_enter_safe_mode
                0x0800170c        0xe ./Core/Src/bsp_lora.o
                0x0800170c                bsp_pc_user_enter_safe_mode
 .text.bsp_pc_user_exit_safe_mode
                0x0800171a        0xe ./Core/Src/bsp_lora.o
                0x0800171a                bsp_pc_user_exit_safe_mode
 .text.STM_LOG  0x08001728       0x48 ./Core/Src/bsp_lora.o
                0x08001728                STM_LOG
 .text.bsp_lora_set_receive_mode
                0x08001770       0x14 ./Core/Src/bsp_lora.o
                0x08001770                bsp_lora_set_receive_mode
 .text.bsp_lora_set_cad_mode
                0x08001784       0x1c ./Core/Src/bsp_lora.o
                0x08001784                bsp_lora_set_cad_mode
 .text.bsp_lora_check_cad
                0x080017a0       0x60 ./Core/Src/bsp_lora.o
                0x080017a0                bsp_lora_check_cad
 .text.bsp_lora_init
                0x08001800       0xe0 ./Core/Src/bsp_lora.o
                0x08001800                bsp_lora_init
 .text.checksum_calculate
                0x080018e0       0x4c ./Core/Src/bsp_lora.o
                0x080018e0                checksum_calculate
 .text.bsp_lora_send_packet
                0x0800192c       0xb4 ./Core/Src/bsp_lora.o
                0x0800192c                bsp_lora_send_packet
 .text.bsp_lora_get_node_send_packet_index
                0x080019e0       0x46 ./Core/Src/bsp_lora.o
                0x080019e0                bsp_lora_get_node_send_packet_index
 *fill*         0x08001a26        0x2 
 .text.bsp_lora_check_cmd_in_node_send_packets
                0x08001a28       0x84 ./Core/Src/bsp_lora.o
                0x08001a28                bsp_lora_check_cmd_in_node_send_packets
 .text.bsp_lora_check_cmd_and_id_in_node_send_packets
                0x08001aac       0x6a ./Core/Src/bsp_lora.o
                0x08001aac                bsp_lora_check_cmd_and_id_in_node_send_packets
 .text.bsp_lora_remove_packet_from_node_send_packets
                0x08001b16       0x62 ./Core/Src/bsp_lora.o
                0x08001b16                bsp_lora_remove_packet_from_node_send_packets
 .text.bsp_lora_get_node_receive_packet_index
                0x08001b78       0x46 ./Core/Src/bsp_lora.o
                0x08001b78                bsp_lora_get_node_receive_packet_index
 .text.bsp_lora_get_id_in_node_receive_packets
                0x08001bbe       0x4c ./Core/Src/bsp_lora.o
                0x08001bbe                bsp_lora_get_id_in_node_receive_packets
 .text.bsp_lora_check_cmd_in_node_receive_packets
                0x08001c0a       0x64 ./Core/Src/bsp_lora.o
                0x08001c0a                bsp_lora_check_cmd_in_node_receive_packets
 *fill*         0x08001c6e        0x2 
 .text.bsp_lora_remove_packet_from_node_receive_packets
                0x08001c70       0xc0 ./Core/Src/bsp_lora.o
                0x08001c70                bsp_lora_remove_packet_from_node_receive_packets
 .text.bsp_lora_send_packet_to_node
                0x08001d30      0x20c ./Core/Src/bsp_lora.o
                0x08001d30                bsp_lora_send_packet_to_node
 .text.bsp_lora_resend_packet
                0x08001f3c       0x56 ./Core/Src/bsp_lora.o
                0x08001f3c                bsp_lora_resend_packet
 *fill*         0x08001f92        0x2 
 .text.bsp_lora_receive_packet
                0x08001f94       0x50 ./Core/Src/bsp_lora.o
                0x08001f94                bsp_lora_receive_packet
 .text.vApplicationGetIdleTaskMemory
                0x08001fe4       0x34 ./Core/Src/freertos.o
                0x08001fe4                vApplicationGetIdleTaskMemory
 .text.vApplicationGetTimerTaskMemory
                0x08002018       0x34 ./Core/Src/freertos.o
                0x08002018                vApplicationGetTimerTaskMemory
 .text.lora_network_connection_processing
                0x0800204c       0x2c ./Core/Src/lora_network.o
                0x0800204c                lora_network_connection_processing
 .text.lora_network_init
                0x08002078      0x200 ./Core/Src/lora_network.o
                0x08002078                lora_network_init
 .text.lora_network_start_connect_timer
                0x08002278       0x24 ./Core/Src/lora_network.o
                0x08002278                lora_network_start_connect_timer
 .text.lora_network_stop_connect_timer
                0x0800229c       0x24 ./Core/Src/lora_network.o
                0x0800229c                lora_network_stop_connect_timer
 .text.lora_network_start_disconnect_timer
                0x080022c0       0x24 ./Core/Src/lora_network.o
                0x080022c0                lora_network_start_disconnect_timer
 .text.lora_network_stop_disconnect_timer
                0x080022e4       0x24 ./Core/Src/lora_network.o
                0x080022e4                lora_network_stop_disconnect_timer
 .text.lora_network_start_read_request_timer
                0x08002308       0x24 ./Core/Src/lora_network.o
                0x08002308                lora_network_start_read_request_timer
 .text.lora_network_stop_read_request_timer
                0x0800232c       0x24 ./Core/Src/lora_network.o
                0x0800232c                lora_network_stop_read_request_timer
 .text.pc_user_ack_response
                0x08002350       0x20 ./Core/Src/lora_network.o
                0x08002350                pc_user_ack_response
 .text.pc_user_ack_response_connected_node_quantity
                0x08002370       0x28 ./Core/Src/lora_network.o
                0x08002370                pc_user_ack_response_connected_node_quantity
 .text.pc_user_send_node_data_to_pc
                0x08002398       0x4c ./Core/Src/lora_network.o
                0x08002398                pc_user_send_node_data_to_pc
 .text.pc_user_send_data_to_pc_task
                0x080023e4      0x108 ./Core/Src/lora_network.o
                0x080023e4                pc_user_send_data_to_pc_task
 .text.lora_network_disconnect_to_all_nodes_task
                0x080024ec      0x5e0 ./Core/Src/lora_network.o
                0x080024ec                lora_network_disconnect_to_all_nodes_task
 .text.lora_network_connect_to_all_nodes_task
                0x08002acc      0x55c ./Core/Src/lora_network.o
                0x08002acc                lora_network_connect_to_all_nodes_task
 .text.lora_network_send_read_request_to_all_nodes_task
                0x08003028      0x418 ./Core/Src/lora_network.o
                0x08003028                lora_network_send_read_request_to_all_nodes_task
 .text.lora_network_send_request_stop_scheduler
                0x08003440       0x34 ./Core/Src/lora_network.o
                0x08003440                lora_network_send_request_stop_scheduler
 .text.lora_network_send_request_start_scheduler
                0x08003474       0x1c ./Core/Src/lora_network.o
                0x08003474                lora_network_send_request_start_scheduler
 .text.lora_network_send_request_setup_scheduler
                0x08003490      0x134 ./Core/Src/lora_network.o
                0x08003490                lora_network_send_request_setup_scheduler
 .text.lora_network_send_request_scheduler
                0x080035c4       0x70 ./Core/Src/lora_network.o
                0x080035c4                lora_network_send_request_scheduler
 .text.lora_network_response_warning_nodes_task
                0x08003634      0x3f4 ./Core/Src/lora_network.o
                0x08003634                lora_network_response_warning_nodes_task
 .text.lora_network_save_current_work
                0x08003a28      0x498 ./Core/Src/lora_network.o
                0x08003a28                lora_network_save_current_work
 .text.pc_user_cmd_handle
                0x08003ec0      0x1a4 ./Core/Src/lora_network.o
                0x08003ec0                pc_user_cmd_handle
 .text.lora_network_cmd_ack_handle
                0x08004064      0x5b4 ./Core/Src/lora_network.o
                0x08004064                lora_network_cmd_ack_handle
 .text.lora_network_cmd_nack_handle
                0x08004618      0x408 ./Core/Src/lora_network.o
                0x08004618                lora_network_cmd_nack_handle
 .text.lora_network_cmd_warning_handle
                0x08004a20      0x118 ./Core/Src/lora_network.o
                0x08004a20                lora_network_cmd_warning_handle
 .text.lora_network_receive_packet_handle
                0x08004b38       0x34 ./Core/Src/lora_network.o
                0x08004b38                lora_network_receive_packet_handle
 .text.lora_network_irq_handle
                0x08004b6c       0x60 ./Core/Src/lora_network.o
                0x08004b6c                lora_network_irq_handle
 .text.lora_network_timer_handle
                0x08004bcc      0x10c ./Core/Src/lora_network.o
                0x08004bcc                lora_network_timer_handle
 .text.HAL_GPIO_EXTI_Callback
                0x08004cd8      0x134 ./Core/Src/main.o
                0x08004cd8                HAL_GPIO_EXTI_Callback
 .text.main     0x08004e0c       0x40 ./Core/Src/main.o
                0x08004e0c                main
 .text.SystemClock_Config
                0x08004e4c       0xd0 ./Core/Src/main.o
                0x08004e4c                SystemClock_Config
 .text.MX_I2C1_Init
                0x08004f1c       0x5c ./Core/Src/main.o
 .text.MX_SPI1_Init
                0x08004f78       0x6c ./Core/Src/main.o
 .text.MX_TIM2_Init
                0x08004fe4       0x9c ./Core/Src/main.o
 .text.MX_TIM4_Init
                0x08005080       0x9c ./Core/Src/main.o
 .text.MX_USART1_UART_Init
                0x0800511c       0x54 ./Core/Src/main.o
 .text.MX_USART2_UART_Init
                0x08005170       0x54 ./Core/Src/main.o
 .text.MX_GPIO_Init
                0x080051c4      0x11c ./Core/Src/main.o
 .text.vApplicationIdleHook
                0x080052e0        0x8 ./Core/Src/main.o
                0x080052e0                vApplicationIdleHook
 .text.HAL_TIM_PeriodElapsedCallback
                0x080052e8       0x48 ./Core/Src/main.o
                0x080052e8                HAL_TIM_PeriodElapsedCallback
 .text.Error_Handler
                0x08005330        0xc ./Core/Src/main.o
                0x08005330                Error_Handler
 .text.HAL_MspInit
                0x0800533c       0x58 ./Core/Src/stm32f4xx_hal_msp.o
                0x0800533c                HAL_MspInit
 .text.HAL_I2C_MspInit
                0x08005394       0x90 ./Core/Src/stm32f4xx_hal_msp.o
                0x08005394                HAL_I2C_MspInit
 .text.HAL_SPI_MspInit
                0x08005424       0x90 ./Core/Src/stm32f4xx_hal_msp.o
                0x08005424                HAL_SPI_MspInit
 .text.HAL_TIM_Base_MspInit
                0x080054b4       0x88 ./Core/Src/stm32f4xx_hal_msp.o
                0x080054b4                HAL_TIM_Base_MspInit
 .text.HAL_UART_MspInit
                0x0800553c       0xf8 ./Core/Src/stm32f4xx_hal_msp.o
                0x0800553c                HAL_UART_MspInit
 .text.HAL_InitTick
                0x08005634       0xf8 ./Core/Src/stm32f4xx_hal_timebase_tim.o
                0x08005634                HAL_InitTick
 .text.NMI_Handler
                0x0800572c        0x8 ./Core/Src/stm32f4xx_it.o
                0x0800572c                NMI_Handler
 .text.HardFault_Handler
                0x08005734        0x8 ./Core/Src/stm32f4xx_it.o
                0x08005734                HardFault_Handler
 .text.MemManage_Handler
                0x0800573c        0x8 ./Core/Src/stm32f4xx_it.o
                0x0800573c                MemManage_Handler
 .text.BusFault_Handler
                0x08005744        0x8 ./Core/Src/stm32f4xx_it.o
                0x08005744                BusFault_Handler
 .text.UsageFault_Handler
                0x0800574c        0x8 ./Core/Src/stm32f4xx_it.o
                0x0800574c                UsageFault_Handler
 .text.DebugMon_Handler
                0x08005754        0xe ./Core/Src/stm32f4xx_it.o
                0x08005754                DebugMon_Handler
 .text.EXTI0_IRQHandler
                0x08005762        0xe ./Core/Src/stm32f4xx_it.o
                0x08005762                EXTI0_IRQHandler
 .text.EXTI1_IRQHandler
                0x08005770        0xe ./Core/Src/stm32f4xx_it.o
                0x08005770                EXTI1_IRQHandler
 .text.EXTI2_IRQHandler
                0x0800577e        0xe ./Core/Src/stm32f4xx_it.o
                0x0800577e                EXTI2_IRQHandler
 .text.EXTI3_IRQHandler
                0x0800578c        0xe ./Core/Src/stm32f4xx_it.o
                0x0800578c                EXTI3_IRQHandler
 *fill*         0x0800579a        0x2 
 .text.TIM2_IRQHandler
                0x0800579c       0x14 ./Core/Src/stm32f4xx_it.o
                0x0800579c                TIM2_IRQHandler
 .text.TIM3_IRQHandler
                0x080057b0       0x14 ./Core/Src/stm32f4xx_it.o
                0x080057b0                TIM3_IRQHandler
 .text.TIM4_IRQHandler
                0x080057c4       0x14 ./Core/Src/stm32f4xx_it.o
                0x080057c4                TIM4_IRQHandler
 .text.OTG_FS_IRQHandler
                0x080057d8       0x14 ./Core/Src/stm32f4xx_it.o
                0x080057d8                OTG_FS_IRQHandler
 .text._sbrk    0x080057ec       0x6c ./Core/Src/sysmem.o
                0x080057ec                _sbrk
 .text.SystemInit
                0x08005858       0x24 ./Core/Src/system_stm32f4xx.o
                0x08005858                SystemInit
 .text.Reset_Handler
                0x0800587c       0x50 ./Core/Startup/startup_stm32f411ceux.o
                0x0800587c                Reset_Handler
 .text.Default_Handler
                0x080058cc        0x2 ./Core/Startup/startup_stm32f411ceux.o
                0x080058cc                RTC_Alarm_IRQHandler
                0x080058cc                SPI4_IRQHandler
                0x080058cc                TIM1_CC_IRQHandler
                0x080058cc                DMA2_Stream5_IRQHandler
                0x080058cc                DMA1_Stream5_IRQHandler
                0x080058cc                PVD_IRQHandler
                0x080058cc                SDIO_IRQHandler
                0x080058cc                TAMP_STAMP_IRQHandler
                0x080058cc                TIM1_UP_TIM10_IRQHandler
                0x080058cc                I2C3_ER_IRQHandler
                0x080058cc                I2C2_EV_IRQHandler
                0x080058cc                DMA1_Stream2_IRQHandler
                0x080058cc                FPU_IRQHandler
                0x080058cc                DMA2_Stream2_IRQHandler
                0x080058cc                SPI1_IRQHandler
                0x080058cc                TIM1_BRK_TIM9_IRQHandler
                0x080058cc                DMA2_Stream3_IRQHandler
                0x080058cc                USART6_IRQHandler
                0x080058cc                DMA2_Stream0_IRQHandler
                0x080058cc                I2C1_EV_IRQHandler
                0x080058cc                DMA1_Stream6_IRQHandler
                0x080058cc                DMA1_Stream1_IRQHandler
                0x080058cc                RCC_IRQHandler
                0x080058cc                Default_Handler
                0x080058cc                EXTI15_10_IRQHandler
                0x080058cc                ADC_IRQHandler
                0x080058cc                DMA1_Stream7_IRQHandler
                0x080058cc                SPI5_IRQHandler
                0x080058cc                TIM5_IRQHandler
                0x080058cc                DMA2_Stream7_IRQHandler
                0x080058cc                I2C3_EV_IRQHandler
                0x080058cc                EXTI9_5_IRQHandler
                0x080058cc                RTC_WKUP_IRQHandler
                0x080058cc                SPI2_IRQHandler
                0x080058cc                DMA1_Stream0_IRQHandler
                0x080058cc                EXTI4_IRQHandler
                0x080058cc                WWDG_IRQHandler
                0x080058cc                OTG_FS_WKUP_IRQHandler
                0x080058cc                TIM1_TRG_COM_TIM11_IRQHandler
                0x080058cc                USART2_IRQHandler
                0x080058cc                I2C2_ER_IRQHandler
                0x080058cc                DMA2_Stream1_IRQHandler
                0x080058cc                FLASH_IRQHandler
                0x080058cc                DMA2_Stream4_IRQHandler
                0x080058cc                USART1_IRQHandler
                0x080058cc                SPI3_IRQHandler
                0x080058cc                DMA1_Stream4_IRQHandler
                0x080058cc                I2C1_ER_IRQHandler
                0x080058cc                DMA2_Stream6_IRQHandler
                0x080058cc                DMA1_Stream3_IRQHandler
 *fill*         0x080058ce        0x2 
 .text.HAL_Init
                0x080058d0       0x44 ./Drivers/STM32F4xx_HAL_Driver/Src/stm32f4xx_hal.o
                0x080058d0                HAL_Init
 .text.HAL_IncTick
                0x08005914       0x28 ./Drivers/STM32F4xx_HAL_Driver/Src/stm32f4xx_hal.o
                0x08005914                HAL_IncTick
 .text.HAL_GetTick
                0x0800593c       0x18 ./Drivers/STM32F4xx_HAL_Driver/Src/stm32f4xx_hal.o
                0x0800593c                HAL_GetTick
 .text.HAL_Delay
                0x08005954       0x48 ./Drivers/STM32F4xx_HAL_Driver/Src/stm32f4xx_hal.o
                0x08005954                HAL_Delay
 .text.__NVIC_SetPriorityGrouping
                0x0800599c       0x48 ./Drivers/STM32F4xx_HAL_Driver/Src/stm32f4xx_hal_cortex.o
 .text.__NVIC_GetPriorityGrouping
                0x080059e4       0x1c ./Drivers/STM32F4xx_HAL_Driver/Src/stm32f4xx_hal_cortex.o
 .text.__NVIC_EnableIRQ
                0x08005a00       0x3c ./Drivers/STM32F4xx_HAL_Driver/Src/stm32f4xx_hal_cortex.o
 .text.__NVIC_SetPriority
                0x08005a3c       0x54 ./Drivers/STM32F4xx_HAL_Driver/Src/stm32f4xx_hal_cortex.o
 .text.NVIC_EncodePriority
                0x08005a90       0x66 ./Drivers/STM32F4xx_HAL_Driver/Src/stm32f4xx_hal_cortex.o
 .text.HAL_NVIC_SetPriorityGrouping
                0x08005af6       0x16 ./Drivers/STM32F4xx_HAL_Driver/Src/stm32f4xx_hal_cortex.o
                0x08005af6                HAL_NVIC_SetPriorityGrouping
 .text.HAL_NVIC_SetPriority
                0x08005b0c       0x38 ./Drivers/STM32F4xx_HAL_Driver/Src/stm32f4xx_hal_cortex.o
                0x08005b0c                HAL_NVIC_SetPriority
 .text.HAL_NVIC_EnableIRQ
                0x08005b44       0x1c ./Drivers/STM32F4xx_HAL_Driver/Src/stm32f4xx_hal_cortex.o
                0x08005b44                HAL_NVIC_EnableIRQ
 .text.HAL_GPIO_Init
                0x08005b60      0x308 ./Drivers/STM32F4xx_HAL_Driver/Src/stm32f4xx_hal_gpio.o
                0x08005b60                HAL_GPIO_Init
 .text.HAL_GPIO_ReadPin
                0x08005e68       0x30 ./Drivers/STM32F4xx_HAL_Driver/Src/stm32f4xx_hal_gpio.o
                0x08005e68                HAL_GPIO_ReadPin
 .text.HAL_GPIO_WritePin
                0x08005e98       0x32 ./Drivers/STM32F4xx_HAL_Driver/Src/stm32f4xx_hal_gpio.o
                0x08005e98                HAL_GPIO_WritePin
 *fill*         0x08005eca        0x2 
 .text.HAL_GPIO_EXTI_IRQHandler
                0x08005ecc       0x30 ./Drivers/STM32F4xx_HAL_Driver/Src/stm32f4xx_hal_gpio.o
                0x08005ecc                HAL_GPIO_EXTI_IRQHandler
 .text.HAL_I2C_Init
                0x08005efc      0x288 ./Drivers/STM32F4xx_HAL_Driver/Src/stm32f4xx_hal_i2c.o
                0x08005efc                HAL_I2C_Init
 .text.HAL_PCD_Init
                0x08006184      0x21e ./Drivers/STM32F4xx_HAL_Driver/Src/stm32f4xx_hal_pcd.o
                0x08006184                HAL_PCD_Init
 .text.HAL_PCD_Start
                0x080063a2       0x6a ./Drivers/STM32F4xx_HAL_Driver/Src/stm32f4xx_hal_pcd.o
                0x080063a2                HAL_PCD_Start
 .text.HAL_PCD_IRQHandler
                0x0800640c      0x942 ./Drivers/STM32F4xx_HAL_Driver/Src/stm32f4xx_hal_pcd.o
                0x0800640c                HAL_PCD_IRQHandler
 .text.HAL_PCD_SetAddress
                0x08006d4e       0x48 ./Drivers/STM32F4xx_HAL_Driver/Src/stm32f4xx_hal_pcd.o
                0x08006d4e                HAL_PCD_SetAddress
 .text.HAL_PCD_EP_Open
                0x08006d96       0xd4 ./Drivers/STM32F4xx_HAL_Driver/Src/stm32f4xx_hal_pcd.o
                0x08006d96                HAL_PCD_EP_Open
 .text.HAL_PCD_EP_Close
                0x08006e6a       0x94 ./Drivers/STM32F4xx_HAL_Driver/Src/stm32f4xx_hal_pcd.o
                0x08006e6a                HAL_PCD_EP_Close
 .text.HAL_PCD_EP_Receive
                0x08006efe       0x76 ./Drivers/STM32F4xx_HAL_Driver/Src/stm32f4xx_hal_pcd.o
                0x08006efe                HAL_PCD_EP_Receive
 .text.HAL_PCD_EP_GetRxCount
                0x08006f74       0x30 ./Drivers/STM32F4xx_HAL_Driver/Src/stm32f4xx_hal_pcd.o
                0x08006f74                HAL_PCD_EP_GetRxCount
 .text.HAL_PCD_EP_Transmit
                0x08006fa4       0x74 ./Drivers/STM32F4xx_HAL_Driver/Src/stm32f4xx_hal_pcd.o
                0x08006fa4                HAL_PCD_EP_Transmit
 .text.HAL_PCD_EP_SetStall
                0x08007018       0xc6 ./Drivers/STM32F4xx_HAL_Driver/Src/stm32f4xx_hal_pcd.o
                0x08007018                HAL_PCD_EP_SetStall
 .text.HAL_PCD_EP_ClrStall
                0x080070de       0xac ./Drivers/STM32F4xx_HAL_Driver/Src/stm32f4xx_hal_pcd.o
                0x080070de                HAL_PCD_EP_ClrStall
 .text.HAL_PCD_EP_Abort
                0x0800718a       0x62 ./Drivers/STM32F4xx_HAL_Driver/Src/stm32f4xx_hal_pcd.o
                0x0800718a                HAL_PCD_EP_Abort
 .text.PCD_WriteEmptyTxFifo
                0x080071ec      0x118 ./Drivers/STM32F4xx_HAL_Driver/Src/stm32f4xx_hal_pcd.o
 .text.PCD_EP_OutXfrComplete_int
                0x08007304      0x1d0 ./Drivers/STM32F4xx_HAL_Driver/Src/stm32f4xx_hal_pcd.o
 .text.PCD_EP_OutSetupPacket_int
                0x080074d4       0x8c ./Drivers/STM32F4xx_HAL_Driver/Src/stm32f4xx_hal_pcd.o
 .text.HAL_PCDEx_SetTxFiFo
                0x08007560       0x8e ./Drivers/STM32F4xx_HAL_Driver/Src/stm32f4xx_hal_pcd_ex.o
                0x08007560                HAL_PCDEx_SetTxFiFo
 .text.HAL_PCDEx_SetRxFiFo
                0x080075ee       0x22 ./Drivers/STM32F4xx_HAL_Driver/Src/stm32f4xx_hal_pcd_ex.o
                0x080075ee                HAL_PCDEx_SetRxFiFo
 .text.HAL_PCDEx_LPM_Callback
                0x08007610       0x18 ./Drivers/STM32F4xx_HAL_Driver/Src/stm32f4xx_hal_pcd_ex.o
                0x08007610                HAL_PCDEx_LPM_Callback
 .text.HAL_RCC_OscConfig
                0x08007628      0x4f0 ./Drivers/STM32F4xx_HAL_Driver/Src/stm32f4xx_hal_rcc.o
                0x08007628                HAL_RCC_OscConfig
 .text.HAL_RCC_ClockConfig
                0x08007b18      0x1cc ./Drivers/STM32F4xx_HAL_Driver/Src/stm32f4xx_hal_rcc.o
                0x08007b18                HAL_RCC_ClockConfig
 .text.HAL_RCC_GetSysClockFreq
                0x08007ce4      0x18c ./Drivers/STM32F4xx_HAL_Driver/Src/stm32f4xx_hal_rcc.o
                0x08007ce4                HAL_RCC_GetSysClockFreq
 .text.HAL_RCC_GetHCLKFreq
                0x08007e70       0x18 ./Drivers/STM32F4xx_HAL_Driver/Src/stm32f4xx_hal_rcc.o
                0x08007e70                HAL_RCC_GetHCLKFreq
 .text.HAL_RCC_GetPCLK1Freq
                0x08007e88       0x28 ./Drivers/STM32F4xx_HAL_Driver/Src/stm32f4xx_hal_rcc.o
                0x08007e88                HAL_RCC_GetPCLK1Freq
 .text.HAL_RCC_GetPCLK2Freq
                0x08007eb0       0x28 ./Drivers/STM32F4xx_HAL_Driver/Src/stm32f4xx_hal_rcc.o
                0x08007eb0                HAL_RCC_GetPCLK2Freq
 .text.HAL_RCC_GetClockConfig
                0x08007ed8       0x64 ./Drivers/STM32F4xx_HAL_Driver/Src/stm32f4xx_hal_rcc.o
                0x08007ed8                HAL_RCC_GetClockConfig
 .text.HAL_SPI_Init
                0x08007f3c      0x112 ./Drivers/STM32F4xx_HAL_Driver/Src/stm32f4xx_hal_spi.o
                0x08007f3c                HAL_SPI_Init
 .text.HAL_SPI_Transmit
                0x0800804e      0x288 ./Drivers/STM32F4xx_HAL_Driver/Src/stm32f4xx_hal_spi.o
                0x0800804e                HAL_SPI_Transmit
 .text.HAL_SPI_Receive
                0x080082d6      0x232 ./Drivers/STM32F4xx_HAL_Driver/Src/stm32f4xx_hal_spi.o
                0x080082d6                HAL_SPI_Receive
 .text.HAL_SPI_TransmitReceive
                0x08008508      0x352 ./Drivers/STM32F4xx_HAL_Driver/Src/stm32f4xx_hal_spi.o
                0x08008508                HAL_SPI_TransmitReceive
 .text.HAL_SPI_GetState
                0x0800885a       0x1c ./Drivers/STM32F4xx_HAL_Driver/Src/stm32f4xx_hal_spi.o
                0x0800885a                HAL_SPI_GetState
 *fill*         0x08008876        0x2 
 .text.SPI_WaitFlagStateUntilTimeout
                0x08008878      0x110 ./Drivers/STM32F4xx_HAL_Driver/Src/stm32f4xx_hal_spi.o
 .text.SPI_EndRxTransaction
                0x08008988       0xca ./Drivers/STM32F4xx_HAL_Driver/Src/stm32f4xx_hal_spi.o
 *fill*         0x08008a52        0x2 
 .text.SPI_EndRxTxTransaction
                0x08008a54       0xa8 ./Drivers/STM32F4xx_HAL_Driver/Src/stm32f4xx_hal_spi.o
 .text.HAL_TIM_Base_Init
                0x08008afc       0x9e ./Drivers/STM32F4xx_HAL_Driver/Src/stm32f4xx_hal_tim.o
                0x08008afc                HAL_TIM_Base_Init
 *fill*         0x08008b9a        0x2 
 .text.HAL_TIM_Base_Start_IT
                0x08008b9c       0xc4 ./Drivers/STM32F4xx_HAL_Driver/Src/stm32f4xx_hal_tim.o
                0x08008b9c                HAL_TIM_Base_Start_IT
 .text.HAL_TIM_Base_Stop_IT
                0x08008c60       0x5e ./Drivers/STM32F4xx_HAL_Driver/Src/stm32f4xx_hal_tim.o
                0x08008c60                HAL_TIM_Base_Stop_IT
 .text.HAL_TIM_IRQHandler
                0x08008cbe      0x1e0 ./Drivers/STM32F4xx_HAL_Driver/Src/stm32f4xx_hal_tim.o
                0x08008cbe                HAL_TIM_IRQHandler
 .text.HAL_TIM_ConfigClockSource
                0x08008e9e      0x18e ./Drivers/STM32F4xx_HAL_Driver/Src/stm32f4xx_hal_tim.o
                0x08008e9e                HAL_TIM_ConfigClockSource
 .text.HAL_TIM_OC_DelayElapsedCallback
                0x0800902c       0x14 ./Drivers/STM32F4xx_HAL_Driver/Src/stm32f4xx_hal_tim.o
                0x0800902c                HAL_TIM_OC_DelayElapsedCallback
 .text.HAL_TIM_IC_CaptureCallback
                0x08009040       0x14 ./Drivers/STM32F4xx_HAL_Driver/Src/stm32f4xx_hal_tim.o
                0x08009040                HAL_TIM_IC_CaptureCallback
 .text.HAL_TIM_PWM_PulseFinishedCallback
                0x08009054       0x14 ./Drivers/STM32F4xx_HAL_Driver/Src/stm32f4xx_hal_tim.o
                0x08009054                HAL_TIM_PWM_PulseFinishedCallback
 .text.HAL_TIM_TriggerCallback
                0x08009068       0x14 ./Drivers/STM32F4xx_HAL_Driver/Src/stm32f4xx_hal_tim.o
                0x08009068                HAL_TIM_TriggerCallback
 .text.TIM_Base_SetConfig
                0x0800907c      0x118 ./Drivers/STM32F4xx_HAL_Driver/Src/stm32f4xx_hal_tim.o
                0x0800907c                TIM_Base_SetConfig
 .text.TIM_TI1_ConfigInputStage
                0x08009194       0x5e ./Drivers/STM32F4xx_HAL_Driver/Src/stm32f4xx_hal_tim.o
 .text.TIM_TI2_ConfigInputStage
                0x080091f2       0x60 ./Drivers/STM32F4xx_HAL_Driver/Src/stm32f4xx_hal_tim.o
 .text.TIM_ITRx_SetConfig
                0x08009252       0x36 ./Drivers/STM32F4xx_HAL_Driver/Src/stm32f4xx_hal_tim.o
 .text.TIM_ETR_SetConfig
                0x08009288       0x40 ./Drivers/STM32F4xx_HAL_Driver/Src/stm32f4xx_hal_tim.o
                0x08009288                TIM_ETR_SetConfig
 .text.HAL_TIMEx_MasterConfigSynchronization
                0x080092c8       0xdc ./Drivers/STM32F4xx_HAL_Driver/Src/stm32f4xx_hal_tim_ex.o
                0x080092c8                HAL_TIMEx_MasterConfigSynchronization
 .text.HAL_TIMEx_CommutCallback
                0x080093a4       0x14 ./Drivers/STM32F4xx_HAL_Driver/Src/stm32f4xx_hal_tim_ex.o
                0x080093a4                HAL_TIMEx_CommutCallback
 .text.HAL_TIMEx_BreakCallback
                0x080093b8       0x14 ./Drivers/STM32F4xx_HAL_Driver/Src/stm32f4xx_hal_tim_ex.o
                0x080093b8                HAL_TIMEx_BreakCallback
 .text.HAL_UART_Init
                0x080093cc       0xa0 ./Drivers/STM32F4xx_HAL_Driver/Src/stm32f4xx_hal_uart.o
                0x080093cc                HAL_UART_Init
 .text.HAL_UART_Transmit
                0x0800946c      0x116 ./Drivers/STM32F4xx_HAL_Driver/Src/stm32f4xx_hal_uart.o
                0x0800946c                HAL_UART_Transmit
 .text.UART_WaitOnFlagUntilTimeout
                0x08009582       0xb2 ./Drivers/STM32F4xx_HAL_Driver/Src/stm32f4xx_hal_uart.o
 .text.UART_EndRxTransfer
                0x08009634       0xc6 ./Drivers/STM32F4xx_HAL_Driver/Src/stm32f4xx_hal_uart.o
 *fill*         0x080096fa        0x2 
 .text.UART_SetConfig
                0x080096fc      0x4e8 ./Drivers/STM32F4xx_HAL_Driver/Src/stm32f4xx_hal_uart.o
 .text.USB_CoreInit
                0x08009be4       0xc8 ./Drivers/STM32F4xx_HAL_Driver/Src/stm32f4xx_ll_usb.o
                0x08009be4                USB_CoreInit
 .text.USB_SetTurnaroundTime
                0x08009cac      0x144 ./Drivers/STM32F4xx_HAL_Driver/Src/stm32f4xx_ll_usb.o
                0x08009cac                USB_SetTurnaroundTime
 .text.USB_EnableGlobalInt
                0x08009df0       0x22 ./Drivers/STM32F4xx_HAL_Driver/Src/stm32f4xx_ll_usb.o
                0x08009df0                USB_EnableGlobalInt
 .text.USB_DisableGlobalInt
                0x08009e12       0x22 ./Drivers/STM32F4xx_HAL_Driver/Src/stm32f4xx_ll_usb.o
                0x08009e12                USB_DisableGlobalInt
 .text.USB_SetCurrentMode
                0x08009e34       0x98 ./Drivers/STM32F4xx_HAL_Driver/Src/stm32f4xx_ll_usb.o
                0x08009e34                USB_SetCurrentMode
 .text.USB_DevInit
                0x08009ecc      0x2c8 ./Drivers/STM32F4xx_HAL_Driver/Src/stm32f4xx_ll_usb.o
                0x08009ecc                USB_DevInit
 .text.USB_FlushTxFifo
                0x0800a194       0x64 ./Drivers/STM32F4xx_HAL_Driver/Src/stm32f4xx_ll_usb.o
                0x0800a194                USB_FlushTxFifo
 .text.USB_FlushRxFifo
                0x0800a1f8       0x5c ./Drivers/STM32F4xx_HAL_Driver/Src/stm32f4xx_ll_usb.o
                0x0800a1f8                USB_FlushRxFifo
 .text.USB_SetDevSpeed
                0x0800a254       0x32 ./Drivers/STM32F4xx_HAL_Driver/Src/stm32f4xx_ll_usb.o
                0x0800a254                USB_SetDevSpeed
 .text.USB_GetDevSpeed
                0x0800a286       0x4a ./Drivers/STM32F4xx_HAL_Driver/Src/stm32f4xx_ll_usb.o
                0x0800a286                USB_GetDevSpeed
 .text.USB_ActivateEndpoint
                0x0800a2d0      0x10e ./Drivers/STM32F4xx_HAL_Driver/Src/stm32f4xx_ll_usb.o
                0x0800a2d0                USB_ActivateEndpoint
 *fill*         0x0800a3de        0x2 
 .text.USB_DeactivateEndpoint
                0x0800a3e0      0x1b8 ./Drivers/STM32F4xx_HAL_Driver/Src/stm32f4xx_ll_usb.o
                0x0800a3e0                USB_DeactivateEndpoint
 .text.USB_EPStartXfer
                0x0800a598      0x53c ./Drivers/STM32F4xx_HAL_Driver/Src/stm32f4xx_ll_usb.o
                0x0800a598                USB_EPStartXfer
 .text.USB_EPStopXfer
                0x0800aad4      0x154 ./Drivers/STM32F4xx_HAL_Driver/Src/stm32f4xx_ll_usb.o
                0x0800aad4                USB_EPStopXfer
 .text.USB_WritePacket
                0x0800ac28       0x7c ./Drivers/STM32F4xx_HAL_Driver/Src/stm32f4xx_ll_usb.o
                0x0800ac28                USB_WritePacket
 .text.USB_ReadPacket
                0x0800aca4       0xb0 ./Drivers/STM32F4xx_HAL_Driver/Src/stm32f4xx_ll_usb.o
                0x0800aca4                USB_ReadPacket
 .text.USB_EPSetStall
                0x0800ad54       0xdc ./Drivers/STM32F4xx_HAL_Driver/Src/stm32f4xx_ll_usb.o
                0x0800ad54                USB_EPSetStall
 .text.USB_EPClearStall
                0x0800ae30       0xcc ./Drivers/STM32F4xx_HAL_Driver/Src/stm32f4xx_ll_usb.o
                0x0800ae30                USB_EPClearStall
 .text.USB_SetDevAddress
                0x0800aefc       0x4c ./Drivers/STM32F4xx_HAL_Driver/Src/stm32f4xx_ll_usb.o
                0x0800aefc                USB_SetDevAddress
 .text.USB_DevConnect
                0x0800af48       0x42 ./Drivers/STM32F4xx_HAL_Driver/Src/stm32f4xx_ll_usb.o
                0x0800af48                USB_DevConnect
 .text.USB_DevDisconnect
                0x0800af8a       0x42 ./Drivers/STM32F4xx_HAL_Driver/Src/stm32f4xx_ll_usb.o
                0x0800af8a                USB_DevDisconnect
 .text.USB_ReadInterrupts
                0x0800afcc       0x26 ./Drivers/STM32F4xx_HAL_Driver/Src/stm32f4xx_ll_usb.o
                0x0800afcc                USB_ReadInterrupts
 .text.USB_ReadDevAllOutEpInterrupt
                0x0800aff2       0x34 ./Drivers/STM32F4xx_HAL_Driver/Src/stm32f4xx_ll_usb.o
                0x0800aff2                USB_ReadDevAllOutEpInterrupt
 .text.USB_ReadDevAllInEpInterrupt
                0x0800b026       0x34 ./Drivers/STM32F4xx_HAL_Driver/Src/stm32f4xx_ll_usb.o
                0x0800b026                USB_ReadDevAllInEpInterrupt
 .text.USB_ReadDevOutEPInterrupt
                0x0800b05a       0x3c ./Drivers/STM32F4xx_HAL_Driver/Src/stm32f4xx_ll_usb.o
                0x0800b05a                USB_ReadDevOutEPInterrupt
 .text.USB_ReadDevInEPInterrupt
                0x0800b096       0x5c ./Drivers/STM32F4xx_HAL_Driver/Src/stm32f4xx_ll_usb.o
                0x0800b096                USB_ReadDevInEPInterrupt
 .text.USB_GetMode
                0x0800b0f2       0x1c ./Drivers/STM32F4xx_HAL_Driver/Src/stm32f4xx_ll_usb.o
                0x0800b0f2                USB_GetMode
 .text.USB_ActivateSetup
                0x0800b10e       0x46 ./Drivers/STM32F4xx_HAL_Driver/Src/stm32f4xx_ll_usb.o
                0x0800b10e                USB_ActivateSetup
 .text.USB_EP0_OutStart
                0x0800b154       0xbc ./Drivers/STM32F4xx_HAL_Driver/Src/stm32f4xx_ll_usb.o
                0x0800b154                USB_EP0_OutStart
 .text.USB_CoreReset
                0x0800b210       0x62 ./Drivers/STM32F4xx_HAL_Driver/Src/stm32f4xx_ll_usb.o
 *fill*         0x0800b272        0x2 
 .text.USBD_CDC_Init
                0x0800b274      0x1f0 ./Middlewares/ST/STM32_USB_Device_Library/Class/CDC/Src/usbd_cdc.o
 .text.USBD_CDC_DeInit
                0x0800b464      0x104 ./Middlewares/ST/STM32_USB_Device_Library/Class/CDC/Src/usbd_cdc.o
 .text.USBD_CDC_Setup
                0x0800b568      0x1b8 ./Middlewares/ST/STM32_USB_Device_Library/Class/CDC/Src/usbd_cdc.o
 .text.USBD_CDC_DataIn
                0x0800b720       0xfe ./Middlewares/ST/STM32_USB_Device_Library/Class/CDC/Src/usbd_cdc.o
 .text.USBD_CDC_DataOut
                0x0800b81e       0x70 ./Middlewares/ST/STM32_USB_Device_Library/Class/CDC/Src/usbd_cdc.o
 .text.USBD_CDC_EP0_RxReady
                0x0800b88e       0x74 ./Middlewares/ST/STM32_USB_Device_Library/Class/CDC/Src/usbd_cdc.o
 *fill*         0x0800b902        0x2 
 .text.USBD_CDC_GetFSCfgDesc
                0x0800b904       0x70 ./Middlewares/ST/STM32_USB_Device_Library/Class/CDC/Src/usbd_cdc.o
 .text.USBD_CDC_GetHSCfgDesc
                0x0800b974       0x70 ./Middlewares/ST/STM32_USB_Device_Library/Class/CDC/Src/usbd_cdc.o
 .text.USBD_CDC_GetOtherSpeedCfgDesc
                0x0800b9e4       0x70 ./Middlewares/ST/STM32_USB_Device_Library/Class/CDC/Src/usbd_cdc.o
 .text.USBD_CDC_GetDeviceQualifierDescriptor
                0x0800ba54       0x20 ./Middlewares/ST/STM32_USB_Device_Library/Class/CDC/Src/usbd_cdc.o
                0x0800ba54                USBD_CDC_GetDeviceQualifierDescriptor
 .text.USBD_CDC_RegisterInterface
                0x0800ba74       0x34 ./Middlewares/ST/STM32_USB_Device_Library/Class/CDC/Src/usbd_cdc.o
                0x0800ba74                USBD_CDC_RegisterInterface
 .text.USBD_CDC_SetTxBuffer
                0x0800baa8       0x44 ./Middlewares/ST/STM32_USB_Device_Library/Class/CDC/Src/usbd_cdc.o
                0x0800baa8                USBD_CDC_SetTxBuffer
 .text.USBD_CDC_SetRxBuffer
                0x0800baec       0x3a ./Middlewares/ST/STM32_USB_Device_Library/Class/CDC/Src/usbd_cdc.o
                0x0800baec                USBD_CDC_SetRxBuffer
 *fill*         0x0800bb26        0x2 
 .text.USBD_CDC_TransmitPacket
                0x0800bb28       0x80 ./Middlewares/ST/STM32_USB_Device_Library/Class/CDC/Src/usbd_cdc.o
                0x0800bb28                USBD_CDC_TransmitPacket
 .text.USBD_CDC_ReceivePacket
                0x0800bba8       0x6c ./Middlewares/ST/STM32_USB_Device_Library/Class/CDC/Src/usbd_cdc.o
                0x0800bba8                USBD_CDC_ReceivePacket
 .text.USBD_Init
                0x0800bc14       0x60 ./Middlewares/ST/STM32_USB_Device_Library/Core/Src/usbd_core.o
                0x0800bc14                USBD_Init
 .text.USBD_RegisterClass
                0x0800bc74       0x6c ./Middlewares/ST/STM32_USB_Device_Library/Core/Src/usbd_core.o
                0x0800bc74                USBD_RegisterClass
 .text.USBD_Start
                0x0800bce0       0x18 ./Middlewares/ST/STM32_USB_Device_Library/Core/Src/usbd_core.o
                0x0800bce0                USBD_Start
 .text.USBD_RunTestMode
                0x0800bcf8       0x16 ./Middlewares/ST/STM32_USB_Device_Library/Core/Src/usbd_core.o
                0x0800bcf8                USBD_RunTestMode
 .text.USBD_SetClassConfig
                0x0800bd0e       0x38 ./Middlewares/ST/STM32_USB_Device_Library/Core/Src/usbd_core.o
                0x0800bd0e                USBD_SetClassConfig
 .text.USBD_ClrClassConfig
                0x0800bd46       0x34 ./Middlewares/ST/STM32_USB_Device_Library/Core/Src/usbd_core.o
                0x0800bd46                USBD_ClrClassConfig
 .text.USBD_LL_SetupStage
                0x0800bd7a       0xaa ./Middlewares/ST/STM32_USB_Device_Library/Core/Src/usbd_core.o
                0x0800bd7a                USBD_LL_SetupStage
 .text.USBD_LL_DataOutStage
                0x0800be24      0x166 ./Middlewares/ST/STM32_USB_Device_Library/Core/Src/usbd_core.o
                0x0800be24                USBD_LL_DataOutStage
 .text.USBD_LL_DataInStage
                0x0800bf8a      0x164 ./Middlewares/ST/STM32_USB_Device_Library/Core/Src/usbd_core.o
                0x0800bf8a                USBD_LL_DataInStage
 .text.USBD_LL_Reset
                0x0800c0ee       0xa4 ./Middlewares/ST/STM32_USB_Device_Library/Core/Src/usbd_core.o
                0x0800c0ee                USBD_LL_Reset
 .text.USBD_LL_SetSpeed
                0x0800c192       0x20 ./Middlewares/ST/STM32_USB_Device_Library/Core/Src/usbd_core.o
                0x0800c192                USBD_LL_SetSpeed
 .text.USBD_LL_Suspend
                0x0800c1b2       0x38 ./Middlewares/ST/STM32_USB_Device_Library/Core/Src/usbd_core.o
                0x0800c1b2                USBD_LL_Suspend
 .text.USBD_LL_Resume
                0x0800c1ea       0x30 ./Middlewares/ST/STM32_USB_Device_Library/Core/Src/usbd_core.o
                0x0800c1ea                USBD_LL_Resume
 .text.USBD_LL_SOF
                0x0800c21a       0x40 ./Middlewares/ST/STM32_USB_Device_Library/Core/Src/usbd_core.o
                0x0800c21a                USBD_LL_SOF
 .text.USBD_LL_IsoINIncomplete
                0x0800c25a       0x64 ./Middlewares/ST/STM32_USB_Device_Library/Core/Src/usbd_core.o
                0x0800c25a                USBD_LL_IsoINIncomplete
 .text.USBD_LL_IsoOUTIncomplete
                0x0800c2be       0x64 ./Middlewares/ST/STM32_USB_Device_Library/Core/Src/usbd_core.o
                0x0800c2be                USBD_LL_IsoOUTIncomplete
 .text.USBD_LL_DevConnected
                0x0800c322       0x16 ./Middlewares/ST/STM32_USB_Device_Library/Core/Src/usbd_core.o
                0x0800c322                USBD_LL_DevConnected
 .text.USBD_LL_DevDisconnected
                0x0800c338       0x46 ./Middlewares/ST/STM32_USB_Device_Library/Core/Src/usbd_core.o
                0x0800c338                USBD_LL_DevDisconnected
 .text.USBD_CoreFindIF
                0x0800c37e       0x1a ./Middlewares/ST/STM32_USB_Device_Library/Core/Src/usbd_core.o
                0x0800c37e                USBD_CoreFindIF
 .text.USBD_CoreFindEP
                0x0800c398       0x1a ./Middlewares/ST/STM32_USB_Device_Library/Core/Src/usbd_core.o
                0x0800c398                USBD_CoreFindEP
 .text.USBD_GetEpDesc
                0x0800c3b2       0x70 ./Middlewares/ST/STM32_USB_Device_Library/Core/Src/usbd_core.o
                0x0800c3b2                USBD_GetEpDesc
 .text.USBD_GetNextDesc
                0x0800c422       0x38 ./Middlewares/ST/STM32_USB_Device_Library/Core/Src/usbd_core.o
                0x0800c422                USBD_GetNextDesc
 .text.SWAPBYTE
                0x0800c45a       0x3c ./Middlewares/ST/STM32_USB_Device_Library/Core/Src/usbd_ctlreq.o
 *fill*         0x0800c496        0x2 
 .text.USBD_StdDevReq
                0x0800c498       0xe4 ./Middlewares/ST/STM32_USB_Device_Library/Core/Src/usbd_ctlreq.o
                0x0800c498                USBD_StdDevReq
 .text.USBD_StdItfReq
                0x0800c57c       0xd8 ./Middlewares/ST/STM32_USB_Device_Library/Core/Src/usbd_ctlreq.o
                0x0800c57c                USBD_StdItfReq
 .text.USBD_StdEPReq
                0x0800c654      0x33a ./Middlewares/ST/STM32_USB_Device_Library/Core/Src/usbd_ctlreq.o
                0x0800c654                USBD_StdEPReq
 *fill*         0x0800c98e        0x2 
 .text.USBD_GetDescriptor
                0x0800c990      0x2d4 ./Middlewares/ST/STM32_USB_Device_Library/Core/Src/usbd_ctlreq.o
 .text.USBD_SetAddress
                0x0800cc64       0x88 ./Middlewares/ST/STM32_USB_Device_Library/Core/Src/usbd_ctlreq.o
 .text.USBD_SetConfig
                0x0800ccec      0x154 ./Middlewares/ST/STM32_USB_Device_Library/Core/Src/usbd_ctlreq.o
 .text.USBD_GetConfig
                0x0800ce40       0x6c ./Middlewares/ST/STM32_USB_Device_Library/Core/Src/usbd_ctlreq.o
 .text.USBD_GetStatus
                0x0800ceac       0x68 ./Middlewares/ST/STM32_USB_Device_Library/Core/Src/usbd_ctlreq.o
 .text.USBD_SetFeature
                0x0800cf14       0x52 ./Middlewares/ST/STM32_USB_Device_Library/Core/Src/usbd_ctlreq.o
 .text.USBD_ClrFeature
                0x0800cf66       0x44 ./Middlewares/ST/STM32_USB_Device_Library/Core/Src/usbd_ctlreq.o
 .text.USBD_ParseSetupRequest
                0x0800cfaa       0x74 ./Middlewares/ST/STM32_USB_Device_Library/Core/Src/usbd_ctlreq.o
                0x0800cfaa                USBD_ParseSetupRequest
 .text.USBD_CtlError
                0x0800d01e       0x22 ./Middlewares/ST/STM32_USB_Device_Library/Core/Src/usbd_ctlreq.o
                0x0800d01e                USBD_CtlError
 .text.USBD_GetString
                0x0800d040       0xa4 ./Middlewares/ST/STM32_USB_Device_Library/Core/Src/usbd_ctlreq.o
                0x0800d040                USBD_GetString
 .text.USBD_GetLen
                0x0800d0e4       0x34 ./Middlewares/ST/STM32_USB_Device_Library/Core/Src/usbd_ctlreq.o
 .text.USBD_CtlSendData
                0x0800d118       0x36 ./Middlewares/ST/STM32_USB_Device_Library/Core/Src/usbd_ioreq.o
                0x0800d118                USBD_CtlSendData
 .text.USBD_CtlContinueSendData
                0x0800d14e       0x22 ./Middlewares/ST/STM32_USB_Device_Library/Core/Src/usbd_ioreq.o
                0x0800d14e                USBD_CtlContinueSendData
 .text.USBD_CtlPrepareRx
                0x0800d170       0x3a ./Middlewares/ST/STM32_USB_Device_Library/Core/Src/usbd_ioreq.o
                0x0800d170                USBD_CtlPrepareRx
 .text.USBD_CtlContinueRx
                0x0800d1aa       0x22 ./Middlewares/ST/STM32_USB_Device_Library/Core/Src/usbd_ioreq.o
                0x0800d1aa                USBD_CtlContinueRx
 .text.USBD_CtlSendStatus
                0x0800d1cc       0x26 ./Middlewares/ST/STM32_USB_Device_Library/Core/Src/usbd_ioreq.o
                0x0800d1cc                USBD_CtlSendStatus
 .text.USBD_CtlReceiveStatus
                0x0800d1f2       0x26 ./Middlewares/ST/STM32_USB_Device_Library/Core/Src/usbd_ioreq.o
                0x0800d1f2                USBD_CtlReceiveStatus
 .text.vListInitialise
                0x0800d218       0x40 ./Middlewares/Third_Party/FreeRTOS/Source/list.o
                0x0800d218                vListInitialise
 .text.vListInitialiseItem
                0x0800d258       0x1a ./Middlewares/Third_Party/FreeRTOS/Source/list.o
                0x0800d258                vListInitialiseItem
 .text.vListInsertEnd
                0x0800d272       0x48 ./Middlewares/Third_Party/FreeRTOS/Source/list.o
                0x0800d272                vListInsertEnd
 .text.vListInsert
                0x0800d2ba       0x72 ./Middlewares/Third_Party/FreeRTOS/Source/list.o
                0x0800d2ba                vListInsert
 .text.uxListRemove
                0x0800d32c       0x54 ./Middlewares/Third_Party/FreeRTOS/Source/list.o
                0x0800d32c                uxListRemove
 .text.xQueueGenericReset
                0x0800d380       0xd4 ./Middlewares/Third_Party/FreeRTOS/Source/queue.o
                0x0800d380                xQueueGenericReset
 .text.xQueueGenericCreateStatic
                0x0800d454       0xfa ./Middlewares/Third_Party/FreeRTOS/Source/queue.o
                0x0800d454                xQueueGenericCreateStatic
 .text.xQueueGenericCreate
                0x0800d54e       0x76 ./Middlewares/Third_Party/FreeRTOS/Source/queue.o
                0x0800d54e                xQueueGenericCreate
 .text.prvInitialiseNewQueue
                0x0800d5c4       0x3e ./Middlewares/Third_Party/FreeRTOS/Source/queue.o
 .text.prvInitialiseMutex
                0x0800d602       0x34 ./Middlewares/Third_Party/FreeRTOS/Source/queue.o
 .text.xQueueCreateMutex
                0x0800d636       0x30 ./Middlewares/Third_Party/FreeRTOS/Source/queue.o
                0x0800d636                xQueueCreateMutex
 .text.xQueueCreateCountingSemaphore
                0x0800d666       0x6a ./Middlewares/Third_Party/FreeRTOS/Source/queue.o
                0x0800d666                xQueueCreateCountingSemaphore
 .text.xQueueGenericSend
                0x0800d6d0      0x204 ./Middlewares/Third_Party/FreeRTOS/Source/queue.o
                0x0800d6d0                xQueueGenericSend
 .text.xQueueGenericSendFromISR
                0x0800d8d4      0x13c ./Middlewares/Third_Party/FreeRTOS/Source/queue.o
                0x0800d8d4                xQueueGenericSendFromISR
 .text.xQueueGiveFromISR
                0x0800da10      0x120 ./Middlewares/Third_Party/FreeRTOS/Source/queue.o
                0x0800da10                xQueueGiveFromISR
 .text.xQueueReceive
                0x0800db30      0x1c4 ./Middlewares/Third_Party/FreeRTOS/Source/queue.o
                0x0800db30                xQueueReceive
 .text.xQueueSemaphoreTake
                0x0800dcf4      0x220 ./Middlewares/Third_Party/FreeRTOS/Source/queue.o
                0x0800dcf4                xQueueSemaphoreTake
 .text.uxQueueMessagesWaiting
                0x0800df14       0x3e ./Middlewares/Third_Party/FreeRTOS/Source/queue.o
                0x0800df14                uxQueueMessagesWaiting
 .text.prvGetDisinheritPriorityAfterTimeout
                0x0800df52       0x30 ./Middlewares/Third_Party/FreeRTOS/Source/queue.o
 .text.prvCopyDataToQueue
                0x0800df82       0xd4 ./Middlewares/Third_Party/FreeRTOS/Source/queue.o
 .text.prvCopyDataFromQueue
                0x0800e056       0x4c ./Middlewares/Third_Party/FreeRTOS/Source/queue.o
 .text.prvUnlockQueue
                0x0800e0a2       0xa4 ./Middlewares/Third_Party/FreeRTOS/Source/queue.o
 .text.prvIsQueueEmpty
                0x0800e146       0x2c ./Middlewares/Third_Party/FreeRTOS/Source/queue.o
 .text.prvIsQueueFull
                0x0800e172       0x30 ./Middlewares/Third_Party/FreeRTOS/Source/queue.o
 *fill*         0x0800e1a2        0x2 
 .text.vQueueAddToRegistry
                0x0800e1a4       0x54 ./Middlewares/Third_Party/FreeRTOS/Source/queue.o
                0x0800e1a4                vQueueAddToRegistry
 .text.vQueueWaitForMessageRestricted
                0x0800e1f8       0x68 ./Middlewares/Third_Party/FreeRTOS/Source/queue.o
                0x0800e1f8                vQueueWaitForMessageRestricted
 .text.xTaskCreateStatic
                0x0800e260       0xc0 ./Middlewares/Third_Party/FreeRTOS/Source/tasks.o
                0x0800e260                xTaskCreateStatic
 .text.xTaskCreate
                0x0800e320       0x8a ./Middlewares/Third_Party/FreeRTOS/Source/tasks.o
                0x0800e320                xTaskCreate
 .text.prvInitialiseNewTask
                0x0800e3aa      0x110 ./Middlewares/Third_Party/FreeRTOS/Source/tasks.o
 *fill*         0x0800e4ba        0x2 
 .text.prvAddNewTaskToReadyList
                0x0800e4bc       0xd4 ./Middlewares/Third_Party/FreeRTOS/Source/tasks.o
 .text.vTaskStartScheduler
                0x0800e590       0xd0 ./Middlewares/Third_Party/FreeRTOS/Source/tasks.o
                0x0800e590                vTaskStartScheduler
 .text.vTaskSuspendAll
                0x0800e660       0x1c ./Middlewares/Third_Party/FreeRTOS/Source/tasks.o
                0x0800e660                vTaskSuspendAll
 .text.xTaskResumeAll
                0x0800e67c      0x13c ./Middlewares/Third_Party/FreeRTOS/Source/tasks.o
                0x0800e67c                xTaskResumeAll
 .text.xTaskGetTickCount
                0x0800e7b8       0x20 ./Middlewares/Third_Party/FreeRTOS/Source/tasks.o
                0x0800e7b8                xTaskGetTickCount
 .text.xTaskIncrementTick
                0x0800e7d8      0x174 ./Middlewares/Third_Party/FreeRTOS/Source/tasks.o
                0x0800e7d8                xTaskIncrementTick
 .text.vTaskSwitchContext
                0x0800e94c       0xb8 ./Middlewares/Third_Party/FreeRTOS/Source/tasks.o
                0x0800e94c                vTaskSwitchContext
 .text.vTaskPlaceOnEventList
                0x0800ea04       0x4c ./Middlewares/Third_Party/FreeRTOS/Source/tasks.o
                0x0800ea04                vTaskPlaceOnEventList
 .text.vTaskPlaceOnEventListRestricted
                0x0800ea50       0x58 ./Middlewares/Third_Party/FreeRTOS/Source/tasks.o
                0x0800ea50                vTaskPlaceOnEventListRestricted
 .text.xTaskRemoveFromEventList
                0x0800eaa8       0xc8 ./Middlewares/Third_Party/FreeRTOS/Source/tasks.o
                0x0800eaa8                xTaskRemoveFromEventList
 .text.vTaskInternalSetTimeOutState
                0x0800eb70       0x2c ./Middlewares/Third_Party/FreeRTOS/Source/tasks.o
                0x0800eb70                vTaskInternalSetTimeOutState
 .text.xTaskCheckForTimeOut
                0x0800eb9c       0xc8 ./Middlewares/Third_Party/FreeRTOS/Source/tasks.o
                0x0800eb9c                xTaskCheckForTimeOut
 .text.vTaskMissedYield
                0x0800ec64       0x18 ./Middlewares/Third_Party/FreeRTOS/Source/tasks.o
                0x0800ec64                vTaskMissedYield
 .text.prvIdleTask
                0x0800ec7c       0x34 ./Middlewares/Third_Party/FreeRTOS/Source/tasks.o
 .text.prvInitialiseTaskLists
                0x0800ecb0       0x80 ./Middlewares/Third_Party/FreeRTOS/Source/tasks.o
 .text.prvCheckTasksWaitingTermination
                0x0800ed30       0x5c ./Middlewares/Third_Party/FreeRTOS/Source/tasks.o
 .text.prvDeleteTCB
                0x0800ed8c       0x60 ./Middlewares/Third_Party/FreeRTOS/Source/tasks.o
 .text.prvResetNextTaskUnblockTime
                0x0800edec       0x40 ./Middlewares/Third_Party/FreeRTOS/Source/tasks.o
 .text.xTaskGetSchedulerState
                0x0800ee2c       0x3c ./Middlewares/Third_Party/FreeRTOS/Source/tasks.o
                0x0800ee2c                xTaskGetSchedulerState
 .text.xTaskPriorityInherit
                0x0800ee68       0xec ./Middlewares/Third_Party/FreeRTOS/Source/tasks.o
                0x0800ee68                xTaskPriorityInherit
 .text.xTaskPriorityDisinherit
                0x0800ef54      0x110 ./Middlewares/Third_Party/FreeRTOS/Source/tasks.o
                0x0800ef54                xTaskPriorityDisinherit
 .text.vTaskPriorityDisinheritAfterTimeout
                0x0800f064      0x120 ./Middlewares/Third_Party/FreeRTOS/Source/tasks.o
                0x0800f064                vTaskPriorityDisinheritAfterTimeout
 .text.pvTaskIncrementMutexHeldCount
                0x0800f184       0x28 ./Middlewares/Third_Party/FreeRTOS/Source/tasks.o
                0x0800f184                pvTaskIncrementMutexHeldCount
 .text.prvAddCurrentTaskToDelayedList
                0x0800f1ac       0xcc ./Middlewares/Third_Party/FreeRTOS/Source/tasks.o
 .text.xTimerCreateTimerTask
                0x0800f278       0x94 ./Middlewares/Third_Party/FreeRTOS/Source/timers.o
                0x0800f278                xTimerCreateTimerTask
 .text.xTimerGenericCommand
                0x0800f30c       0x9c ./Middlewares/Third_Party/FreeRTOS/Source/timers.o
                0x0800f30c                xTimerGenericCommand
 .text.prvProcessExpiredTimer
                0x0800f3a8       0x9c ./Middlewares/Third_Party/FreeRTOS/Source/timers.o
 .text.prvTimerTask
                0x0800f444       0x26 ./Middlewares/Third_Party/FreeRTOS/Source/timers.o
 *fill*         0x0800f46a        0x2 
 .text.prvProcessTimerOrBlockTask
                0x0800f46c       0x9c ./Middlewares/Third_Party/FreeRTOS/Source/timers.o
 .text.prvGetNextExpireTime
                0x0800f508       0x48 ./Middlewares/Third_Party/FreeRTOS/Source/timers.o
 .text.prvSampleTimeNow
                0x0800f550       0x40 ./Middlewares/Third_Party/FreeRTOS/Source/timers.o
 .text.prvInsertTimerInActiveList
                0x0800f590       0x84 ./Middlewares/Third_Party/FreeRTOS/Source/timers.o
 .text.prvProcessReceivedCommands
                0x0800f614      0x194 ./Middlewares/Third_Party/FreeRTOS/Source/timers.o
 .text.prvSwitchTimerLists
                0x0800f7a8       0xcc ./Middlewares/Third_Party/FreeRTOS/Source/timers.o
 .text.prvCheckForValidListAndQueue
                0x0800f874       0x80 ./Middlewares/Third_Party/FreeRTOS/Source/timers.o
 .text.pxPortInitialiseStack
                0x0800f8f4       0x68 ./Middlewares/Third_Party/FreeRTOS/Source/portable/GCC/ARM_CM4F/port.o
                0x0800f8f4                pxPortInitialiseStack
 .text.prvTaskExitError
                0x0800f95c       0x5c ./Middlewares/Third_Party/FreeRTOS/Source/portable/GCC/ARM_CM4F/port.o
 *fill*         0x0800f9b8        0x8 
 .text.SVC_Handler
                0x0800f9c0       0x28 ./Middlewares/Third_Party/FreeRTOS/Source/portable/GCC/ARM_CM4F/port.o
                0x0800f9c0                SVC_Handler
 .text.prvPortStartFirstTask
                0x0800f9e8       0x28 ./Middlewares/Third_Party/FreeRTOS/Source/portable/GCC/ARM_CM4F/port.o
 .text.xPortStartScheduler
                0x0800fa10      0x148 ./Middlewares/Third_Party/FreeRTOS/Source/portable/GCC/ARM_CM4F/port.o
                0x0800fa10                xPortStartScheduler
 .text.vPortEnterCritical
                0x0800fb58       0x64 ./Middlewares/Third_Party/FreeRTOS/Source/portable/GCC/ARM_CM4F/port.o
                0x0800fb58                vPortEnterCritical
 .text.vPortExitCritical
                0x0800fbbc       0x54 ./Middlewares/Third_Party/FreeRTOS/Source/portable/GCC/ARM_CM4F/port.o
                0x0800fbbc                vPortExitCritical
 .text.PendSV_Handler
                0x0800fc10       0x68 ./Middlewares/Third_Party/FreeRTOS/Source/portable/GCC/ARM_CM4F/port.o
                0x0800fc10                PendSV_Handler
 .text.SysTick_Handler
                0x0800fc78       0x44 ./Middlewares/Third_Party/FreeRTOS/Source/portable/GCC/ARM_CM4F/port.o
                0x0800fc78                SysTick_Handler
 .text.vPortSetupTimerInterrupt
                0x0800fcbc       0x48 ./Middlewares/Third_Party/FreeRTOS/Source/portable/GCC/ARM_CM4F/port.o
                0x0800fcbc                vPortSetupTimerInterrupt
 .text.vPortEnableVFP
                0x0800fd04       0x14 ./Middlewares/Third_Party/FreeRTOS/Source/portable/GCC/ARM_CM4F/port.o
 .text.vPortValidateInterruptPriority
                0x0800fd18       0x84 ./Middlewares/Third_Party/FreeRTOS/Source/portable/GCC/ARM_CM4F/port.o
                0x0800fd18                vPortValidateInterruptPriority
 .text.pvPortMalloc
                0x0800fd9c      0x19c ./Middlewares/Third_Party/FreeRTOS/Source/portable/MemMang/heap_4.o
                0x0800fd9c                pvPortMalloc
 .text.vPortFree
                0x0800ff38       0xc8 ./Middlewares/Third_Party/FreeRTOS/Source/portable/MemMang/heap_4.o
                0x0800ff38                vPortFree
 .text.prvHeapInit
                0x08010000       0xc4 ./Middlewares/Third_Party/FreeRTOS/Source/portable/MemMang/heap_4.o
 .text.prvInsertBlockIntoFreeList
                0x080100c4       0xb4 ./Middlewares/Third_Party/FreeRTOS/Source/portable/MemMang/heap_4.o
 .text.MX_USB_DEVICE_Init
                0x08010178       0x60 ./USB_DEVICE/App/usb_device.o
                0x08010178                MX_USB_DEVICE_Init
 .text.CDC_Init_FS
                0x080101d8       0x28 ./USB_DEVICE/App/usbd_cdc_if.o
 .text.CDC_DeInit_FS
                0x08010200       0x10 ./USB_DEVICE/App/usbd_cdc_if.o
 .text.CDC_Control_FS
                0x08010210       0xbc ./USB_DEVICE/App/usbd_cdc_if.o
 .text.CDC_Receive_FS
                0x080102cc       0x30 ./USB_DEVICE/App/usbd_cdc_if.o
 .text.CDC_Transmit_FS
                0x080102fc       0x4c ./USB_DEVICE/App/usbd_cdc_if.o
                0x080102fc                CDC_Transmit_FS
 .text.CDC_TransmitCplt_FS
                0x08010348       0x22 ./USB_DEVICE/App/usbd_cdc_if.o
 *fill*         0x0801036a        0x2 
 .text.USBD_FS_DeviceDescriptor
                0x0801036c       0x24 ./USB_DEVICE/App/usbd_desc.o
                0x0801036c                USBD_FS_DeviceDescriptor
 .text.USBD_FS_LangIDStrDescriptor
                0x08010390       0x24 ./USB_DEVICE/App/usbd_desc.o
                0x08010390                USBD_FS_LangIDStrDescriptor
 .text.USBD_FS_ProductStrDescriptor
                0x080103b4       0x3c ./USB_DEVICE/App/usbd_desc.o
                0x080103b4                USBD_FS_ProductStrDescriptor
 .text.USBD_FS_ManufacturerStrDescriptor
                0x080103f0       0x28 ./USB_DEVICE/App/usbd_desc.o
                0x080103f0                USBD_FS_ManufacturerStrDescriptor
 .text.USBD_FS_SerialStrDescriptor
                0x08010418       0x24 ./USB_DEVICE/App/usbd_desc.o
                0x08010418                USBD_FS_SerialStrDescriptor
 .text.USBD_FS_ConfigStrDescriptor
                0x0801043c       0x3c ./USB_DEVICE/App/usbd_desc.o
                0x0801043c                USBD_FS_ConfigStrDescriptor
 .text.USBD_FS_InterfaceStrDescriptor
                0x08010478       0x3c ./USB_DEVICE/App/usbd_desc.o
                0x08010478                USBD_FS_InterfaceStrDescriptor
 .text.Get_SerialNum
                0x080104b4       0x58 ./USB_DEVICE/App/usbd_desc.o
 .text.IntToUnicode
                0x0801050c       0x7e ./USB_DEVICE/App/usbd_desc.o
 *fill*         0x0801058a        0x2 
 .text.HAL_PCD_MspInit
                0x0801058c       0xa8 ./USB_DEVICE/Target/usbd_conf.o
                0x0801058c                HAL_PCD_MspInit
 .text.HAL_PCD_SetupStageCallback
                0x08010634       0x24 ./USB_DEVICE/Target/usbd_conf.o
                0x08010634                HAL_PCD_SetupStageCallback
 .text.HAL_PCD_DataOutStageCallback
                0x08010658       0x36 ./USB_DEVICE/Target/usbd_conf.o
                0x08010658                HAL_PCD_DataOutStageCallback
 .text.HAL_PCD_DataInStageCallback
                0x0801068e       0x34 ./USB_DEVICE/Target/usbd_conf.o
                0x0801068e                HAL_PCD_DataInStageCallback
 .text.HAL_PCD_SOFCallback
                0x080106c2       0x1c ./USB_DEVICE/Target/usbd_conf.o
                0x080106c2                HAL_PCD_SOFCallback
 .text.HAL_PCD_ResetCallback
                0x080106de       0x3c ./USB_DEVICE/Target/usbd_conf.o
                0x080106de                HAL_PCD_ResetCallback
 *fill*         0x0801071a        0x2 
 .text.HAL_PCD_SuspendCallback
                0x0801071c       0x4c ./USB_DEVICE/Target/usbd_conf.o
                0x0801071c                HAL_PCD_SuspendCallback
 .text.HAL_PCD_ResumeCallback
                0x08010768       0x1c ./USB_DEVICE/Target/usbd_conf.o
                0x08010768                HAL_PCD_ResumeCallback
 .text.HAL_PCD_ISOOUTIncompleteCallback
                0x08010784       0x24 ./USB_DEVICE/Target/usbd_conf.o
                0x08010784                HAL_PCD_ISOOUTIncompleteCallback
 .text.HAL_PCD_ISOINIncompleteCallback
                0x080107a8       0x24 ./USB_DEVICE/Target/usbd_conf.o
                0x080107a8                HAL_PCD_ISOINIncompleteCallback
 .text.HAL_PCD_ConnectCallback
                0x080107cc       0x1c ./USB_DEVICE/Target/usbd_conf.o
                0x080107cc                HAL_PCD_ConnectCallback
 .text.HAL_PCD_DisconnectCallback
                0x080107e8       0x1c ./USB_DEVICE/Target/usbd_conf.o
                0x080107e8                HAL_PCD_DisconnectCallback
 .text.USBD_LL_Init
                0x08010804       0x98 ./USB_DEVICE/Target/usbd_conf.o
                0x08010804                USBD_LL_Init
 .text.USBD_LL_Start
                0x0801089c       0x36 ./USB_DEVICE/Target/usbd_conf.o
                0x0801089c                USBD_LL_Start
 .text.USBD_LL_OpenEP
                0x080108d2       0x4c ./USB_DEVICE/Target/usbd_conf.o
                0x080108d2                USBD_LL_OpenEP
 .text.USBD_LL_CloseEP
                0x0801091e       0x3e ./USB_DEVICE/Target/usbd_conf.o
                0x0801091e                USBD_LL_CloseEP
 .text.USBD_LL_StallEP
                0x0801095c       0x3e ./USB_DEVICE/Target/usbd_conf.o
                0x0801095c                USBD_LL_StallEP
 .text.USBD_LL_ClearStallEP
                0x0801099a       0x3e ./USB_DEVICE/Target/usbd_conf.o
                0x0801099a                USBD_LL_ClearStallEP
 .text.USBD_LL_IsStallEP
                0x080109d8       0x58 ./USB_DEVICE/Target/usbd_conf.o
                0x080109d8                USBD_LL_IsStallEP
 .text.USBD_LL_SetUSBAddress
                0x08010a30       0x3e ./USB_DEVICE/Target/usbd_conf.o
                0x08010a30                USBD_LL_SetUSBAddress
 .text.USBD_LL_Transmit
                0x08010a6e       0x42 ./USB_DEVICE/Target/usbd_conf.o
                0x08010a6e                USBD_LL_Transmit
 .text.USBD_LL_PrepareReceive
                0x08010ab0       0x42 ./USB_DEVICE/Target/usbd_conf.o
                0x08010ab0                USBD_LL_PrepareReceive
 .text.USBD_LL_GetRxDataSize
                0x08010af2       0x26 ./USB_DEVICE/Target/usbd_conf.o
                0x08010af2                USBD_LL_GetRxDataSize
 .text.USBD_static_malloc
                0x08010b18       0x1c ./USB_DEVICE/Target/usbd_conf.o
                0x08010b18                USBD_static_malloc
 .text.USBD_static_free
                0x08010b34       0x14 ./USB_DEVICE/Target/usbd_conf.o
                0x08010b34                USBD_static_free
 .text.USBD_Get_USB_Status
                0x08010b48       0x58 ./USB_DEVICE/Target/usbd_conf.o
                0x08010b48                USBD_Get_USB_Status
 .text.malloc   0x08010ba0       0x10 D:/Program File 2/ST/STM32CubeIDE_1.16.1/STM32CubeIDE/plugins/com.st.stm32cube.ide.mcu.externaltools.gnu-tools-for-stm32.12.3.rel1.win32_1.0.200.202406191623/tools/bin/../lib/gcc/arm-none-eabi/12.3.1/../../../../arm-none-eabi/lib/thumb/v7e-m+fp/hard\libc_nano.a(libc_a-malloc.o)
                0x08010ba0                malloc
 .text.free     0x08010bb0       0x10 D:/Program File 2/ST/STM32CubeIDE_1.16.1/STM32CubeIDE/plugins/com.st.stm32cube.ide.mcu.externaltools.gnu-tools-for-stm32.12.3.rel1.win32_1.0.200.202406191623/tools/bin/../lib/gcc/arm-none-eabi/12.3.1/../../../../arm-none-eabi/lib/thumb/v7e-m+fp/hard\libc_nano.a(libc_a-malloc.o)
                0x08010bb0                free
 .text.sbrk_aligned
                0x08010bc0       0x44 D:/Program File 2/ST/STM32CubeIDE_1.16.1/STM32CubeIDE/plugins/com.st.stm32cube.ide.mcu.externaltools.gnu-tools-for-stm32.12.3.rel1.win32_1.0.200.202406191623/tools/bin/../lib/gcc/arm-none-eabi/12.3.1/../../../../arm-none-eabi/lib/thumb/v7e-m+fp/hard\libc_nano.a(libc_a-mallocr.o)
 .text._malloc_r
                0x08010c04      0x100 D:/Program File 2/ST/STM32CubeIDE_1.16.1/STM32CubeIDE/plugins/com.st.stm32cube.ide.mcu.externaltools.gnu-tools-for-stm32.12.3.rel1.win32_1.0.200.202406191623/tools/bin/../lib/gcc/arm-none-eabi/12.3.1/../../../../arm-none-eabi/lib/thumb/v7e-m+fp/hard\libc_nano.a(libc_a-mallocr.o)
                0x08010c04                _malloc_r
 .text.__malloc_lock
                0x08010d04        0xc D:/Program File 2/ST/STM32CubeIDE_1.16.1/STM32CubeIDE/plugins/com.st.stm32cube.ide.mcu.externaltools.gnu-tools-for-stm32.12.3.rel1.win32_1.0.200.202406191623/tools/bin/../lib/gcc/arm-none-eabi/12.3.1/../../../../arm-none-eabi/lib/thumb/v7e-m+fp/hard\libc_nano.a(libc_a-mlock.o)
                0x08010d04                __malloc_lock
 .text.__malloc_unlock
                0x08010d10        0xc D:/Program File 2/ST/STM32CubeIDE_1.16.1/STM32CubeIDE/plugins/com.st.stm32cube.ide.mcu.externaltools.gnu-tools-for-stm32.12.3.rel1.win32_1.0.200.202406191623/tools/bin/../lib/gcc/arm-none-eabi/12.3.1/../../../../arm-none-eabi/lib/thumb/v7e-m+fp/hard\libc_nano.a(libc_a-mlock.o)
                0x08010d10                __malloc_unlock
 .text.sprintf  0x08010d1c       0x40 D:/Program File 2/ST/STM32CubeIDE_1.16.1/STM32CubeIDE/plugins/com.st.stm32cube.ide.mcu.externaltools.gnu-tools-for-stm32.12.3.rel1.win32_1.0.200.202406191623/tools/bin/../lib/gcc/arm-none-eabi/12.3.1/../../../../arm-none-eabi/lib/thumb/v7e-m+fp/hard\libc_nano.a(libc_a-sprintf.o)
                0x08010d1c                siprintf
                0x08010d1c                sprintf
 .text.memset   0x08010d5c       0x10 D:/Program File 2/ST/STM32CubeIDE_1.16.1/STM32CubeIDE/plugins/com.st.stm32cube.ide.mcu.externaltools.gnu-tools-for-stm32.12.3.rel1.win32_1.0.200.202406191623/tools/bin/../lib/gcc/arm-none-eabi/12.3.1/../../../../arm-none-eabi/lib/thumb/v7e-m+fp/hard\libc_nano.a(libc_a-memset.o)
                0x08010d5c                memset
 .text._sbrk_r  0x08010d6c       0x20 D:/Program File 2/ST/STM32CubeIDE_1.16.1/STM32CubeIDE/plugins/com.st.stm32cube.ide.mcu.externaltools.gnu-tools-for-stm32.12.3.rel1.win32_1.0.200.202406191623/tools/bin/../lib/gcc/arm-none-eabi/12.3.1/../../../../arm-none-eabi/lib/thumb/v7e-m+fp/hard\libc_nano.a(libc_a-sbrkr.o)
                0x08010d6c                _sbrk_r
 .text.__errno  0x08010d8c        0xc D:/Program File 2/ST/STM32CubeIDE_1.16.1/STM32CubeIDE/plugins/com.st.stm32cube.ide.mcu.externaltools.gnu-tools-for-stm32.12.3.rel1.win32_1.0.200.202406191623/tools/bin/../lib/gcc/arm-none-eabi/12.3.1/../../../../arm-none-eabi/lib/thumb/v7e-m+fp/hard\libc_nano.a(libc_a-errno.o)
                0x08010d8c                __errno
 .text.__libc_init_array
                0x08010d98       0x48 D:/Program File 2/ST/STM32CubeIDE_1.16.1/STM32CubeIDE/plugins/com.st.stm32cube.ide.mcu.externaltools.gnu-tools-for-stm32.12.3.rel1.win32_1.0.200.202406191623/tools/bin/../lib/gcc/arm-none-eabi/12.3.1/../../../../arm-none-eabi/lib/thumb/v7e-m+fp/hard\libc_nano.a(libc_a-init.o)
                0x08010d98                __libc_init_array
 .text.__retarget_lock_acquire_recursive
                0x08010de0        0x2 D:/Program File 2/ST/STM32CubeIDE_1.16.1/STM32CubeIDE/plugins/com.st.stm32cube.ide.mcu.externaltools.gnu-tools-for-stm32.12.3.rel1.win32_1.0.200.202406191623/tools/bin/../lib/gcc/arm-none-eabi/12.3.1/../../../../arm-none-eabi/lib/thumb/v7e-m+fp/hard\libc_nano.a(libc_a-lock.o)
                0x08010de0                __retarget_lock_acquire_recursive
 .text.__retarget_lock_release_recursive
                0x08010de2        0x2 D:/Program File 2/ST/STM32CubeIDE_1.16.1/STM32CubeIDE/plugins/com.st.stm32cube.ide.mcu.externaltools.gnu-tools-for-stm32.12.3.rel1.win32_1.0.200.202406191623/tools/bin/../lib/gcc/arm-none-eabi/12.3.1/../../../../arm-none-eabi/lib/thumb/v7e-m+fp/hard\libc_nano.a(libc_a-lock.o)
                0x08010de2                __retarget_lock_release_recursive
 .text.memcpy   0x08010de4       0x1c D:/Program File 2/ST/STM32CubeIDE_1.16.1/STM32CubeIDE/plugins/com.st.stm32cube.ide.mcu.externaltools.gnu-tools-for-stm32.12.3.rel1.win32_1.0.200.202406191623/tools/bin/../lib/gcc/arm-none-eabi/12.3.1/../../../../arm-none-eabi/lib/thumb/v7e-m+fp/hard\libc_nano.a(libc_a-memcpy-stub.o)
                0x08010de4                memcpy
 .text._free_r  0x08010e00       0x94 D:/Program File 2/ST/STM32CubeIDE_1.16.1/STM32CubeIDE/plugins/com.st.stm32cube.ide.mcu.externaltools.gnu-tools-for-stm32.12.3.rel1.win32_1.0.200.202406191623/tools/bin/../lib/gcc/arm-none-eabi/12.3.1/../../../../arm-none-eabi/lib/thumb/v7e-m+fp/hard\libc_nano.a(libc_a-freer.o)
                0x08010e00                _free_r
 .text.__ssputs_r
                0x08010e94       0xb6 D:/Program File 2/ST/STM32CubeIDE_1.16.1/STM32CubeIDE/plugins/com.st.stm32cube.ide.mcu.externaltools.gnu-tools-for-stm32.12.3.rel1.win32_1.0.200.202406191623/tools/bin/../lib/gcc/arm-none-eabi/12.3.1/../../../../arm-none-eabi/lib/thumb/v7e-m+fp/hard\libc_nano.a(libc_a-nano-svfprintf.o)
                0x08010e94                __ssputs_r
 *fill*         0x08010f4a        0x2 
 .text._svfprintf_r
                0x08010f4c      0x1f8 D:/Program File 2/ST/STM32CubeIDE_1.16.1/STM32CubeIDE/plugins/com.st.stm32cube.ide.mcu.externaltools.gnu-tools-for-stm32.12.3.rel1.win32_1.0.200.202406191623/tools/bin/../lib/gcc/arm-none-eabi/12.3.1/../../../../arm-none-eabi/lib/thumb/v7e-m+fp/hard\libc_nano.a(libc_a-nano-svfprintf.o)
                0x08010f4c                _svfiprintf_r
                0x08010f4c                _svfprintf_r
 .text._printf_common
                0x08011144       0xda D:/Program File 2/ST/STM32CubeIDE_1.16.1/STM32CubeIDE/plugins/com.st.stm32cube.ide.mcu.externaltools.gnu-tools-for-stm32.12.3.rel1.win32_1.0.200.202406191623/tools/bin/../lib/gcc/arm-none-eabi/12.3.1/../../../../arm-none-eabi/lib/thumb/v7e-m+fp/hard\libc_nano.a(libc_a-nano-vfprintf_i.o)
                0x08011144                _printf_common
 *fill*         0x0801121e        0x2 
 .text._printf_i
                0x08011220      0x240 D:/Program File 2/ST/STM32CubeIDE_1.16.1/STM32CubeIDE/plugins/com.st.stm32cube.ide.mcu.externaltools.gnu-tools-for-stm32.12.3.rel1.win32_1.0.200.202406191623/tools/bin/../lib/gcc/arm-none-eabi/12.3.1/../../../../arm-none-eabi/lib/thumb/v7e-m+fp/hard\libc_nano.a(libc_a-nano-vfprintf_i.o)
                0x08011220                _printf_i
 .text.memmove  0x08011460       0x34 D:/Program File 2/ST/STM32CubeIDE_1.16.1/STM32CubeIDE/plugins/com.st.stm32cube.ide.mcu.externaltools.gnu-tools-for-stm32.12.3.rel1.win32_1.0.200.202406191623/tools/bin/../lib/gcc/arm-none-eabi/12.3.1/../../../../arm-none-eabi/lib/thumb/v7e-m+fp/hard\libc_nano.a(libc_a-memmove.o)
                0x08011460                memmove
 .text._realloc_r
                0x08011494       0x5c D:/Program File 2/ST/STM32CubeIDE_1.16.1/STM32CubeIDE/plugins/com.st.stm32cube.ide.mcu.externaltools.gnu-tools-for-stm32.12.3.rel1.win32_1.0.200.202406191623/tools/bin/../lib/gcc/arm-none-eabi/12.3.1/../../../../arm-none-eabi/lib/thumb/v7e-m+fp/hard\libc_nano.a(libc_a-reallocr.o)
                0x08011494                _realloc_r
 .text._malloc_usable_size_r
                0x080114f0       0x10 D:/Program File 2/ST/STM32CubeIDE_1.16.1/STM32CubeIDE/plugins/com.st.stm32cube.ide.mcu.externaltools.gnu-tools-for-stm32.12.3.rel1.win32_1.0.200.202406191623/tools/bin/../lib/gcc/arm-none-eabi/12.3.1/../../../../arm-none-eabi/lib/thumb/v7e-m+fp/hard\libc_nano.a(libc_a-msizer.o)
                0x080114f0                _malloc_usable_size_r
 *(.glue_7)
 .glue_7        0x08011500        0x0 linker stubs
 *(.glue_7t)
 .glue_7t       0x08011500        0x0 linker stubs
 *(.eh_frame)
 .eh_frame      0x08011500        0x0 D:/Program File 2/ST/STM32CubeIDE_1.16.1/STM32CubeIDE/plugins/com.st.stm32cube.ide.mcu.externaltools.gnu-tools-for-stm32.12.3.rel1.win32_1.0.200.202406191623/tools/bin/../lib/gcc/arm-none-eabi/12.3.1/thumb/v7e-m+fp/hard/crtbegin.o
 *(.init)
 .init          0x08011500        0x4 D:/Program File 2/ST/STM32CubeIDE_1.16.1/STM32CubeIDE/plugins/com.st.stm32cube.ide.mcu.externaltools.gnu-tools-for-stm32.12.3.rel1.win32_1.0.200.202406191623/tools/bin/../lib/gcc/arm-none-eabi/12.3.1/thumb/v7e-m+fp/hard/crti.o
                0x08011500                _init
 .init          0x08011504        0x8 D:/Program File 2/ST/STM32CubeIDE_1.16.1/STM32CubeIDE/plugins/com.st.stm32cube.ide.mcu.externaltools.gnu-tools-for-stm32.12.3.rel1.win32_1.0.200.202406191623/tools/bin/../lib/gcc/arm-none-eabi/12.3.1/thumb/v7e-m+fp/hard/crtn.o
 *(.fini)
 .fini          0x0801150c        0x4 D:/Program File 2/ST/STM32CubeIDE_1.16.1/STM32CubeIDE/plugins/com.st.stm32cube.ide.mcu.externaltools.gnu-tools-for-stm32.12.3.rel1.win32_1.0.200.202406191623/tools/bin/../lib/gcc/arm-none-eabi/12.3.1/thumb/v7e-m+fp/hard/crti.o
                0x0801150c                _fini
 .fini          0x08011510        0x8 D:/Program File 2/ST/STM32CubeIDE_1.16.1/STM32CubeIDE/plugins/com.st.stm32cube.ide.mcu.externaltools.gnu-tools-for-stm32.12.3.rel1.win32_1.0.200.202406191623/tools/bin/../lib/gcc/arm-none-eabi/12.3.1/thumb/v7e-m+fp/hard/crtn.o
                0x08011518                        . = ALIGN (0x4)
                0x08011518                        _etext = .

.vfp11_veneer   0x08011518        0x0
 .vfp11_veneer  0x08011518        0x0 linker stubs

.v4_bx          0x08011518        0x0
 .v4_bx         0x08011518        0x0 linker stubs

.iplt           0x08011518        0x0
 .iplt          0x08011518        0x0 D:/Program File 2/ST/STM32CubeIDE_1.16.1/STM32CubeIDE/plugins/com.st.stm32cube.ide.mcu.externaltools.gnu-tools-for-stm32.12.3.rel1.win32_1.0.200.202406191623/tools/bin/../lib/gcc/arm-none-eabi/12.3.1/thumb/v7e-m+fp/hard/crtbegin.o

.rodata         0x08011518      0x7b4
                0x08011518                        . = ALIGN (0x4)
 *(.rodata)
 .rodata        0x08011518       0x50 ./Core/Src/LoRa.o
 .rodata        0x08011568      0x105 ./Core/Src/bsp_lora.o
 *fill*         0x0801166d        0x3 
 .rodata        0x08011670      0x58d ./Core/Src/lora_network.o
 *fill*         0x08011bfd        0x3 
 .rodata        0x08011c00       0x1e ./Core/Src/main.o
 *fill*         0x08011c1e        0x2 
 .rodata        0x08011c20        0x5 ./Middlewares/Third_Party/FreeRTOS/Source/tasks.o
 *fill*         0x08011c25        0x3 
 .rodata        0x08011c28        0xd ./Middlewares/Third_Party/FreeRTOS/Source/timers.o
 *fill*         0x08011c35        0x3 
 .rodata        0x08011c38       0x46 ./USB_DEVICE/App/usbd_desc.o
 *(.rodata*)
 *fill*         0x08011c7e        0x2 
 .rodata.AHBPrescTable
                0x08011c80       0x10 ./Core/Src/system_stm32f4xx.o
                0x08011c80                AHBPrescTable
 .rodata.APBPrescTable
                0x08011c90        0x8 ./Core/Src/system_stm32f4xx.o
                0x08011c90                APBPrescTable
 .rodata._svfprintf_r.str1.1
                0x08011c98       0x11 D:/Program File 2/ST/STM32CubeIDE_1.16.1/STM32CubeIDE/plugins/com.st.stm32cube.ide.mcu.externaltools.gnu-tools-for-stm32.12.3.rel1.win32_1.0.200.202406191623/tools/bin/../lib/gcc/arm-none-eabi/12.3.1/../../../../arm-none-eabi/lib/thumb/v7e-m+fp/hard\libc_nano.a(libc_a-nano-svfprintf.o)
 .rodata._printf_i.str1.1
                0x08011ca9       0x22 D:/Program File 2/ST/STM32CubeIDE_1.16.1/STM32CubeIDE/plugins/com.st.stm32cube.ide.mcu.externaltools.gnu-tools-for-stm32.12.3.rel1.win32_1.0.200.202406191623/tools/bin/../lib/gcc/arm-none-eabi/12.3.1/../../../../arm-none-eabi/lib/thumb/v7e-m+fp/hard\libc_nano.a(libc_a-nano-vfprintf_i.o)
                0x08011ccc                        . = ALIGN (0x4)
 *fill*         0x08011ccb        0x1 

.ARM.extab      0x08011ccc        0x0
                0x08011ccc                        . = ALIGN (0x4)
 *(.ARM.extab* .gnu.linkonce.armextab.*)
                0x08011ccc                        . = ALIGN (0x4)

.ARM            0x08011ccc        0x8
                0x08011ccc                        . = ALIGN (0x4)
                0x08011ccc                        __exidx_start = .
 *(.ARM.exidx*)
 .ARM.exidx     0x08011ccc        0x8 D:/Program File 2/ST/STM32CubeIDE_1.16.1/STM32CubeIDE/plugins/com.st.stm32cube.ide.mcu.externaltools.gnu-tools-for-stm32.12.3.rel1.win32_1.0.200.202406191623/tools/bin/../lib/gcc/arm-none-eabi/12.3.1/../../../../arm-none-eabi/lib/thumb/v7e-m+fp/hard\libc_nano.a(libc_a-strlen.o)
 .ARM.exidx     0x08011cd4        0x0 D:/Program File 2/ST/STM32CubeIDE_1.16.1/STM32CubeIDE/plugins/com.st.stm32cube.ide.mcu.externaltools.gnu-tools-for-stm32.12.3.rel1.win32_1.0.200.202406191623/tools/bin/../lib/gcc/arm-none-eabi/12.3.1/../../../../arm-none-eabi/lib/thumb/v7e-m+fp/hard\libc_nano.a(libc_a-memchr.o)
                                  0x8 (size before relaxing)
 .ARM.exidx     0x08011cd4        0x0 D:/Program File 2/ST/STM32CubeIDE_1.16.1/STM32CubeIDE/plugins/com.st.stm32cube.ide.mcu.externaltools.gnu-tools-for-stm32.12.3.rel1.win32_1.0.200.202406191623/tools/bin/../lib/gcc/arm-none-eabi/12.3.1/thumb/v7e-m+fp/hard\libgcc.a(_udivmoddi4.o)
                                  0x8 (size before relaxing)
                0x08011cd4                        __exidx_end = .
                0x08011cd4                        . = ALIGN (0x4)

.preinit_array  0x08011cd4        0x0
                0x08011cd4                        . = ALIGN (0x4)
                0x08011cd4                        PROVIDE (__preinit_array_start = .)
 *(.preinit_array*)
                0x08011cd4                        PROVIDE (__preinit_array_end = .)
                0x08011cd4                        . = ALIGN (0x4)

.init_array     0x08011cd4        0x4
                0x08011cd4                        . = ALIGN (0x4)
                0x08011cd4                        PROVIDE (__init_array_start = .)
 *(SORT_BY_NAME(.init_array.*))
 *(.init_array*)
 .init_array    0x08011cd4        0x4 D:/Program File 2/ST/STM32CubeIDE_1.16.1/STM32CubeIDE/plugins/com.st.stm32cube.ide.mcu.externaltools.gnu-tools-for-stm32.12.3.rel1.win32_1.0.200.202406191623/tools/bin/../lib/gcc/arm-none-eabi/12.3.1/thumb/v7e-m+fp/hard/crtbegin.o
                0x08011cd8                        PROVIDE (__init_array_end = .)
                0x08011cd8                        . = ALIGN (0x4)

.fini_array     0x08011cd8        0x4
                0x08011cd8                        . = ALIGN (0x4)
                [!provide]                        PROVIDE (__fini_array_start = .)
 *(SORT_BY_NAME(.fini_array.*))
 *(.fini_array*)
 .fini_array    0x08011cd8        0x4 D:/Program File 2/ST/STM32CubeIDE_1.16.1/STM32CubeIDE/plugins/com.st.stm32cube.ide.mcu.externaltools.gnu-tools-for-stm32.12.3.rel1.win32_1.0.200.202406191623/tools/bin/../lib/gcc/arm-none-eabi/12.3.1/thumb/v7e-m+fp/hard/crtbegin.o
                [!provide]                        PROVIDE (__fini_array_end = .)