../Drivers/CMSIS/Include/core_cm4.h:1684:22:__NVIC_EnableIRQ	16	static,ignoring_inline_asm
../Drivers/CMSIS/Include/core_cm4.h:1722:22:__NVIC_DisableIRQ	16	static,ignoring_inline_asm
../Core/Src/bsp_lora.c:20:6:bsp_lora_enter_safe_mode	8	static
../Core/Src/bsp_lora.c:28:6:bsp_lora_exit_safe_mode	8	static
../Core/Src/bsp_lora.c:37:6:STM_LOG	32	static
../Core/Src/bsp_lora.c:44:5:bsp_lora_spi_is_free	4	static
../Core/Src/bsp_lora.c:51:6:bsp_lora_set_receive_mode	8	static
../Core/Src/bsp_lora.c:57:6:bsp_lora_set_cad_mode	8	static
../Core/Src/bsp_lora.c:68:9:bsp_lora_check_cad	16	static
../Core/Src/bsp_lora.c:81:6:bsp_lora_init	64	static
../Core/Src/bsp_lora.c:123:10:checksum_calculate	24	static
../Core/Src/bsp_lora.c:141:6:bsp_lora_send_packet	32	static
../Core/Src/bsp_lora.c:165:5:bsp_lora_get_node_send_packet_index	24	static
../Core/Src/bsp_lora.c:173:5:bsp_lora_check_cmd_in_node_send_packets	24	static
../Core/Src/bsp_lora.c:181:6:bsp_lora_remove_packet_from_node_send_packets	24	static
../Core/Src/bsp_lora.c:188:5:bsp_lora_get_node_receive_packet_index	24	static
../Core/Src/bsp_lora.c:196:5:bsp_lora_get_id_in_node_receive_packets	24	static
../Core/Src/bsp_lora.c:204:5:bsp_lora_check_cmd_in_node_receive_packets	24	static
../Core/Src/bsp_lora.c:212:6:bsp_lora_remove_packet_from_node_receive_packets	24	static
../Core/Src/bsp_lora.c:222:6:bsp_lora_send_packet_to_node	64	static
../Core/Src/bsp_lora.c:264:6:bsp_lora_resend_packet	48	static
../Core/Src/bsp_lora.c:306:13:bsp_lora_handle_payload	16	static
../Core/Src/bsp_lora.c:314:6:bsp_lora_receive_packet	216	static
