../Core/Src/lora_network.c:58:6:lora_network_increase_tickcount	4	static
../Core/Src/lora_network.c:68:5:lora_network_get_class_period	16	static
../Core/Src/lora_network.c:80:6:lora_network_init	32	static
../Core/Src/lora_network.c:109:6:lora_network_disconnect_to_all_nodes_task	80	static
../Core/Src/lora_network.c:251:6:lora_network_connect_to_all_nodes_task	80	static
../Core/Src/lora_network.c:391:6:lora_network_send_read_request_to_all_nodes_task	48	static
../Core/Src/lora_network.c:456:6:lora_network_send_request_stop_scheduler	8	static
../Core/Src/lora_network.c:463:6:lora_network_send_request_start_scheduler	8	static
../Core/Src/lora_network.c:470:6:lora_network_send_request_reset_scheduler	8	static
../Core/Src/lora_network.c:479:6:lora_network_send_request_setup_scheduler	64	static
../Core/Src/lora_network.c:512:6:lora_network_send_request_scheduler	16	static,ignoring_inline_asm
../Core/Src/lora_network.c:527:6:lora_network_handle_last_lora_send_packets_task	24	static
../Core/Src/lora_network.c:576:6:lora_network_response_warning_nodes_task	136	static
../Core/Src/lora_network.c:670:6:lora_network_timer_task	48	static,ignoring_inline_asm
../Core/Src/lora_network.c:707:6:lora_network_save_current_work	48	static
../Core/Src/lora_network.c:791:6:pc_user_cmd_handle	32	static,ignoring_inline_asm
../Core/Src/lora_network.c:847:6:lora_network_cmd_ack_handle	96	static,ignoring_inline_asm
../Core/Src/lora_network.c:1003:6:lora_network_cmd_nack_handle	56	static,ignoring_inline_asm
../Core/Src/lora_network.c:1109:6:lora_network_cmd_warning_handle	48	static,ignoring_inline_asm
../Core/Src/lora_network.c:1140:6:lora_network_receive_packet_handle	8	static
../Core/Src/lora_network.c:1155:6:lora_network_irq_handle	16	static
