../Core/Src/lora_network.c:55:6:lora_network_increase_tickcount	4	static
../Core/Src/lora_network.c:64:5:lora_network_get_class_period	16	static
../Core/Src/lora_network.c:76:6:lora_network_init	32	static
../Core/Src/lora_network.c:104:6:lora_network_disconnect_to_all_nodes_task	80	static
../Core/Src/lora_network.c:243:6:lora_network_connect_to_all_nodes_task	80	static
../Core/Src/lora_network.c:381:6:lora_network_send_read_request_to_all_nodes_task	48	static
../Core/Src/lora_network.c:439:6:lora_network_send_request_stop_scheduler	8	static
../Core/Src/lora_network.c:446:6:lora_network_send_request_start_scheduler	8	static
../Core/Src/lora_network.c:453:6:lora_network_send_request_reset_scheduler	8	static
../Core/Src/lora_network.c:462:6:lora_network_send_request_setup_scheduler	16	static
../Core/Src/lora_network.c:483:6:lora_network_send_request_scheduler	16	static,ignoring_inline_asm
../Core/Src/lora_network.c:496:6:lora_network_handle_last_lora_send_packets_task	24	static
../Core/Src/lora_network.c:540:6:lora_network_timer_task	48	static,ignoring_inline_asm
../Core/Src/lora_network.c:574:6:lora_network_save_current_work	48	static
../Core/Src/lora_network.c:656:6:pc_user_cmd_handle	32	static,ignoring_inline_asm
../Core/Src/lora_network.c:712:6:lora_network_cmd_ack_handle	72	static,ignoring_inline_asm
../Core/Src/lora_network.c:839:6:lora_network_cmd_nack_handle	56	static,ignoring_inline_asm
../Core/Src/lora_network.c:948:6:lora_network_receive_packet_handle	8	static
../Core/Src/lora_network.c:960:6:lora_network_irq_handle	16	static
