../Core/Src/lora_network.c:70:6:lora_network_increase_tickcount	4	static
../Core/Src/lora_network.c:90:5:lora_network_get_class_period	16	static
../Core/Src/lora_network.c:102:9:lora_network_connection_processing	4	static
../Core/Src/lora_network.c:109:6:lora_network_init	32	static
../Core/Src/lora_network.c:143:6:lora_network_start_connect_timer	4	static
../Core/Src/lora_network.c:148:6:lora_network_stop_connect_timer	4	static
../Core/Src/lora_network.c:153:6:lora_network_start_disconnect_timer	4	static
../Core/Src/lora_network.c:158:6:lora_network_stop_disconnect_timer	4	static
../Core/Src/lora_network.c:163:6:lora_network_start_read_request_timer	4	static
../Core/Src/lora_network.c:168:6:lora_network_stop_read_request_timer	4	static
../Core/Src/lora_network.c:173:6:pc_user_ack_response	16	static
../Core/Src/lora_network.c:180:6:pc_user_ack_response_connected_node_quantity	56	static
../Core/Src/lora_network.c:196:6:pc_user_send_node_data_to_pc	64	static
../Core/Src/lora_network.c:214:6:pc_user_send_data_to_pc_task	136	static
../Core/Src/lora_network.c:243:6:lora_network_disconnect_to_all_nodes_task	72	static
../Core/Src/lora_network.c:402:6:lora_network_connect_to_all_nodes_task	40	static
../Core/Src/lora_network.c:551:6:lora_network_send_read_request_to_all_nodes_task	40	static
../Core/Src/lora_network.c:647:6:lora_network_send_request_stop_scheduler	8	static
../Core/Src/lora_network.c:654:6:lora_network_send_request_start_scheduler	8	static
../Core/Src/lora_network.c:661:6:lora_network_send_request_reset_scheduler	8	static
../Core/Src/lora_network.c:670:6:lora_network_send_request_setup_scheduler	72	static
../Core/Src/lora_network.c:706:6:lora_network_send_request_scheduler	16	static,ignoring_inline_asm
../Core/Src/lora_network.c:724:6:lora_network_handle_last_lora_send_packets_task	24	static
../Core/Src/lora_network.c:770:6:lora_network_response_warning_nodes_task	152	static
../Core/Src/lora_network.c:890:6:lora_network_timer_connect_task	32	static
../Core/Src/lora_network.c:927:6:lora_network_timer_disconnect_task	32	static
../Core/Src/lora_network.c:940:6:lora_network_timer_read_request_task	32	static
../Core/Src/lora_network.c:956:6:lora_network_save_current_work	48	static
../Core/Src/lora_network.c:1068:6:pc_user_cmd_handle	32	static,ignoring_inline_asm
../Core/Src/lora_network.c:1135:6:lora_network_cmd_ack_handle	80	static,ignoring_inline_asm
../Core/Src/lora_network.c:1302:6:lora_network_cmd_nack_handle	56	static,ignoring_inline_asm
../Core/Src/lora_network.c:1409:6:lora_network_cmd_warning_handle	48	static,ignoring_inline_asm
../Core/Src/lora_network.c:1438:6:lora_network_receive_packet_handle	8	static
../Core/Src/lora_network.c:1453:6:lora_network_irq_handle	16	static
../Core/Src/lora_network.c:1471:6:lora_network_timer_handle	16	static
