../Core/Src/main.c:78:6:HAL_GPIO_EXTI_Callback	32	static
../Core/Src/main.c:132:5:main	8	static
../Core/Src/main.c:216:6:SystemClock_Config	88	static
../Core/Src/main.c:262:13:MX_I2C1_Init	8	static
../Core/Src/main.c:296:13:MX_SPI1_Init	8	static
../Core/Src/main.c:334:13:MX_TIM2_Init	32	static
../Core/Src/main.c:379:13:MX_TIM4_Init	32	static
../Core/Src/main.c:424:13:MX_USART1_UART_Init	8	static
../Core/Src/main.c:457:13:MX_USART2_UART_Init	8	static
../Core/Src/main.c:490:13:MX_GPIO_Init	40	static
../Core/Src/main.c:541:6:vApplicationIdleHook	4	static
../Core/Src/main.c:555:6:StartDefaultTask	16	static
../Core/Src/main.c:575:6:HAL_TIM_PeriodElapsedCallback	16	static
../Core/Src/main.c:598:6:Error_Handler	4	static,ignoring_inline_asm
