../Core/Src/main.c:78:6:HAL_GPIO_EXTI_Callback	32	static
../Core/Src/main.c:132:5:main	8	static
../Core/Src/main.c:212:6:SystemClock_Config	88	static
../Core/Src/main.c:258:13:MX_I2C1_Init	8	static
../Core/Src/main.c:292:13:MX_SPI1_Init	8	static
../Core/Src/main.c:330:13:MX_TIM2_Init	32	static
../Core/Src/main.c:375:13:MX_USART1_UART_Init	8	static
../Core/Src/main.c:408:13:MX_USART2_UART_Init	8	static
../Core/Src/main.c:441:13:MX_GPIO_Init	40	static
../Core/Src/main.c:492:6:vApplicationIdleHook	4	static
../Core/Src/main.c:506:6:StartDefaultTask	16	static
../Core/Src/main.c:527:6:HAL_TIM_PeriodElapsedCallback	16	static
../Core/Src/main.c:546:6:Error_Handler	4	static,ignoring_inline_asm
